117.12.47.20 - - [20/Feb/2015:21:05:13 +0800] "POST /restaurant/image.json HTTP/1.1" 200 350 "-" "she jian lu xing/1.11 (iPhone; iOS 8.1.3; Scale/2.00)"
119.185.24.144 - - [20/Feb/2015:21:05:18 +0800] "POST /restaurant/coor/search.json HTTP/1.1" 200 4539 "-" "-"
119.185.24.144 - - [20/Feb/2015:21:05:33 +0800] "POST /restaurant/detail.json HTTP/1.1" 200 7551 "-" "-"
119.185.24.144 - - [20/Feb/2015:21:05:48 +0800] "POST /comment/list.json HTTP/1.1" 200 1887 "-" "-"
119.185.24.144 - - [20/Feb/2015:21:06:18 +0800] "POST /restaurant/detail.json HTTP/1.1" 200 5994 "-" "-"
119.185.24.144 - - [20/Feb/2015:21:06:33 +0800] "POST /comment/list.json HTTP/1.1" 200 1825 "-" "-"
119.185.24.144 - - [20/Feb/2015:21:06:33 +0800] "POST /comment/list.json HTTP/1.1" 200 1825 "-" "-"
119.185.24.144 - - [20/Feb/2015:21:07:51 +0800] "POST /restaurant/coor/search.json HTTP/1.1" 200 4964 "-" "-"
119.185.24.144 - - [20/Feb/2015:21:07:59 +0800] "POST /restaurant/detail.json HTTP/1.1" 200 8049 "-" "-"
119.185.24.144 - - [20/Feb/2015:21:08:21 +0800] "POST /comment/list.json HTTP/1.1" 200 2082 "-" "-"
119.185.24.144 - - [20/Feb/2015:21:09:08 +0800] "POST /restaurant/detail.json HTTP/1.1" 200 5711 "-" "-"
119.185.24.144 - - [20/Feb/2015:21:09:26 +0800] "POST /comment/list.json HTTP/1.1" 200 1500 "-" "-"
119.185.24.144 - - [20/Feb/2015:21:09:58 +0800] "POST /restaurant/coor/search.json HTTP/1.1" 200 5249 "-" "-"
60.10.97.77 - - [20/Feb/2015:21:09:59 +0800] "POST /city/list.json HTTP/1.1" 200 1821 "-" "-"
60.10.97.77 - - [20/Feb/2015:21:10:01 +0800] "POST /city/info.json HTTP/1.1" 200 13291 "-" "-"
60.10.97.77 - - [20/Feb/2015:21:10:05 +0800] "POST /city/info.json HTTP/1.1" 200 13291 "-" "-"
119.185.24.144 - - [20/Feb/2015:21:10:05 +0800] "POST /restaurant/coor/search.json HTTP/1.1" 200 4754 "-" "-"
60.10.97.77 - - [20/Feb/2015:21:10:17 +0800] "POST /city/list.json HTTP/1.1" 200 1821 "-" "-"
119.185.24.144 - - [20/Feb/2015:21:10:19 +0800] "POST /restaurant/detail.json HTTP/1.1" 200 6206 "-" "-"
60.10.97.77 - - [20/Feb/2015:21:10:22 +0800] "POST /city/info.json HTTP/1.1" 200 13591 "-" "-"
60.10.97.77 - - [20/Feb/2015:21:10:33 +0800] "POST /restaurant/search.json HTTP/1.1" 200 6240 "-" "-"
60.10.97.77 - - [20/Feb/2015:21:10:36 +0800] "GET /google/map/api?latitude=40.034903&longitude=116.405934 HTTP/1.1" 200 19 "-" "-"
222.85.88.145 - - [20/Feb/2015:21:10:45 +0800] "GET /google/map/api?latitude=35.774378&longitude=115.097844 HTTP/1.1" 200 19 "-" "-"
60.10.97.77 - - [20/Feb/2015:21:10:50 +0800] "POST /restaurant/search.json HTTP/1.1" 200 1985 "-" "-"
119.185.24.144 - - [20/Feb/2015:21:10:52 +0800] "POST /comment/list.json HTTP/1.1" 200 1805 "-" "-"
60.10.97.77 - - [20/Feb/2015:21:11:06 +0800] "POST /restaurant/detail.json HTTP/1.1" 200 5750 "-" "-"
60.10.97.77 - - [20/Feb/2015:21:11:28 +0800] "POST /restaurant/image.json HTTP/1.1" 200 380 "-" "-"
60.10.97.77 - - [20/Feb/2015:21:11:33 +0800] "POST /restaurant/image.json HTTP/1.1" 200 412 "-" "-"
119.185.24.144 - - [20/Feb/2015:21:11:34 +0800] "POST /restaurant/detail.json HTTP/1.1" 200 6580 "-" "-"
211.140.18.122 - - [20/Feb/2015:21:11:42 +0800] "GET /google/map/api?latitude=28.463668&longitude=121.25119 HTTP/1.1" 200 19 "-" "-"
119.185.24.144 - - [20/Feb/2015:21:11:55 +0800] "POST /restaurant/detail.json HTTP/1.1" 200 6305 "-" "-"
61.48.217.2 - - [20/Feb/2015:21:12:04 +0800] "POST /restaurant/search.json HTTP/1.1" 200 5019 "-" "she jian lu xing/1.11 (iPhone; iOS 7.1.1; Scale/2.00)"
60.10.97.77 - - [20/Feb/2015:21:12:05 +0800] "POST /restaurant/search.json HTTP/1.1" 200 2026 "-" "-"
60.10.97.77 - - [20/Feb/2015:21:12:13 +0800] "POST /restaurant/search.json HTTP/1.1" 200 1637 "-" "-"
119.185.24.144 - - [20/Feb/2015:21:12:21 +0800] "POST /city/info.json HTTP/1.1" 200 14644 "-" "-"
60.10.97.77 - - [20/Feb/2015:21:12:23 +0800] "POST /restaurant/search.json HTTP/1.1" 200 2087 "-" "-"
61.48.217.2 - - [20/Feb/2015:21:12:30 +0800] "POST /restaurant/search.json HTTP/1.1" 200 5014 "-" "she jian lu xing/1.11 (iPhone; iOS 7.1.1; Scale/2.00)"
60.10.97.77 - - [20/Feb/2015:21:12:37 +0800] "POST /city/info.json HTTP/1.1" 200 14626 "-" "-"
119.185.24.144 - - [20/Feb/2015:21:12:37 +0800] "POST /restaurant/coor/search.json HTTP/1.1" 200 5014 "-" "-"
119.185.24.144 - - [20/Feb/2015:21:12:44 +0800] "POST /restaurant/search.json HTTP/1.1" 200 3461 "-" "-"
60.10.97.77 - - [20/Feb/2015:21:12:48 +0800] "POST /restaurant/search.json HTTP/1.1" 200 4679 "-" "-"
60.10.97.77 - - [20/Feb/2015:21:12:54 +0800] "POST /restaurant/detail.json HTTP/1.1" 200 4793 "-" "-"
119.185.24.144 - - [20/Feb/2015:21:13:00 +0800] "POST /restaurant/detail.json HTTP/1.1" 200 6697 "-" "-"
60.10.97.77 - - [20/Feb/2015:21:13:15 +0800] "POST /restaurant/search.json HTTP/1.1" 200 4447 "-" "-"
119.185.24.144 - - [20/Feb/2015:21:13:19 +0800] "POST /restaurant/detail.json HTTP/1.1" 200 6704 "-" "-"
60.10.97.77 - - [20/Feb/2015:21:13:26 +0800] "POST /restaurant/search.json HTTP/1.1" 200 3030 "-" "-"
60.10.97.77 - - [20/Feb/2015:21:13:36 +0800] "POST /restaurant/search.json HTTP/1.1" 200 2839 "-" "-"
60.10.97.77 - - [20/Feb/2015:21:13:50 +0800] "POST /restaurant/detail.json HTTP/1.1" 200 3850 "-" "-"
60.10.97.77 - - [20/Feb/2015:21:13:55 +0800] "POST /restaurant/search.json HTTP/1.1" 200 2927 "-" "-"
218.79.109.73 - - [20/Feb/2015:21:14:02 +0800] "POST /city/list.json HTTP/1.1" 200 1821 "-" "-"
218.79.109.73 - - [20/Feb/2015:21:14:02 +0800] "GET /google/map/api?latitude=31.33159&longitude=121.435594 HTTP/1.1" 200 19 "-" "-"
218.79.109.73 - - [20/Feb/2015:21:14:05 +0800] "POST /city/list.json HTTP/1.1" 200 1821 "-" "-"
60.10.97.77 - - [20/Feb/2015:21:14:08 +0800] "POST /restaurant/search.json HTTP/1.1" 200 2866 "-" "-"
61.48.217.2 - - [20/Feb/2015:21:14:14 +0800] "POST /restaurant/search.json HTTP/1.1" 200 5019 "-" "she jian lu xing/1.11 (iPhone; iOS 7.1.1; Scale/2.00)"
119.185.24.144 - - [20/Feb/2015:21:14:22 +0800] "POST /city/info.json HTTP/1.1" 200 14080 "-" "-"
60.10.97.77 - - [20/Feb/2015:21:14:26 +0800] "POST /restaurant/search.json HTTP/1.1" 200 2819 "-" "-"
61.170.216.211 - - [20/Feb/2015:21:14:38 +0800] "GET /google/map/api?latitude=31.200605&longitude=121.423973 HTTP/1.1" 200 19 "-" "-"
60.10.97.77 - - [20/Feb/2015:21:14:46 +0800] "POST /restaurant/search.json HTTP/1.1" 200 2931 "-" "-"
119.185.24.144 - - [20/Feb/2015:21:14:49 +0800] "POST /restaurant/search.json HTTP/1.1" 200 4607 "-" "-"
119.185.24.144 - - [20/Feb/2015:21:14:56 +0800] "POST /restaurant/detail.json HTTP/1.1" 200 6836 "-" "-"
211.140.4.157 - - [20/Feb/2015:21:15:03 +0800] "POST /city/list.json HTTP/1.1" 200 1821 "-" "-"
211.140.4.157 - - [20/Feb/2015:21:15:06 +0800] "POST /city/list.json HTTP/1.1" 200 1821 "-" "-"
119.185.24.144 - - [20/Feb/2015:21:15:16 +0800] "POST /comment/list.json HTTP/1.1" 200 2558 "-" "-"
211.140.4.157 - - [20/Feb/2015:21:15:26 +0800] "POST /city/info.json HTTP/1.1" 200 13291 "-" "-"
211.140.4.157 - - [20/Feb/2015:21:15:30 +0800] "POST /city/info.json HTTP/1.1" 200 13291 "-" "-"
182.92.71.179 - - [20/Feb/2015:21:15:41 +0800] "POST /article/detail.json HTTP/1.0" 200 7893 "-" "MyAgent/1.0"
27.157.212.96 - - [20/Feb/2015:21:16:19 +0800] "POST /city/info.json HTTP/1.1" 200 13291 "-" "-"
27.157.212.96 - - [20/Feb/2015:21:16:23 +0800] "POST /city/info.json HTTP/1.1" 200 13291 "-" "-"
119.185.24.144 - - [20/Feb/2015:21:16:27 +0800] "POST /city/info.json HTTP/1.1" 200 8746 "-" "-"
175.170.116.97 - - [20/Feb/2015:21:17:04 +0800] "GET /google/map/api?latitude=39.397271&longitude=122.335665 HTTP/1.1" 200 19 "-" "-"
119.185.24.144 - - [20/Feb/2015:21:17:10 +0800] "POST /city/info.json HTTP/1.1" 200 6651 "-" "-"
119.185.24.144 - - [20/Feb/2015:21:17:33 +0800] "POST /city/info.json HTTP/1.1" 200 5237 "-" "-"
119.185.24.144 - - [20/Feb/2015:21:17:57 +0800] "POST /city/info.json HTTP/1.1" 200 13591 "-" "-"
119.185.24.144 - - [20/Feb/2015:21:18:35 +0800] "POST /restaurant/search.json HTTP/1.1" 200 5227 "-" "-"
119.185.24.144 - - [20/Feb/2015:21:18:47 +0800] "POST /restaurant/search.json HTTP/1.1" 200 3860 "-" "-"
119.185.24.144 - - [20/Feb/2015:21:19:44 +0800] "POST /city/info.json HTTP/1.1" 200 7954 "-" "-"
119.185.24.144 - - [20/Feb/2015:21:19:58 +0800] "POST /restaurant/search.json HTTP/1.1" 200 4892 "-" "-"
218.87.131.163 - - [20/Feb/2015:21:20:13 +0800] "POST /city/info.json HTTP/1.1" 200 14626 "-" "-"
218.87.131.163 - - [20/Feb/2015:21:20:17 +0800] "POST /city/info.json HTTP/1.1" 200 14626 "-" "-"
119.185.24.144 - - [20/Feb/2015:21:20:19 +0800] "POST /restaurant/search.json HTTP/1.1" 200 4728 "-" "-"
218.87.131.163 - - [20/Feb/2015:21:20:20 +0800] "POST /city/list.json HTTP/1.1" 200 1821 "-" "-"
218.87.131.163 - - [20/Feb/2015:21:20:44 +0800] "POST /city/info.json HTTP/1.1" 200 14626 "-" "-"
119.185.24.144 - - [20/Feb/2015:21:21:18 +0800] "POST /restaurant/detail.json HTTP/1.1" 200 2819 "-" "-"
119.185.24.144 - - [20/Feb/2015:21:21:35 +0800] "POST /restaurant/image.json HTTP/1.1" 200 69 "-" "-"
119.185.24.144 - - [20/Feb/2015:21:21:59 +0800] "POST /restaurant/image.json HTTP/1.1" 200 69 "-" "-"
119.185.24.144 - - [20/Feb/2015:21:22:09 +0800] "POST /restaurant/search.json HTTP/1.1" 200 1116 "-" "-"
218.87.131.163 - - [20/Feb/2015:21:22:48 +0800] "POST /city/info.json HTTP/1.1" 200 14626 "-" "-"
218.87.131.163 - - [20/Feb/2015:21:22:52 +0800] "POST /city/info.json HTTP/1.1" 200 14626 "-" "-"
221.11.77.242 - - [20/Feb/2015:21:23:08 +0800] "POST /application/list.json HTTP/1.1" 200 1381 "-" "she jian lu xing/1.11 (iPhone; iOS 8.1.3; Scale/2.00)"
221.11.77.242 - - [20/Feb/2015:21:23:14 +0800] "POST /city/version.json HTTP/1.1" 200 70 "-" "she jian lu xing/1.11 (iPhone; iOS 8.1.3; Scale/2.00)"
221.11.77.242 - - [20/Feb/2015:21:23:14 +0800] "POST /city/list.json HTTP/1.1" 200 1821 "-" "she jian lu xing/1.11 (iPhone; iOS 8.1.3; Scale/2.00)"
221.11.77.242 - - [20/Feb/2015:21:23:27 +0800] "POST /city/info.json HTTP/1.1" 200 13591 "-" "she jian lu xing/1.11 (iPhone; iOS 8.1.3; Scale/2.00)"
221.11.77.242 - - [20/Feb/2015:21:23:36 +0800] "POST /restaurant/search.json HTTP/1.1" 200 3931 "-" "she jian lu xing/1.11 (iPhone; iOS 8.1.3; Scale/2.00)"
220.176.39.234 - - [20/Feb/2015:21:23:51 +0800] "POST /restaurant/search.json HTTP/1.1" 200 824 "-" "-"
220.176.39.234 - - [20/Feb/2015:21:23:58 +0800] "POST /restaurant/search.json HTTP/1.1" 200 83 "-" "-"
220.176.39.234 - - [20/Feb/2015:21:24:12 +0800] "POST /restaurant/search.json HTTP/1.1" 200 83 "-" "-"
220.176.39.234 - - [20/Feb/2015:21:24:16 +0800] "POST /city/info.json HTTP/1.1" 200 14626 "-" "-"
221.11.77.242 - - [20/Feb/2015:21:24:29 +0800] "POST /restaurant/search.json HTTP/1.1" 200 1330 "-" "she jian lu xing/1.11 (iPhone; iOS 8.1.3; Scale/2.00)"
220.176.39.234 - - [20/Feb/2015:21:24:37 +0800] "POST /city/info.json HTTP/1.1" 200 14626 "-" "-"
220.176.39.234 - - [20/Feb/2015:21:24:41 +0800] "POST /city/info.json HTTP/1.1" 200 14626 "-" "-"
221.11.77.242 - - [20/Feb/2015:21:24:47 +0800] "POST /restaurant/search.json HTTP/1.1" 200 6315 "-" "she jian lu xing/1.11 (iPhone; iOS 8.1.3; Scale/2.00)"
220.176.39.234 - - [20/Feb/2015:21:24:56 +0800] "POST /city/info.json HTTP/1.1" 200 14626 "-" "-"
221.11.77.242 - - [20/Feb/2015:21:25:08 +0800] "POST /restaurant/search.json HTTP/1.1" 200 5178 "-" "she jian lu xing/1.11 (iPhone; iOS 8.1.3; Scale/2.00)"
221.11.77.242 - - [20/Feb/2015:21:25:24 +0800] "POST /restaurant/search.json HTTP/1.1" 200 5554 "-" "she jian lu xing/1.11 (iPhone; iOS 8.1.3; Scale/2.00)"
49.75.69.42 - - [20/Feb/2015:21:25:36 +0800] "POST /city/list.json HTTP/1.1" 200 1821 "-" "-"
221.11.77.242 - - [20/Feb/2015:21:25:36 +0800] "POST /city/version.json HTTP/1.1" 200 70 "-" "she jian lu xing/1.11 (iPhone; iOS 8.1.3; Scale/2.00)"
221.11.77.242 - - [20/Feb/2015:21:25:38 +0800] "POST /city/info.json HTTP/1.1" 200 10476 "-" "she jian lu xing/1.11 (iPhone; iOS 8.1.3; Scale/2.00)"
49.75.69.42 - - [20/Feb/2015:21:25:40 +0800] "POST /city/list.json HTTP/1.1" 200 1821 "-" "-"
221.11.77.242 - - [20/Feb/2015:21:26:03 +0800] "POST /restaurant/search.json HTTP/1.1" 200 2396 "-" "she jian lu xing/1.11 (iPhone; iOS 8.1.3; Scale/2.00)"
223.247.252.116 - - [20/Feb/2015:21:26:30 +0800] "POST /application/list.json HTTP/1.1" 200 1381 "-" "she jian lu xing/1.11 (iPhone; iOS 8.1.3; Scale/2.00)"
223.247.252.116 - - [20/Feb/2015:21:26:37 +0800] "GET /google/map/api?latitude=30.927347&longitude=117.779854 HTTP/1.1" 200 19 "-" "she jian lu xing/1.11 (iPhone; iOS 8.1.3; Scale/2.00)"
223.247.252.116 - - [20/Feb/2015:21:26:40 +0800] "POST /city/version.json HTTP/1.1" 200 70 "-" "she jian lu xing/1.11 (iPhone; iOS 8.1.3; Scale/2.00)"
223.247.252.116 - - [20/Feb/2015:21:26:40 +0800] "POST /city/list.json HTTP/1.1" 200 1821 "-" "she jian lu xing/1.11 (iPhone; iOS 8.1.3; Scale/2.00)"
180.235.34.73 - - [20/Feb/2015:21:26:43 +0800] "POST /application/list.json HTTP/1.1" 200 1381 "-" "she jian lu xing/1.11 (iPhone; iOS 8.1.3; Scale/2.00)"
223.247.252.116 - - [20/Feb/2015:21:26:44 +0800] "POST /city/info.json HTTP/1.1" 200 13591 "-" "she jian lu xing/1.11 (iPhone; iOS 8.1.3; Scale/2.00)"
223.247.252.116 - - [20/Feb/2015:21:26:51 +0800] "POST /restaurant/coor/search.json HTTP/1.1" 200 5399 "-" "she jian lu xing/1.11 (iPhone; iOS 8.1.3; Scale/2.00)"
223.247.252.116 - - [20/Feb/2015:21:27:12 +0800] "POST /restaurant/coor/search.json HTTP/1.1" 200 5136 "-" "she jian lu xing/1.11 (iPhone; iOS 8.1.3; Scale/2.00)"
223.247.252.116 - - [20/Feb/2015:21:27:32 +0800] "POST /city/version.json HTTP/1.1" 200 70 "-" "she jian lu xing/1.11 (iPhone; iOS 8.1.3; Scale/2.00)"
223.247.252.116 - - [20/Feb/2015:21:27:40 +0800] "POST /city/info.json HTTP/1.1" 200 10476 "-" "she jian lu xing/1.11 (iPhone; iOS 8.1.3; Scale/2.00)"
223.247.252.116 - - [20/Feb/2015:21:27:53 +0800] "POST /city/version.json HTTP/1.1" 200 70 "-" "she jian lu xing/1.11 (iPhone; iOS 8.1.3; Scale/2.00)"
120.88.255.123 - - [20/Feb/2015:21:28:22 +0800] "POST /city/list.json HTTP/1.1" 200 1821 "-" "-"
120.88.255.123 - - [20/Feb/2015:21:29:41 +0800] "POST /city/list.json HTTP/1.1" 200 1821 "-" "-"
182.171.73.253 - - [20/Feb/2015:21:29:59 +0800] "POST /application/list.json HTTP/1.1" 200 1381 "-" "she jian lu xing/1.11 (iPhone; iOS 8.1.3; Scale/2.00)"
182.171.73.253 - - [20/Feb/2015:21:30:08 +0800] "POST /restaurant/search.json HTTP/1.1" 200 4854 "-" "she jian lu xing/1.11 (iPhone; iOS 8.1.3; Scale/2.00)"
220.178.197.170 - - [20/Feb/2015:21:30:15 +0800] "GET /google/map/api?latitude=32.64522&longitude=116.996891 HTTP/1.1" 200 19 "-" "-"
175.170.62.225 - - [20/Feb/2015:21:30:17 +0800] "POST /application/list.json HTTP/1.1" 200 1381 "-" "she jian lu xing/1.11 (iPhone; iOS 7.1.2; Scale/2.00)"
175.170.62.225 - - [20/Feb/2015:21:30:17 +0800] "POST /city/info.json HTTP/1.1" 200 13591 "-" "she jian lu xing/1.11 (iPhone; iOS 7.1.2; Scale/2.00)"
120.88.255.123 - - [20/Feb/2015:21:30:20 +0800] "POST /city/info.json HTTP/1.1" 200 11120 "-" "-"
175.223.15.229 - - [20/Feb/2015:21:30:23 +0800] "GET /google/map/api?latitude=35.85162&longitude=129.20535 HTTP/1.1" 200 19 "-" "-"
120.88.255.123 - - [20/Feb/2015:21:30:24 +0800] "POST /city/info.json HTTP/1.1" 200 11120 "-" "-"
120.88.255.123 - - [20/Feb/2015:21:30:29 +0800] "POST /restaurant/search.json HTTP/1.1" 200 928 "-" "-"
93.33.21.233 - - [20/Feb/2015:21:30:30 +0800] "POST /application/list.json HTTP/1.1" 200 1381 "-" "she jian lu xing/1.11 (iPhone; iOS 8.1.2; Scale/2.00)"
93.33.21.233 - - [20/Feb/2015:21:30:33 +0800] "POST /city/version.json HTTP/1.1" 200 70 "-" "she jian lu xing/1.11 (iPhone; iOS 8.1.2; Scale/2.00)"
120.88.255.123 - - [20/Feb/2015:21:30:34 +0800] "POST /restaurant/search.json HTTP/1.1" 200 83 "-" "-"
93.33.21.233 - - [20/Feb/2015:21:30:35 +0800] "POST /city/list.json HTTP/1.1" 200 1821 "-" "she jian lu xing/1.11 (iPhone; iOS 8.1.2; Scale/2.00)"
120.88.255.123 - - [20/Feb/2015:21:30:35 +0800] "POST /restaurant/search.json HTTP/1.1" 200 83 "-" "-"
120.88.255.123 - - [20/Feb/2015:21:30:42 +0800] "POST /restaurant/search.json HTTP/1.1" 200 4558 "-" "-"
93.33.21.233 - - [20/Feb/2015:21:30:45 +0800] "POST /city/version.json HTTP/1.1" 200 70 "-" "she jian lu xing/1.11 (iPhone; iOS 8.1.2; Scale/2.00)"
182.171.73.253 - - [20/Feb/2015:21:30:53 +0800] "POST /restaurant/search.json HTTP/1.1" 200 4913 "-" "she jian lu xing/1.11 (iPhone; iOS 8.1.3; Scale/2.00)"
93.33.21.233 - - [20/Feb/2015:21:30:58 +0800] "POST /city/info.json HTTP/1.1" 200 14644 "-" "she jian lu xing/1.11 (iPhone; iOS 8.1.2; Scale/2.00)"
182.171.73.253 - - [20/Feb/2015:21:31:13 +0800] "POST /restaurant/search.json HTTP/1.1" 200 2776 "-" "she jian lu xing/1.11 (iPhone; iOS 8.1.3; Scale/2.00)"
36.46.212.26 - - [20/Feb/2015:21:31:18 +0800] "POST /city/list.json HTTP/1.1" 200 1821 "-" "-"
93.33.21.233 - - [20/Feb/2015:21:31:19 +0800] "POST /restaurant/search.json HTTP/1.1" 200 5222 "-" "she jian lu xing/1.11 (iPhone; iOS 8.1.2; Scale/2.00)"
36.46.212.26 - - [20/Feb/2015:21:31:19 +0800] "POST /city/info.json HTTP/1.1" 200 13291 "-" "-"
36.46.212.26 - - [20/Feb/2015:21:31:23 +0800] "POST /city/info.json HTTP/1.1" 200 13291 "-" "-"
120.88.255.123 - - [20/Feb/2015:21:31:26 +0800] "POST /restaurant/coor/search.json HTTP/1.1" 200 5362 "-" "-"
93.33.21.233 - - [20/Feb/2015:21:31:31 +0800] "POST /restaurant/detail.json HTTP/1.1" 200 6043 "-" "she jian lu xing/1.11 (iPhone; iOS 8.1.2; Scale/2.00)"
93.33.21.233 - - [20/Feb/2015:21:31:43 +0800] "POST /restaurant/search.json HTTP/1.1" 200 5222 "-" "she jian lu xing/1.11 (iPhone; iOS 8.1.2; Scale/2.00)"
93.33.21.233 - - [20/Feb/2015:21:31:44 +0800] "POST /restaurant/image.json HTTP/1.1" 200 246 "-" "she jian lu xing/1.11 (iPhone; iOS 8.1.2; Scale/2.00)"
120.88.255.123 - - [20/Feb/2015:21:32:16 +0800] "POST /city/info.json HTTP/1.1" 200 14626 "-" "-"
93.33.21.233 - - [20/Feb/2015:21:32:16 +0800] "POST /restaurant/search.json HTTP/1.1" 200 4990 "-" "she jian lu xing/1.11 (iPhone; iOS 8.1.2; Scale/2.00)"
93.33.21.233 - - [20/Feb/2015:21:32:26 +0800] "POST /city/version.json HTTP/1.1" 200 70 "-" "she jian lu xing/1.11 (iPhone; iOS 8.1.2; Scale/2.00)"
93.33.21.233 - - [20/Feb/2015:21:32:29 +0800] "POST /city/info.json HTTP/1.1" 200 13291 "-" "she jian lu xing/1.11 (iPhone; iOS 8.1.2; Scale/2.00)"
120.88.255.123 - - [20/Feb/2015:21:32:34 +0800] "POST /city/info.json HTTP/1.1" 200 11120 "-" "-"
93.33.21.233 - - [20/Feb/2015:21:32:37 +0800] "POST /article/list.json HTTP/1.1" 200 1206 "-" "she jian lu xing/1.11 (iPhone; iOS 8.1.2; Scale/2.00)"
120.88.255.123 - - [20/Feb/2015:21:32:38 +0800] "POST /city/info.json HTTP/1.1" 200 11120 "-" "-"
120.88.255.123 - - [20/Feb/2015:21:32:41 +0800] "POST /city/list.json HTTP/1.1" 200 1821 "-" "-"
120.88.255.123 - - [20/Feb/2015:21:32:44 +0800] "POST /city/info.json HTTP/1.1" 200 14626 "-" "-"
93.33.21.233 - - [20/Feb/2015:21:33:01 +0800] "POST /restaurant/search.json HTTP/1.1" 200 4854 "-" "she jian lu xing/1.11 (iPhone; iOS 8.1.2; Scale/2.00)"
117.12.47.20 - - [20/Feb/2015:21:33:22 +0800] "POST /city/version.json HTTP/1.1" 200 70 "-" "she jian lu xing/1.11 (iPhone; iOS 8.1.3; Scale/2.00)"
121.31.6.72 - - [20/Feb/2015:21:33:23 +0800] "POST /city/list.json HTTP/1.1" 200 1821 "-" "-"
117.12.47.20 - - [20/Feb/2015:21:33:25 +0800] "POST /city/info.json HTTP/1.1" 200 14080 "-" "she jian lu xing/1.11 (iPhone; iOS 8.1.3; Scale/2.00)"
121.31.6.72 - - [20/Feb/2015:21:33:27 +0800] "POST /city/list.json HTTP/1.1" 200 1821 "-" "-"
117.12.47.20 - - [20/Feb/2015:21:33:28 +0800] "POST /restaurant/search.json HTTP/1.1" 200 5105 "-" "she jian lu xing/1.11 (iPhone; iOS 8.1.3; Scale/2.00)"
117.12.47.20 - - [20/Feb/2015:21:33:36 +0800] "POST /restaurant/detail.json HTTP/1.1" 200 5956 "-" "she jian lu xing/1.11 (iPhone; iOS 8.1.3; Scale/2.00)"
117.12.47.20 - - [20/Feb/2015:21:33:36 +0800] "POST /restaurant/image.json HTTP/1.1" 200 228 "-" "she jian lu xing/1.11 (iPhone; iOS 8.1.3; Scale/2.00)"
120.88.255.123 - - [20/Feb/2015:21:33:37 +0800] "POST /restaurant/search.json HTTP/1.1" 200 3779 "-" "-"
93.33.21.233 - - [20/Feb/2015:21:33:38 +0800] "POST /restaurant/search.json HTTP/1.1" 200 4869 "-" "she jian lu xing/1.11 (iPhone; iOS 8.1.2; Scale/2.00)"
121.31.6.72 - - [20/Feb/2015:21:33:45 +0800] "POST /city/info.json HTTP/1.1" 200 13291 "-" "-"
117.12.47.20 - - [20/Feb/2015:21:33:47 +0800] "POST /restaurant/search.json HTTP/1.1" 200 5030 "-" "she jian lu xing/1.11 (iPhone; iOS 8.1.3; Scale/2.00)"
120.88.255.123 - - [20/Feb/2015:21:33:49 +0800] "POST /restaurant/image.json HTTP/1.1" 200 408 "-" "-"
120.88.255.123 - - [20/Feb/2015:21:33:49 +0800] "POST /restaurant/detail.json HTTP/1.1" 200 5498 "-" "-"
121.31.6.72 - - [20/Feb/2015:21:33:50 +0800] "POST /city/info.json HTTP/1.1" 200 13291 "-" "-"
120.88.255.123 - - [20/Feb/2015:21:34:01 +0800] "POST /restaurant/search.json HTTP/1.1" 200 3438 "-" "-"
93.33.21.233 - - [20/Feb/2015:21:34:01 +0800] "POST /restaurant/search.json HTTP/1.1" 200 5133 "-" "she jian lu xing/1.11 (iPhone; iOS 8.1.2; Scale/2.00)"
120.88.255.123 - - [20/Feb/2015:21:34:10 +0800] "POST /restaurant/search.json HTTP/1.1" 200 3779 "-" "-"
120.88.255.123 - - [20/Feb/2015:21:34:13 +0800] "POST /restaurant/search.json HTTP/1.1" 200 3752 "-" "-"
120.88.255.123 - - [20/Feb/2015:21:34:26 +0800] "POST /restaurant/image.json HTTP/1.1" 200 540 "-" "-"
120.88.255.123 - - [20/Feb/2015:21:34:26 +0800] "POST /restaurant/detail.json HTTP/1.1" 200 5434 "-" "-"
120.88.255.123 - - [20/Feb/2015:21:34:45 +0800] "POST /restaurant/search.json HTTP/1.1" 200 1828 "-" "-"
120.88.255.123 - - [20/Feb/2015:21:35:32 +0800] "POST /restaurant/image.json HTTP/1.1" 499 0 "-" "-"
120.88.255.123 - - [20/Feb/2015:21:35:33 +0800] "POST /restaurant/detail.json HTTP/1.1" 200 4805 "-" "-"
117.12.47.20 - - [20/Feb/2015:21:35:34 +0800] "POST /restaurant/detail.json HTTP/1.1" 200 7018 "-" "she jian lu xing/1.11 (iPhone; iOS 8.1.3; Scale/2.00)"
117.12.47.20 - - [20/Feb/2015:21:35:34 +0800] "POST /restaurant/image.json HTTP/1.1" 200 216 "-" "she jian lu xing/1.11 (iPhone; iOS 8.1.3; Scale/2.00)"
120.88.255.123 - - [20/Feb/2015:21:35:43 +0800] "POST /restaurant/image.json HTTP/1.1" 499 0 "-" "-"
120.88.255.123 - - [20/Feb/2015:21:35:44 +0800] "POST /restaurant/detail.json HTTP/1.1" 499 0 "-" "-"
120.88.255.123 - - [20/Feb/2015:21:35:46 +0800] "POST /city/info.json HTTP/1.1" 200 14626 "-" "-"
119.33.56.103 - - [20/Feb/2015:21:36:02 +0800] "POST /application/list.json HTTP/1.1" 200 1381 "-" "she jian lu xing/1.11 (iPhone; iOS 8.1.3; Scale/2.00)"
119.33.56.103 - - [20/Feb/2015:21:36:06 +0800] "POST /restaurant/search.json HTTP/1.1" 200 5062 "-" "she jian lu xing/1.11 (iPhone; iOS 8.1.3; Scale/2.00)"
119.33.56.103 - - [20/Feb/2015:21:36:20 +0800] "POST /city/version.json HTTP/1.1" 200 70 "-" "she jian lu xing/1.11 (iPhone; iOS 8.1.3; Scale/2.00)"
119.33.56.103 - - [20/Feb/2015:21:36:20 +0800] "POST /city/list.json HTTP/1.1" 200 1821 "-" "she jian lu xing/1.11 (iPhone; iOS 8.1.3; Scale/2.00)"
119.33.56.103 - - [20/Feb/2015:21:36:26 +0800] "POST /restaurant/search.json HTTP/1.1" 200 5062 "-" "she jian lu xing/1.11 (iPhone; iOS 8.1.3; Scale/2.00)"
182.171.73.253 - - [20/Feb/2015:21:36:46 +0800] "POST /restaurant/coor/search.json HTTP/1.1" 200 4815 "-" "she jian lu xing/1.11 (iPhone; iOS 8.1.3; Scale/2.00)"
119.33.56.103 - - [20/Feb/2015:21:36:53 +0800] "POST /restaurant/detail.json HTTP/1.1" 200 5389 "-" "she jian lu xing/1.11 (iPhone; iOS 8.1.3; Scale/2.00)"
119.33.56.103 - - [20/Feb/2015:21:36:53 +0800] "POST /restaurant/image.json HTTP/1.1" 200 240 "-" "she jian lu xing/1.11 (iPhone; iOS 8.1.3; Scale/2.00)"
119.33.56.103 - - [20/Feb/2015:21:37:10 +0800] "POST /restaurant/search.json HTTP/1.1" 200 5049 "-" "she jian lu xing/1.11 (iPhone; iOS 8.1.3; Scale/2.00)"
119.33.56.103 - - [20/Feb/2015:21:37:29 +0800] "POST /restaurant/detail.json HTTP/1.1" 200 5505 "-" "she jian lu xing/1.11 (iPhone; iOS 8.1.3; Scale/2.00)"
119.33.56.103 - - [20/Feb/2015:21:37:29 +0800] "POST /restaurant/image.json HTTP/1.1" 200 203 "-" "she jian lu xing/1.11 (iPhone; iOS 8.1.3; Scale/2.00)"
182.171.73.253 - - [20/Feb/2015:21:37:35 +0800] "POST /restaurant/coor/search.json HTTP/1.1" 200 4787 "-" "she jian lu xing/1.11 (iPhone; iOS 8.1.3; Scale/2.00)"
182.171.73.253 - - [20/Feb/2015:21:37:41 +0800] "POST /restaurant/detail.json HTTP/1.1" 200 5084 "-" "she jian lu xing/1.11 (iPhone; iOS 8.1.3; Scale/2.00)"
182.171.73.253 - - [20/Feb/2015:21:37:41 +0800] "POST /restaurant/image.json HTTP/1.1" 200 203 "-" "she jian lu xing/1.11 (iPhone; iOS 8.1.3; Scale/2.00)"
119.33.56.103 - - [20/Feb/2015:21:37:46 +0800] "POST /restaurant/detail.json HTTP/1.1" 200 5703 "-" "she jian lu xing/1.11 (iPhone; iOS 8.1.3; Scale/2.00)"
119.33.56.103 - - [20/Feb/2015:21:37:47 +0800] "POST /restaurant/image.json HTTP/1.1" 200 203 "-" "she jian lu xing/1.11 (iPhone; iOS 8.1.3; Scale/2.00)"
106.144.97.21 - - [20/Feb/2015:21:38:00 +0800] "POST /application/list.json HTTP/1.1" 200 1381 "-" "she jian lu xing/1.11 (iPhone; iOS 8.1.3; Scale/2.00)"
106.144.97.21 - - [20/Feb/2015:21:38:00 +0800] "GET /google/map/api?latitude=35.703632&longitude=139.771805 HTTP/1.1" 200 11327 "-" "she jian lu xing/1.11 (iPhone; iOS 8.1.3; Scale/2.00)"
121.31.6.72 - - [20/Feb/2015:21:38:01 +0800] "POST /city/info.json HTTP/1.1" 200 12416 "-" "-"
119.33.56.103 - - [20/Feb/2015:21:38:15 +0800] "POST /restaurant/detail.json HTTP/1.1" 200 7021 "-" "she jian lu xing/1.11 (iPhone; iOS 8.1.3; Scale/2.00)"
119.33.56.103 - - [20/Feb/2015:21:38:15 +0800] "POST /restaurant/image.json HTTP/1.1" 200 202 "-" "she jian lu xing/1.11 (iPhone; iOS 8.1.3; Scale/2.00)"
106.144.97.21 - - [20/Feb/2015:21:38:18 +0800] "POST /restaurant/search.json HTTP/1.1" 200 5318 "-" "she jian lu xing/1.11 (iPhone; iOS 8.1.3; Scale/2.00)"
119.33.56.103 - - [20/Feb/2015:21:38:30 +0800] "POST /restaurant/detail.json HTTP/1.1" 200 5110 "-" "she jian lu xing/1.11 (iPhone; iOS 8.1.3; Scale/2.00)"
119.33.56.103 - - [20/Feb/2015:21:38:30 +0800] "POST /restaurant/image.json HTTP/1.1" 200 203 "-" "she jian lu xing/1.11 (iPhone; iOS 8.1.3; Scale/2.00)"
119.33.56.103 - - [20/Feb/2015:21:38:36 +0800] "POST /restaurant/search.json HTTP/1.1" 200 4566 "-" "she jian lu xing/1.11 (iPhone; iOS 8.1.3; Scale/2.00)"
183.18.228.71 - - [20/Feb/2015:21:38:45 +0800] "GET /google/map/api?latitude=23.6106&longitude=116.393454 HTTP/1.1" 200 19 "-" "-"
119.33.56.103 - - [20/Feb/2015:21:38:52 +0800] "POST /restaurant/detail.json HTTP/1.1" 200 7057 "-" "she jian lu xing/1.11 (iPhone; iOS 8.1.3; Scale/2.00)"
119.33.56.103 - - [20/Feb/2015:21:38:52 +0800] "POST /restaurant/image.json HTTP/1.1" 200 203 "-" "she jian lu xing/1.11 (iPhone; iOS 8.1.3; Scale/2.00)"
119.33.56.103 - - [20/Feb/2015:21:39:12 +0800] "POST /restaurant/detail.json HTTP/1.1" 200 5027 "-" "she jian lu xing/1.11 (iPhone; iOS 8.1.3; Scale/2.00)"
119.33.56.103 - - [20/Feb/2015:21:39:12 +0800] "POST /restaurant/image.json HTTP/1.1" 200 203 "-" "she jian lu xing/1.11 (iPhone; iOS 8.1.3; Scale/2.00)"
106.144.97.21 - - [20/Feb/2015:21:39:20 +0800] "POST /restaurant/search.json HTTP/1.1" 200 5318 "-" "she jian lu xing/1.11 (iPhone; iOS 8.1.3; Scale/2.00)"
182.171.73.253 - - [20/Feb/2015:21:39:27 +0800] "POST /restaurant/detail.json HTTP/1.1" 200 7093 "-" "she jian lu xing/1.11 (iPhone; iOS 8.1.3; Scale/2.00)"
182.171.73.253 - - [20/Feb/2015:21:39:27 +0800] "POST /restaurant/image.json HTTP/1.1" 200 203 "-" "she jian lu xing/1.11 (iPhone; iOS 8.1.3; Scale/2.00)"
182.171.73.253 - - [20/Feb/2015:21:39:43 +0800] "POST /restaurant/detail.json HTTP/1.1" 200 4929 "-" "she jian lu xing/1.11 (iPhone; iOS 8.1.3; Scale/2.00)"
182.171.73.253 - - [20/Feb/2015:21:39:43 +0800] "POST /restaurant/image.json HTTP/1.1" 200 332 "-" "she jian lu xing/1.11 (iPhone; iOS 8.1.3; Scale/2.00)"
119.33.56.103 - - [20/Feb/2015:21:40:12 +0800] "POST /comment/list.json HTTP/1.1" 200 1498 "-" "she jian lu xing/1.11 (iPhone; iOS 8.1.3; Scale/2.00)"
119.33.56.103 - - [20/Feb/2015:21:40:13 +0800] "POST /comment/list.json HTTP/1.1" 200 69 "-" "she jian lu xing/1.11 (iPhone; iOS 8.1.3; Scale/2.00)"
119.33.56.103 - - [20/Feb/2015:21:40:15 +0800] "POST /comment/list.json HTTP/1.1" 200 69 "-" "she jian lu xing/1.11 (iPhone; iOS 8.1.3; Scale/2.00)"
182.171.73.253 - - [20/Feb/2015:21:40:33 +0800] "POST /restaurant/coor/search.json HTTP/1.1" 200 2893 "-" "she jian lu xing/1.11 (iPhone; iOS 8.1.3; Scale/2.00)"
121.204.72.239 - - [20/Feb/2015:21:40:34 +0800] "POST /city/list.json HTTP/1.1" 200 1821 "-" "-"
121.204.72.239 - - [20/Feb/2015:21:40:35 +0800] "POST /city/info.json HTTP/1.1" 200 13291 "-" "-"
119.33.56.103 - - [20/Feb/2015:21:40:36 +0800] "POST /eat/wanteat/add.json HTTP/1.1" 200 80 "-" "she jian lu xing/1.11 (iPhone; iOS 8.1.3; Scale/2.00)"
121.204.72.239 - - [20/Feb/2015:21:40:39 +0800] "POST /city/info.json HTTP/1.1" 200 13291 "-" "-"
119.33.56.103 - - [20/Feb/2015:21:40:44 +0800] "POST /restaurant/detail.json HTTP/1.1" 200 6482 "-" "she jian lu xing/1.11 (iPhone; iOS 8.1.3; Scale/2.00)"
119.33.56.103 - - [20/Feb/2015:21:40:44 +0800] "POST /restaurant/image.json HTTP/1.1" 200 203 "-" "she jian lu xing/1.11 (iPhone; iOS 8.1.3; Scale/2.00)"
182.171.73.253 - - [20/Feb/2015:21:40:48 +0800] "POST /restaurant/coor/search.json HTTP/1.1" 200 2872 "-" "she jian lu xing/1.11 (iPhone; iOS 8.1.3; Scale/2.00)"
119.33.56.103 - - [20/Feb/2015:21:41:00 +0800] "POST /restaurant/search.json HTTP/1.1" 200 4859 "-" "she jian lu xing/1.11 (iPhone; iOS 8.1.3; Scale/2.00)"
119.33.56.103 - - [20/Feb/2015:21:41:32 +0800] "POST /restaurant/search.json HTTP/1.1" 200 4518 "-" "she jian lu xing/1.11 (iPhone; iOS 8.1.3; Scale/2.00)"
121.204.72.239 - - [20/Feb/2015:21:41:42 +0800] "GET /google/map/api?latitude=25.852225&longitude=119.564433 HTTP/1.1" 200 19 "-" "-"
119.33.56.103 - - [20/Feb/2015:21:41:52 +0800] "POST /restaurant/detail.json HTTP/1.1" 200 5332 "-" "she jian lu xing/1.11 (iPhone; iOS 8.1.3; Scale/2.00)"
119.33.56.103 - - [20/Feb/2015:21:41:52 +0800] "POST /restaurant/image.json HTTP/1.1" 200 228 "-" "she jian lu xing/1.11 (iPhone; iOS 8.1.3; Scale/2.00)"
121.204.72.239 - - [20/Feb/2015:21:41:53 +0800] "POST /city/list.json HTTP/1.1" 200 1821 "-" "-"
121.204.72.239 - - [20/Feb/2015:21:42:05 +0800] "POST /city/info.json HTTP/1.1" 200 7571 "-" "-"
119.33.56.103 - - [20/Feb/2015:21:42:13 +0800] "POST /restaurant/search.json HTTP/1.1" 200 4932 "-" "she jian lu xing/1.11 (iPhone; iOS 8.1.3; Scale/2.00)"
119.33.56.103 - - [20/Feb/2015:21:42:22 +0800] "POST /restaurant/search.json HTTP/1.1" 200 2863 "-" "she jian lu xing/1.11 (iPhone; iOS 8.1.3; Scale/2.00)"
36.46.212.26 - - [20/Feb/2015:21:42:34 +0800] "GET /google/map/api?latitude=34.242225&longitude=108.939674 HTTP/1.1" 200 19 "-" "-"
119.33.56.103 - - [20/Feb/2015:21:42:38 +0800] "POST /restaurant/search.json HTTP/1.1" 200 2937 "-" "she jian lu xing/1.11 (iPhone; iOS 8.1.3; Scale/2.00)"
119.33.56.103 - - [20/Feb/2015:21:42:57 +0800] "POST /restaurant/search.json HTTP/1.1" 200 2799 "-" "she jian lu xing/1.11 (iPhone; iOS 8.1.3; Scale/2.00)"
119.33.56.103 - - [20/Feb/2015:21:43:06 +0800] "POST /restaurant/detail.json HTTP/1.1" 200 3278 "-" "she jian lu xing/1.11 (iPhone; iOS 8.1.3; Scale/2.00)"
119.33.56.103 - - [20/Feb/2015:21:43:06 +0800] "POST /restaurant/image.json HTTP/1.1" 200 284 "-" "she jian lu xing/1.11 (iPhone; iOS 8.1.3; Scale/2.00)"
119.33.56.103 - - [20/Feb/2015:21:43:23 +0800] "POST /restaurant/search.json HTTP/1.1" 200 3763 "-" "she jian lu xing/1.11 (iPhone; iOS 8.1.3; Scale/2.00)"
119.33.56.103 - - [20/Feb/2015:21:43:37 +0800] "POST /restaurant/detail.json HTTP/1.1" 200 5496 "-" "she jian lu xing/1.11 (iPhone; iOS 8.1.3; Scale/2.00)"
119.33.56.103 - - [20/Feb/2015:21:43:37 +0800] "POST /restaurant/image.json HTTP/1.1" 200 203 "-" "she jian lu xing/1.11 (iPhone; iOS 8.1.3; Scale/2.00)"
119.33.56.103 - - [20/Feb/2015:21:44:00 +0800] "POST /eat/wanteat/add.json HTTP/1.1" 200 80 "-" "she jian lu xing/1.11 (iPhone; iOS 8.1.3; Scale/2.00)"
119.33.56.103 - - [20/Feb/2015:21:44:17 +0800] "POST /restaurant/detail.json HTTP/1.1" 200 4233 "-" "she jian lu xing/1.11 (iPhone; iOS 8.1.3; Scale/2.00)"
119.33.56.103 - - [20/Feb/2015:21:44:17 +0800] "POST /restaurant/image.json HTTP/1.1" 200 226 "-" "she jian lu xing/1.11 (iPhone; iOS 8.1.3; Scale/2.00)"
119.33.56.103 - - [20/Feb/2015:21:44:27 +0800] "POST /eat/wanteat/add.json HTTP/1.1" 200 80 "-" "she jian lu xing/1.11 (iPhone; iOS 8.1.3; Scale/2.00)"
119.33.56.103 - - [20/Feb/2015:21:44:33 +0800] "POST /restaurant/search.json HTTP/1.1" 200 2738 "-" "she jian lu xing/1.11 (iPhone; iOS 8.1.3; Scale/2.00)"
119.33.56.103 - - [20/Feb/2015:21:44:39 +0800] "POST /restaurant/detail.json HTTP/1.1" 200 4004 "-" "she jian lu xing/1.11 (iPhone; iOS 8.1.3; Scale/2.00)"
119.33.56.103 - - [20/Feb/2015:21:44:40 +0800] "POST /restaurant/image.json HTTP/1.1" 200 231 "-" "she jian lu xing/1.11 (iPhone; iOS 8.1.3; Scale/2.00)"
140.184.189.162 - - [20/Feb/2015:21:44:46 +0800] "GET /google/map/api?latitude=44.630607&longitude=-63.580423 HTTP/1.1" 200 19 "-" "-"
119.33.56.103 - - [20/Feb/2015:21:44:56 +0800] "POST /restaurant/detail.json HTTP/1.1" 200 5295 "-" "she jian lu xing/1.11 (iPhone; iOS 8.1.3; Scale/2.00)"
119.33.56.103 - - [20/Feb/2015:21:44:56 +0800] "POST /restaurant/image.json HTTP/1.1" 200 228 "-" "she jian lu xing/1.11 (iPhone; iOS 8.1.3; Scale/2.00)"
175.223.15.229 - - [20/Feb/2015:21:45:05 +0800] "GET /google/map/api?latitude=35.85162&longitude=129.20535 HTTP/1.1" 200 19 "-" "-"
119.33.56.103 - - [20/Feb/2015:21:45:38 +0800] "POST /restaurant/search.json HTTP/1.1" 200 3948 "-" "she jian lu xing/1.11 (iPhone; iOS 8.1.3; Scale/2.00)"
113.74.60.225 - - [20/Feb/2015:21:45:43 +0800] "GET /google/map/api?latitude=22.269787&longitude=113.570954 HTTP/1.1" 200 9374 "-" "-"
119.33.56.103 - - [20/Feb/2015:21:45:58 +0800] "POST /restaurant/detail.json HTTP/1.1" 200 3501 "-" "she jian lu xing/1.11 (iPhone; iOS 8.1.3; Scale/2.00)"
119.33.56.103 - - [20/Feb/2015:21:45:59 +0800] "POST /restaurant/image.json HTTP/1.1" 200 227 "-" "she jian lu xing/1.11 (iPhone; iOS 8.1.3; Scale/2.00)"
211.140.4.133 - - [20/Feb/2015:21:46:05 +0800] "POST /application/list.json HTTP/1.1" 200 1381 "-" "she jian lu xing/1.11 (iPhone; iOS 8.1.3; Scale/2.00)"
211.140.4.133 - - [20/Feb/2015:21:46:09 +0800] "GET /google/map/api?latitude=29.893827&longitude=121.523140 HTTP/1.1" 200 19 "-" "she jian lu xing/1.11 (iPhone; iOS 8.1.3; Scale/2.00)"
119.33.56.103 - - [20/Feb/2015:21:46:09 +0800] "POST /restaurant/search.json HTTP/1.1" 200 3281 "-" "she jian lu xing/1.11 (iPhone; iOS 8.1.3; Scale/2.00)"
119.33.56.103 - - [20/Feb/2015:21:46:11 +0800] "POST /restaurant/detail.json HTTP/1.1" 200 5931 "-" "she jian lu xing/1.11 (iPhone; iOS 8.1.3; Scale/2.00)"
119.33.56.103 - - [20/Feb/2015:21:46:11 +0800] "POST /restaurant/image.json HTTP/1.1" 200 204 "-" "she jian lu xing/1.11 (iPhone; iOS 8.1.3; Scale/2.00)"
211.140.4.133 - - [20/Feb/2015:21:46:11 +0800] "POST /city/version.json HTTP/1.1" 200 70 "-" "she jian lu xing/1.11 (iPhone; iOS 8.1.3; Scale/2.00)"
211.140.4.133 - - [20/Feb/2015:21:46:11 +0800] "POST /city/list.json HTTP/1.1" 200 1821 "-" "she jian lu xing/1.11 (iPhone; iOS 8.1.3; Scale/2.00)"
211.140.4.133 - - [20/Feb/2015:21:46:22 +0800] "POST /city/info.json HTTP/1.1" 200 14080 "-" "she jian lu xing/1.11 (iPhone; iOS 8.1.3; Scale/2.00)"
211.140.4.133 - - [20/Feb/2015:21:46:26 +0800] "POST /restaurant/search.json HTTP/1.1" 200 5189 "-" "she jian lu xing/1.11 (iPhone; iOS 8.1.3; Scale/2.00)"
119.33.56.103 - - [20/Feb/2015:21:46:34 +0800] "POST /restaurant/detail.json HTTP/1.1" 200 5958 "-" "she jian lu xing/1.11 (iPhone; iOS 8.1.3; Scale/2.00)"
119.33.56.103 - - [20/Feb/2015:21:46:34 +0800] "POST /restaurant/image.json HTTP/1.1" 200 204 "-" "she jian lu xing/1.11 (iPhone; iOS 8.1.3; Scale/2.00)"
113.74.60.225 - - [20/Feb/2015:21:46:50 +0800] "POST /restaurant/search.json HTTP/1.1" 200 4558 "-" "-"
113.74.60.225 - - [20/Feb/2015:21:46:53 +0800] "POST /restaurant/search.json HTTP/1.1" 200 83 "-" "-"
113.74.60.225 - - [20/Feb/2015:21:47:01 +0800] "POST /restaurant/search.json HTTP/1.1" 200 83 "-" "-"
113.74.60.225 - - [20/Feb/2015:21:47:07 +0800] "POST /restaurant/search.json HTTP/1.1" 200 4633 "-" "-"
211.140.4.133 - - [20/Feb/2015:21:47:08 +0800] "POST /restaurant/detail.json HTTP/1.1" 200 5362 "-" "she jian lu xing/1.11 (iPhone; iOS 8.1.3; Scale/2.00)"
211.140.4.133 - - [20/Feb/2015:21:47:08 +0800] "POST /restaurant/image.json HTTP/1.1" 200 290 "-" "she jian lu xing/1.11 (iPhone; iOS 8.1.3; Scale/2.00)"
61.48.217.2 - - [20/Feb/2015:21:47:17 +0800] "POST /application/list.json HTTP/1.1" 200 1381 "-" "she jian lu xing/1.11 (iPhone; iOS 7.1.1; Scale/2.00)"
61.48.217.2 - - [20/Feb/2015:21:47:19 +0800] "POST /city/info.json HTTP/1.1" 200 14626 "-" "she jian lu xing/1.11 (iPhone; iOS 7.1.1; Scale/2.00)"
61.48.217.2 - - [20/Feb/2015:21:47:19 +0800] "GET /google/map/api?latitude=39.910976&longitude=116.423691 HTTP/1.1" 200 19 "-" "she jian lu xing/1.11 (iPhone; iOS 7.1.1; Scale/2.00)"
113.74.60.225 - - [20/Feb/2015:21:47:20 +0800] "POST /restaurant/detail.json HTTP/1.1" 200 5623 "-" "-"
119.62.72.27 - - [20/Feb/2015:21:47:25 +0800] "GET /google/map/api?latitude=23.875628&longitude=100.087027 HTTP/1.1" 200 19 "-" "-"
61.48.217.2 - - [20/Feb/2015:21:47:29 +0800] "POST /restaurant/search.json HTTP/1.1" 200 5024 "-" "she jian lu xing/1.11 (iPhone; iOS 7.1.1; Scale/2.00)"
61.48.217.2 - - [20/Feb/2015:21:47:40 +0800] "POST /restaurant/coor/search.json HTTP/1.1" 200 4910 "-" "she jian lu xing/1.11 (iPhone; iOS 7.1.1; Scale/2.00)"
61.48.217.2 - - [20/Feb/2015:21:47:44 +0800] "POST /restaurant/detail.json HTTP/1.1" 200 5185 "-" "she jian lu xing/1.11 (iPhone; iOS 7.1.1; Scale/2.00)"
61.48.217.2 - - [20/Feb/2015:21:47:44 +0800] "POST /restaurant/image.json HTTP/1.1" 200 231 "-" "she jian lu xing/1.11 (iPhone; iOS 7.1.1; Scale/2.00)"
113.74.60.225 - - [20/Feb/2015:21:47:48 +0800] "POST /restaurant/detail.json HTTP/1.1" 200 5623 "-" "-"
113.74.60.225 - - [20/Feb/2015:21:47:52 +0800] "POST /restaurant/image.json HTTP/1.1" 200 523 "-" "-"
175.170.116.97 - - [20/Feb/2015:21:47:59 +0800] "GET /google/map/api?latitude=39.398119&longitude=122.336038 HTTP/1.1" 200 19 "-" "-"
211.140.4.133 - - [20/Feb/2015:21:48:01 +0800] "POST /comment/list.json HTTP/1.1" 200 2670 "-" "she jian lu xing/1.11 (iPhone; iOS 8.1.3; Scale/2.00)"
113.74.60.225 - - [20/Feb/2015:21:48:12 +0800] "POST /article/list.json HTTP/1.1" 200 624 "-" "-"
211.140.4.133 - - [20/Feb/2015:21:48:14 +0800] "POST /comment/thanks.json HTTP/1.1" 200 68 "-" "she jian lu xing/1.11 (iPhone; iOS 8.1.3; Scale/2.00)"
61.48.217.2 - - [20/Feb/2015:21:48:14 +0800] "POST /restaurant/detail.json HTTP/1.1" 200 5079 "-" "she jian lu xing/1.11 (iPhone; iOS 7.1.1; Scale/2.00)"
61.48.217.2 - - [20/Feb/2015:21:48:15 +0800] "POST /restaurant/image.json HTTP/1.1" 200 185 "-" "she jian lu xing/1.11 (iPhone; iOS 7.1.1; Scale/2.00)"
182.92.71.179 - - [20/Feb/2015:21:48:16 +0800] "POST /article/detail.json HTTP/1.0" 200 5481 "-" "MyAgent/1.0"
211.140.4.133 - - [20/Feb/2015:21:48:17 +0800] "POST /comment/list.json HTTP/1.1" 200 69 "-" "she jian lu xing/1.11 (iPhone; iOS 8.1.3; Scale/2.00)"
211.140.4.133 - - [20/Feb/2015:21:48:19 +0800] "POST /comment/list.json HTTP/1.1" 200 69 "-" "she jian lu xing/1.11 (iPhone; iOS 8.1.3; Scale/2.00)"
211.140.4.133 - - [20/Feb/2015:21:48:25 +0800] "POST /comment/list.json HTTP/1.1" 200 2677 "-" "she jian lu xing/1.11 (iPhone; iOS 8.1.3; Scale/2.00)"
211.140.4.133 - - [20/Feb/2015:21:48:26 +0800] "POST /comment/list.json HTTP/1.1" 200 69 "-" "she jian lu xing/1.11 (iPhone; iOS 8.1.3; Scale/2.00)"
61.48.217.2 - - [20/Feb/2015:21:48:31 +0800] "POST /restaurant/coor/search.json HTTP/1.1" 200 4586 "-" "she jian lu xing/1.11 (iPhone; iOS 7.1.1; Scale/2.00)"
211.140.4.133 - - [20/Feb/2015:21:48:41 +0800] "POST /restaurant/search.json HTTP/1.1" 200 5281 "-" "she jian lu xing/1.11 (iPhone; iOS 8.1.3; Scale/2.00)"
119.33.56.103 - - [20/Feb/2015:21:48:46 +0800] "POST /restaurant/search.json HTTP/1.1" 200 2913 "-" "she jian lu xing/1.11 (iPhone; iOS 8.1.3; Scale/2.00)"
61.48.217.2 - - [20/Feb/2015:21:48:48 +0800] "POST /restaurant/coor/search.json HTTP/1.1" 200 3795 "-" "she jian lu xing/1.11 (iPhone; iOS 7.1.1; Scale/2.00)"
182.92.71.179 - - [20/Feb/2015:21:48:52 +0800] "POST /article/detail.json HTTP/1.0" 200 4278 "-" "MyAgent/1.0"
119.33.56.103 - - [20/Feb/2015:21:48:56 +0800] "POST /restaurant/detail.json HTTP/1.1" 200 4782 "-" "she jian lu xing/1.11 (iPhone; iOS 8.1.3; Scale/2.00)"
211.140.4.133 - - [20/Feb/2015:21:48:56 +0800] "POST /restaurant/search.json HTTP/1.1" 200 5439 "-" "she jian lu xing/1.11 (iPhone; iOS 8.1.3; Scale/2.00)"
119.33.56.103 - - [20/Feb/2015:21:48:56 +0800] "POST /restaurant/image.json HTTP/1.1" 200 240 "-" "she jian lu xing/1.11 (iPhone; iOS 8.1.3; Scale/2.00)"
61.48.217.2 - - [20/Feb/2015:21:49:07 +0800] "POST /restaurant/detail.json HTTP/1.1" 200 6080 "-" "she jian lu xing/1.11 (iPhone; iOS 7.1.1; Scale/2.00)"
61.48.217.2 - - [20/Feb/2015:21:49:07 +0800] "POST /restaurant/image.json HTTP/1.1" 200 244 "-" "she jian lu xing/1.11 (iPhone; iOS 7.1.1; Scale/2.00)"
119.33.56.103 - - [20/Feb/2015:21:49:15 +0800] "POST /restaurant/search.json HTTP/1.1" 200 2672 "-" "she jian lu xing/1.11 (iPhone; iOS 8.1.3; Scale/2.00)"
119.33.56.103 - - [20/Feb/2015:21:49:20 +0800] "POST /restaurant/search.json HTTP/1.1" 200 3220 "-" "she jian lu xing/1.11 (iPhone; iOS 8.1.3; Scale/2.00)"
119.33.56.103 - - [20/Feb/2015:21:49:25 +0800] "POST /eat/wanteat/add.json HTTP/1.1" 200 80 "-" "she jian lu xing/1.11 (iPhone; iOS 8.1.3; Scale/2.00)"
119.33.56.103 - - [20/Feb/2015:21:49:27 +0800] "POST /restaurant/detail.json HTTP/1.1" 200 5505 "-" "she jian lu xing/1.11 (iPhone; iOS 8.1.3; Scale/2.00)"
119.33.56.103 - - [20/Feb/2015:21:49:27 +0800] "POST /restaurant/image.json HTTP/1.1" 200 203 "-" "she jian lu xing/1.11 (iPhone; iOS 8.1.3; Scale/2.00)"
182.92.71.179 - - [20/Feb/2015:21:49:29 +0800] "POST /article/detail.json HTTP/1.0" 200 5481 "-" "MyAgent/1.0"
61.48.217.2 - - [20/Feb/2015:21:49:31 +0800] "POST /restaurant/detail.json HTTP/1.1" 200 2870 "-" "she jian lu xing/1.11 (iPhone; iOS 7.1.1; Scale/2.00)"
61.48.217.2 - - [20/Feb/2015:21:49:31 +0800] "POST /restaurant/image.json HTTP/1.1" 200 225 "-" "she jian lu xing/1.11 (iPhone; iOS 7.1.1; Scale/2.00)"
182.92.71.179 - - [20/Feb/2015:21:49:34 +0800] "POST /article/detail.json HTTP/1.0" 200 4543 "-" "MyAgent/1.0"
211.140.4.133 - - [20/Feb/2015:21:49:37 +0800] "POST /restaurant/search.json HTTP/1.1" 200 4892 "-" "she jian lu xing/1.11 (iPhone; iOS 8.1.3; Scale/2.00)"
61.48.217.2 - - [20/Feb/2015:21:49:41 +0800] "POST /restaurant/detail.json HTTP/1.1" 200 4999 "-" "she jian lu xing/1.11 (iPhone; iOS 7.1.1; Scale/2.00)"
61.48.217.2 - - [20/Feb/2015:21:49:41 +0800] "POST /restaurant/image.json HTTP/1.1" 200 167 "-" "she jian lu xing/1.11 (iPhone; iOS 7.1.1; Scale/2.00)"
211.140.4.133 - - [20/Feb/2015:21:49:46 +0800] "POST /restaurant/search.json HTTP/1.1" 200 5100 "-" "she jian lu xing/1.11 (iPhone; iOS 8.1.3; Scale/2.00)"
61.48.217.2 - - [20/Feb/2015:21:49:48 +0800] "POST /restaurant/coor/search.json HTTP/1.1" 200 2887 "-" "she jian lu xing/1.11 (iPhone; iOS 7.1.1; Scale/2.00)"
211.140.4.133 - - [20/Feb/2015:21:50:03 +0800] "POST /restaurant/detail.json HTTP/1.1" 200 5956 "-" "she jian lu xing/1.11 (iPhone; iOS 8.1.3; Scale/2.00)"
61.48.217.2 - - [20/Feb/2015:21:50:03 +0800] "POST /restaurant/coor/search.json HTTP/1.1" 200 3356 "-" "she jian lu xing/1.11 (iPhone; iOS 7.1.1; Scale/2.00)"
211.140.4.133 - - [20/Feb/2015:21:50:03 +0800] "POST /restaurant/image.json HTTP/1.1" 200 228 "-" "she jian lu xing/1.11 (iPhone; iOS 8.1.3; Scale/2.00)"
61.48.217.2 - - [20/Feb/2015:21:50:15 +0800] "POST /restaurant/detail.json HTTP/1.1" 200 3171 "-" "she jian lu xing/1.11 (iPhone; iOS 7.1.1; Scale/2.00)"
61.48.217.2 - - [20/Feb/2015:21:50:15 +0800] "POST /restaurant/image.json HTTP/1.1" 200 205 "-" "she jian lu xing/1.11 (iPhone; iOS 7.1.1; Scale/2.00)"
61.48.217.2 - - [20/Feb/2015:21:50:20 +0800] "POST /restaurant/coor/search.json HTTP/1.1" 200 2877 "-" "she jian lu xing/1.11 (iPhone; iOS 7.1.1; Scale/2.00)"
211.140.4.133 - - [20/Feb/2015:21:50:37 +0800] "POST /restaurant/search.json HTTP/1.1" 200 5026 "-" "she jian lu xing/1.11 (iPhone; iOS 8.1.3; Scale/2.00)"
211.140.4.133 - - [20/Feb/2015:21:50:48 +0800] "POST /restaurant/search.json HTTP/1.1" 200 5075 "-" "she jian lu xing/1.11 (iPhone; iOS 8.1.3; Scale/2.00)"
211.140.4.133 - - [20/Feb/2015:21:51:03 +0800] "POST /restaurant/search.json HTTP/1.1" 200 4798 "-" "she jian lu xing/1.11 (iPhone; iOS 8.1.3; Scale/2.00)"
211.140.4.133 - - [20/Feb/2015:21:51:20 +0800] "POST /restaurant/search.json HTTP/1.1" 200 4694 "-" "she jian lu xing/1.11 (iPhone; iOS 8.1.3; Scale/2.00)"
211.140.4.133 - - [20/Feb/2015:21:51:55 +0800] "POST /restaurant/search.json HTTP/1.1" 200 2785 "-" "she jian lu xing/1.11 (iPhone; iOS 8.1.3; Scale/2.00)"
113.157.253.132 - - [20/Feb/2015:21:55:30 +0800] "POST /city/info.json HTTP/1.1" 200 13291 "-" "-"
113.157.253.132 - - [20/Feb/2015:21:55:34 +0800] "POST /city/info.json HTTP/1.1" 200 13291 "-" "-"
113.157.253.132 - - [20/Feb/2015:21:55:37 +0800] "POST /restaurant/search.json HTTP/1.1" 200 5238 "-" "-"
113.157.253.132 - - [20/Feb/2015:21:55:49 +0800] "POST /restaurant/coor/search.json HTTP/1.1" 200 4754 "-" "-"
113.157.253.132 - - [20/Feb/2015:21:56:07 +0800] "POST /restaurant/detail.json HTTP/1.1" 200 6205 "-" "-"
113.157.253.132 - - [20/Feb/2015:21:56:29 +0800] "POST /restaurant/coor/search.json HTTP/1.1" 200 4735 "-" "-"
113.157.253.132 - - [20/Feb/2015:21:56:49 +0800] "POST /restaurant/coor/search.json HTTP/1.1" 200 4754 "-" "-"
175.223.15.229 - - [20/Feb/2015:21:57:03 +0800] "GET /google/map/api?latitude=35.85162&longitude=129.20535 HTTP/1.1" 200 19 "-" "-"
113.157.253.132 - - [20/Feb/2015:21:57:05 +0800] "POST /restaurant/search.json HTTP/1.1" 200 4889 "-" "-"
113.157.253.132 - - [20/Feb/2015:21:57:16 +0800] "POST /restaurant/detail.json HTTP/1.1" 200 5519 "-" "-"
113.157.253.132 - - [20/Feb/2015:21:57:32 +0800] "POST /restaurant/image.json HTTP/1.1" 200 407 "-" "-"
113.157.253.132 - - [20/Feb/2015:21:57:45 +0800] "POST /comment/list.json HTTP/1.1" 200 1669 "-" "-"
222.85.88.145 - - [20/Feb/2015:21:59:34 +0800] "GET /google/map/api?latitude=35.775464&longitude=115.098853 HTTP/1.1" 200 19 "-" "-"
122.195.93.225 - - [20/Feb/2015:22:00:26 +0800] "POST /city/list.json HTTP/1.1" 200 1821 "-" "-"
122.195.93.225 - - [20/Feb/2015:22:00:28 +0800] "GET /google/map/api?latitude=32.386148&longitude=119.391026 HTTP/1.1" 200 19 "-" "-"
122.195.93.225 - - [20/Feb/2015:22:01:15 +0800] "POST /city/info.json HTTP/1.1" 200 13291 "-" "-"
122.195.93.225 - - [20/Feb/2015:22:01:19 +0800] "POST /city/info.json HTTP/1.1" 200 13291 "-" "-"
122.195.93.225 - - [20/Feb/2015:22:01:32 +0800] "POST /city/list.json HTTP/1.1" 200 1821 "-" "-"
122.195.93.225 - - [20/Feb/2015:22:01:58 +0800] "POST /restaurant/coor/search.json HTTP/1.1" 200 5249 "-" "-"
110.247.235.61 - - [20/Feb/2015:22:02:49 +0800] "POST /application/list.json HTTP/1.1" 200 1381 "-" "she jian lu xing/1.11 (iPhone; iOS 8.1.3; Scale/2.00)"
122.195.93.225 - - [20/Feb/2015:22:02:57 +0800] "POST /city/info.json HTTP/1.1" 200 13291 "-" "-"
110.247.235.61 - - [20/Feb/2015:22:03:01 +0800] "GET /google/map/api?latitude=37.341702&longitude=115.971695 HTTP/1.1" 200 19 "-" "she jian lu xing/1.11 (iPhone; iOS 8.1.3; Scale/2.00)"
122.195.93.225 - - [20/Feb/2015:22:03:01 +0800] "POST /city/info.json HTTP/1.1" 200 13291 "-" "-"
110.247.235.61 - - [20/Feb/2015:22:03:05 +0800] "POST /city/version.json HTTP/1.1" 200 70 "-" "she jian lu xing/1.11 (iPhone; iOS 8.1.3; Scale/2.00)"
110.247.235.61 - - [20/Feb/2015:22:03:05 +0800] "POST /city/list.json HTTP/1.1" 200 1821 "-" "she jian lu xing/1.11 (iPhone; iOS 8.1.3; Scale/2.00)"
110.247.235.61 - - [20/Feb/2015:22:03:22 +0800] "POST /city/version.json HTTP/1.1" 200 70 "-" "she jian lu xing/1.11 (iPhone; iOS 8.1.3; Scale/2.00)"
58.16.228.52 - - [20/Feb/2015:22:03:24 +0800] "POST /city/info.json HTTP/1.1" 200 13591 "-" "-"
58.16.228.52 - - [20/Feb/2015:22:03:28 +0800] "POST /city/info.json HTTP/1.1" 200 13591 "-" "-"
58.16.228.52 - - [20/Feb/2015:22:03:43 +0800] "POST /restaurant/search.json HTTP/1.1" 200 6240 "-" "-"
117.136.45.39 - - [20/Feb/2015:22:04:31 +0800] "POST /city/info.json HTTP/1.1" 200 14626 "-" "-"
117.136.45.39 - - [20/Feb/2015:22:04:35 +0800] "POST /city/info.json HTTP/1.1" 200 14626 "-" "-"
123.115.122.156 - - [20/Feb/2015:22:04:35 +0800] "POST /city/list.json HTTP/1.1" 200 1821 "-" "-"
123.115.122.156 - - [20/Feb/2015:22:04:37 +0800] "POST /city/info.json HTTP/1.1" 200 13291 "-" "-"
123.115.122.156 - - [20/Feb/2015:22:04:41 +0800] "POST /city/info.json HTTP/1.1" 200 13291 "-" "-"
122.195.93.225 - - [20/Feb/2015:22:04:51 +0800] "POST /city/info.json HTTP/1.1" 200 13291 "-" "-"
122.195.93.225 - - [20/Feb/2015:22:04:55 +0800] "POST /city/info.json HTTP/1.1" 200 13291 "-" "-"
122.195.93.225 - - [20/Feb/2015:22:05:08 +0800] "POST /restaurant/search.json HTTP/1.1" 200 83 "-" "-"
122.195.93.225 - - [20/Feb/2015:22:05:13 +0800] "POST /restaurant/search.json HTTP/1.1" 200 83 "-" "-"
122.195.93.225 - - [20/Feb/2015:22:05:22 +0800] "POST /restaurant/search.json HTTP/1.1" 200 83 "-" "-"
125.75.58.190 - - [20/Feb/2015:22:05:54 +0800] "POST /application/list.json HTTP/1.1" 200 1381 "-" "she jian lu xing/1.11 (iPhone; iOS 8.1.2; Scale/2.00)"
125.75.58.190 - - [20/Feb/2015:22:06:08 +0800] "GET /google/map/api?latitude=0.000000&longitude=0.000000 HTTP/1.1" 200 10436 "-" "she jian lu xing/1.11 (iPhone; iOS 8.1.2; Scale/2.00)"
125.75.58.190 - - [20/Feb/2015:22:06:14 +0800] "POST /restaurant/search.json HTTP/1.1" 200 3723 "-" "she jian lu xing/1.11 (iPhone; iOS 8.1.2; Scale/2.00)"
114.101.135.232 - - [20/Feb/2015:22:06:15 +0800] "GET /google/map/api?latitude=32.645194&longitude=116.996931 HTTP/1.1" 200 19 "-" "-"
123.115.122.156 - - [20/Feb/2015:22:06:18 +0800] "POST /eat/wanteat/list.json HTTP/1.1" 200 5468 "-" "-"
125.75.58.190 - - [20/Feb/2015:22:06:19 +0800] "POST /city/version.json HTTP/1.1" 200 70 "-" "she jian lu xing/1.11 (iPhone; iOS 8.1.2; Scale/2.00)"
125.75.58.190 - - [20/Feb/2015:22:06:19 +0800] "POST /city/list.json HTTP/1.1" 200 1821 "-" "she jian lu xing/1.11 (iPhone; iOS 8.1.2; Scale/2.00)"
