182.92.71.179 - - [20/Feb/2015:15:19:14 +0800] "POST /article/detail.json HTTP/1.0" 200 6643 "-" "MyAgent/1.0"
180.165.66.20 - - [20/Feb/2015:15:20:34 +0800] "POST /eat/wanteat/list.json HTTP/1.1" 200 2072 "-" "she jian lu xing/1.11 (iPhone; iOS 8.1.3; Scale/2.00)"
203.160.81.91 - - [20/Feb/2015:15:23:40 +0800] "POST /restaurant/search.json HTTP/1.1" 200 4782 "-" "she jian lu xing/1.11 (iPhone; iOS 7.1.2; Scale/2.00)"
203.160.81.91 - - [20/Feb/2015:15:24:02 +0800] "POST /restaurant/search.json HTTP/1.1" 200 3248 "-" "she jian lu xing/1.11 (iPhone; iOS 7.1.2; Scale/2.00)"
203.160.81.91 - - [20/Feb/2015:15:24:53 +0800] "POST /restaurant/search.json HTTP/1.1" 200 2826 "-" "she jian lu xing/1.11 (iPhone; iOS 7.1.2; Scale/2.00)"
180.165.66.20 - - [20/Feb/2015:15:24:55 +0800] "POST /city/version.json HTTP/1.1" 200 70 "-" "she jian lu xing/1.11 (iPhone; iOS 8.1.3; Scale/2.00)"
180.165.66.20 - - [20/Feb/2015:15:24:57 +0800] "POST /city/version.json HTTP/1.1" 200 70 "-" "she jian lu xing/1.11 (iPhone; iOS 8.1.3; Scale/2.00)"
203.160.81.91 - - [20/Feb/2015:15:24:59 +0800] "POST /restaurant/search.json HTTP/1.1" 200 3371 "-" "she jian lu xing/1.11 (iPhone; iOS 7.1.2; Scale/2.00)"
180.165.66.20 - - [20/Feb/2015:15:25:04 +0800] "POST /city/info.json HTTP/1.1" 200 14118 "-" "she jian lu xing/1.11 (iPhone; iOS 8.1.3; Scale/2.00)"
182.92.71.179 - - [20/Feb/2015:15:25:07 +0800] "POST /article/detail.json HTTP/1.0" 200 4888 "-" "MyAgent/1.0"
182.92.71.179 - - [20/Feb/2015:15:25:07 +0800] "POST /article/detail.json HTTP/1.0" 200 4888 "-" "MyAgent/1.0"
203.160.81.91 - - [20/Feb/2015:15:25:15 +0800] "POST /restaurant/detail.json HTTP/1.1" 200 6313 "-" "she jian lu xing/1.11 (iPhone; iOS 7.1.2; Scale/2.00)"
203.160.81.91 - - [20/Feb/2015:15:25:15 +0800] "POST /restaurant/image.json HTTP/1.1" 200 229 "-" "she jian lu xing/1.11 (iPhone; iOS 7.1.2; Scale/2.00)"
203.160.81.91 - - [20/Feb/2015:15:25:51 +0800] "POST /restaurant/detail.json HTTP/1.1" 200 6315 "-" "she jian lu xing/1.11 (iPhone; iOS 7.1.2; Scale/2.00)"
203.160.81.91 - - [20/Feb/2015:15:25:59 +0800] "POST /restaurant/image.json HTTP/1.1" 200 229 "-" "she jian lu xing/1.11 (iPhone; iOS 7.1.2; Scale/2.00)"
180.165.66.20 - - [20/Feb/2015:15:26:07 +0800] "POST /article/list.json HTTP/1.1" 200 1111 "-" "she jian lu xing/1.11 (iPhone; iOS 8.1.3; Scale/2.00)"
182.92.71.179 - - [20/Feb/2015:15:26:10 +0800] "POST /article/detail.json HTTP/1.0" 200 7704 "-" "MyAgent/1.0"
203.160.81.91 - - [20/Feb/2015:15:26:20 +0800] "POST /restaurant/search.json HTTP/1.1" 200 2970 "-" "she jian lu xing/1.11 (iPhone; iOS 7.1.2; Scale/2.00)"
43.250.200.190 - - [20/Feb/2015:15:27:41 +0800] "POST /eat/wanteat/list.json HTTP/1.1" 200 4450 "-" "she jian lu xing/1.11 (iPhone; iOS 8.1.3; Scale/2.00)"
43.250.200.190 - - [20/Feb/2015:15:27:44 +0800] "POST /city/version.json HTTP/1.1" 200 70 "-" "she jian lu xing/1.11 (iPhone; iOS 8.1.3; Scale/2.00)"
203.160.81.91 - - [20/Feb/2015:15:27:51 +0800] "POST /restaurant/detail.json HTTP/1.1" 200 3493 "-" "she jian lu xing/1.11 (iPhone; iOS 7.1.2; Scale/2.00)"
43.250.200.190 - - [20/Feb/2015:15:27:51 +0800] "POST /restaurant/search.json HTTP/1.1" 200 3536 "-" "she jian lu xing/1.11 (iPhone; iOS 8.1.3; Scale/2.00)"
203.160.81.91 - - [20/Feb/2015:15:27:52 +0800] "POST /restaurant/image.json HTTP/1.1" 200 299 "-" "she jian lu xing/1.11 (iPhone; iOS 7.1.2; Scale/2.00)"
203.160.81.91 - - [20/Feb/2015:15:28:17 +0800] "POST /restaurant/detail.json HTTP/1.1" 200 3443 "-" "she jian lu xing/1.11 (iPhone; iOS 7.1.2; Scale/2.00)"
203.160.81.91 - - [20/Feb/2015:15:28:18 +0800] "POST /restaurant/image.json HTTP/1.1" 200 221 "-" "she jian lu xing/1.11 (iPhone; iOS 7.1.2; Scale/2.00)"
175.169.203.203 - - [20/Feb/2015:15:29:35 +0800] "GET /google/map/api?latitude=41.794201&longitude=123.494147 HTTP/1.1" 200 19 "-" "-"
175.169.203.203 - - [20/Feb/2015:15:29:36 +0800] "POST /city/info.json HTTP/1.1" 200 13591 "-" "-"
175.169.203.203 - - [20/Feb/2015:15:29:36 +0800] "POST /city/info.json HTTP/1.1" 200 13591 "-" "-"
140.184.189.162 - - [20/Feb/2015:15:29:54 +0800] "GET /google/map/api?latitude=44.630599&longitude=-63.580442 HTTP/1.1" 200 19 "-" "-"
182.92.71.179 - - [20/Feb/2015:15:29:54 +0800] "POST /article/detail.json HTTP/1.0" 200 5937 "-" "MyAgent/1.0"
203.160.81.91 - - [20/Feb/2015:15:29:56 +0800] "POST /restaurant/search.json HTTP/1.1" 200 4932 "-" "she jian lu xing/1.11 (iPhone; iOS 7.1.2; Scale/2.00)"
203.160.81.91 - - [20/Feb/2015:15:30:53 +0800] "POST /restaurant/detail.json HTTP/1.1" 200 5505 "-" "she jian lu xing/1.11 (iPhone; iOS 7.1.2; Scale/2.00)"
116.227.127.5 - - [20/Feb/2015:15:31:01 +0800] "POST /application/list.json HTTP/1.1" 200 1381 "-" "she jian lu xing/1.11 (iPhone; iOS 8.1.1; Scale/2.00)"
116.227.127.5 - - [20/Feb/2015:15:31:01 +0800] "GET /google/map/api?latitude=31.185902&longitude=121.516876 HTTP/1.1" 200 19 "-" "she jian lu xing/1.11 (iPhone; iOS 8.1.1; Scale/2.00)"
121.16.190.162 - - [20/Feb/2015:15:31:02 +0800] "POST /city/list.json HTTP/1.1" 200 1821 "-" "-"
121.16.190.162 - - [20/Feb/2015:15:31:04 +0800] "GET /google/map/api?latitude=38.392113&longitude=117.485201 HTTP/1.1" 200 19 "-" "-"
121.16.190.162 - - [20/Feb/2015:15:31:07 +0800] "POST /city/list.json HTTP/1.1" 200 1821 "-" "-"
116.227.127.5 - - [20/Feb/2015:15:32:14 +0800] "POST /city/version.json HTTP/1.1" 200 70 "-" "she jian lu xing/1.11 (iPhone; iOS 8.1.1; Scale/2.00)"
116.227.127.5 - - [20/Feb/2015:15:32:14 +0800] "POST /city/list.json HTTP/1.1" 200 1821 "-" "she jian lu xing/1.11 (iPhone; iOS 8.1.1; Scale/2.00)"
210.229.182.26 - - [20/Feb/2015:15:34:07 +0800] "POST /application/list.json HTTP/1.1" 200 1381 "-" "she jian lu xing/1.11 (iPhone; iOS 8.1; Scale/2.00)"
210.229.182.26 - - [20/Feb/2015:15:34:11 +0800] "GET /google/map/api?latitude=43.729187&longitude=142.942780 HTTP/1.1" 200 19 "-" "she jian lu xing/1.11 (iPhone; iOS 8.1; Scale/2.00)"
210.229.182.26 - - [20/Feb/2015:15:34:13 +0800] "POST /city/version.json HTTP/1.1" 200 70 "-" "she jian lu xing/1.11 (iPhone; iOS 8.1; Scale/2.00)"
210.229.182.26 - - [20/Feb/2015:15:34:13 +0800] "POST /city/list.json HTTP/1.1" 200 1821 "-" "she jian lu xing/1.11 (iPhone; iOS 8.1; Scale/2.00)"
210.229.182.26 - - [20/Feb/2015:15:34:27 +0800] "POST /city/info.json HTTP/1.1" 200 8746 "-" "she jian lu xing/1.11 (iPhone; iOS 8.1; Scale/2.00)"
210.229.182.26 - - [20/Feb/2015:15:35:12 +0800] "POST /restaurant/search.json HTTP/1.1" 200 5062 "-" "she jian lu xing/1.11 (iPhone; iOS 8.1; Scale/2.00)"
210.229.182.26 - - [20/Feb/2015:15:35:25 +0800] "POST /restaurant/detail.json HTTP/1.1" 200 5412 "-" "she jian lu xing/1.11 (iPhone; iOS 8.1; Scale/2.00)"
210.229.182.26 - - [20/Feb/2015:15:35:25 +0800] "POST /restaurant/image.json HTTP/1.1" 200 241 "-" "she jian lu xing/1.11 (iPhone; iOS 8.1; Scale/2.00)"
210.229.182.26 - - [20/Feb/2015:15:36:33 +0800] "POST /restaurant/search.json HTTP/1.1" 200 3373 "-" "she jian lu xing/1.11 (iPhone; iOS 8.1; Scale/2.00)"
210.229.182.26 - - [20/Feb/2015:15:36:40 +0800] "POST /restaurant/detail.json HTTP/1.1" 200 5710 "-" "she jian lu xing/1.11 (iPhone; iOS 8.1; Scale/2.00)"
210.229.182.26 - - [20/Feb/2015:15:36:41 +0800] "POST /restaurant/image.json HTTP/1.1" 200 203 "-" "she jian lu xing/1.11 (iPhone; iOS 8.1; Scale/2.00)"
210.229.182.26 - - [20/Feb/2015:15:37:23 +0800] "POST /restaurant/search.json HTTP/1.1" 200 83 "-" "she jian lu xing/1.11 (iPhone; iOS 8.1; Scale/2.00)"
210.229.182.26 - - [20/Feb/2015:15:37:34 +0800] "POST /restaurant/coor/search.json HTTP/1.1" 200 4776 "-" "she jian lu xing/1.11 (iPhone; iOS 8.1; Scale/2.00)"
210.229.182.26 - - [20/Feb/2015:15:37:53 +0800] "POST /city/version.json HTTP/1.1" 200 70 "-" "she jian lu xing/1.11 (iPhone; iOS 8.1; Scale/2.00)"
210.229.182.26 - - [20/Feb/2015:15:39:10 +0800] "POST /article/list.json HTTP/1.1" 200 898 "-" "she jian lu xing/1.11 (iPhone; iOS 8.1; Scale/2.00)"
182.92.71.179 - - [20/Feb/2015:15:39:17 +0800] "POST /article/detail.json HTTP/1.0" 200 3123 "-" "MyAgent/1.0"
118.139.254.250 - - [20/Feb/2015:15:40:20 +0800] "GET /google/map/api?latitude=35.843504&longitude=129.207283 HTTP/1.1" 200 19 "-" "-"
210.229.182.26 - - [20/Feb/2015:15:40:25 +0800] "POST /restaurant/coor/search.json HTTP/1.1" 200 4456 "-" "she jian lu xing/1.11 (iPhone; iOS 8.1; Scale/2.00)"
210.229.182.26 - - [20/Feb/2015:15:40:29 +0800] "POST /restaurant/coor/search.json HTTP/1.1" 200 2683 "-" "she jian lu xing/1.11 (iPhone; iOS 8.1; Scale/2.00)"
210.229.182.26 - - [20/Feb/2015:15:40:40 +0800] "POST /restaurant/coor/search.json HTTP/1.1" 200 4748 "-" "she jian lu xing/1.11 (iPhone; iOS 8.1; Scale/2.00)"
210.229.182.26 - - [20/Feb/2015:15:40:53 +0800] "POST /restaurant/detail.json HTTP/1.1" 200 5530 "-" "she jian lu xing/1.11 (iPhone; iOS 8.1; Scale/2.00)"
210.142.92.43 - - [20/Feb/2015:15:41:01 +0800] "POST /application/list.json HTTP/1.1" 200 1381 "-" "she jian lu xing/1.11 (iPhone; iOS 8.1.2; Scale/2.00)"
210.142.92.43 - - [20/Feb/2015:15:41:01 +0800] "GET /google/map/api?latitude=34.990482&longitude=135.772766 HTTP/1.1" 200 11994 "-" "she jian lu xing/1.11 (iPhone; iOS 8.1.2; Scale/2.00)"
210.229.182.26 - - [20/Feb/2015:15:41:13 +0800] "POST /restaurant/image.json HTTP/1.1" 200 203 "-" "she jian lu xing/1.11 (iPhone; iOS 8.1; Scale/2.00)"
210.142.92.43 - - [20/Feb/2015:15:41:21 +0800] "POST /restaurant/search.json HTTP/1.1" 200 83 "-" "she jian lu xing/1.11 (iPhone; iOS 8.1.2; Scale/2.00)"
61.191.40.75 - - [20/Feb/2015:15:41:37 +0800] "GET /google/map/api?latitude=32.645042&longitude=116.996919 HTTP/1.1" 200 19 "-" "-"
210.229.182.26 - - [20/Feb/2015:15:41:41 +0800] "POST /restaurant/coor/search.json HTTP/1.1" 200 4783 "-" "she jian lu xing/1.11 (iPhone; iOS 8.1; Scale/2.00)"
210.229.182.26 - - [20/Feb/2015:15:42:24 +0800] "POST /restaurant/detail.json HTTP/1.1" 200 5703 "-" "she jian lu xing/1.11 (iPhone; iOS 8.1; Scale/2.00)"
210.229.182.26 - - [20/Feb/2015:15:42:24 +0800] "POST /restaurant/image.json HTTP/1.1" 200 203 "-" "she jian lu xing/1.11 (iPhone; iOS 8.1; Scale/2.00)"
218.66.73.51 - - [20/Feb/2015:15:43:06 +0800] "GET /google/map/api?latitude=26.038114&longitude=119.306042 HTTP/1.1" 200 19 "-" "-"
140.184.189.162 - - [20/Feb/2015:15:43:17 +0800] "GET /google/map/api?latitude=44.630632&longitude=-63.580351 HTTP/1.1" 200 19 "-" "-"
182.243.102.66 - - [20/Feb/2015:15:43:47 +0800] "POST /restaurant/search.json HTTP/1.1" 200 4713 "-" "-"
202.212.16.5 - - [20/Feb/2015:15:44:29 +0800] "POST /restaurant/coor/search.json HTTP/1.1" 200 4052 "-" "she jian lu xing/1.11 (iPhone; iOS 8.1; Scale/2.00)"
182.243.102.66 - - [20/Feb/2015:15:44:36 +0800] "POST /restaurant/search.json HTTP/1.1" 200 4860 "-" "-"
182.243.102.66 - - [20/Feb/2015:15:44:41 +0800] "POST /restaurant/detail.json HTTP/1.1" 200 6058 "-" "-"
202.212.16.5 - - [20/Feb/2015:15:45:00 +0800] "POST /restaurant/coor/search.json HTTP/1.1" 200 4747 "-" "she jian lu xing/1.11 (iPhone; iOS 8.1; Scale/2.00)"
182.243.102.66 - - [20/Feb/2015:15:45:00 +0800] "POST /restaurant/search.json HTTP/1.1" 200 4784 "-" "-"
202.212.16.5 - - [20/Feb/2015:15:45:17 +0800] "POST /restaurant/coor/search.json HTTP/1.1" 200 2696 "-" "she jian lu xing/1.11 (iPhone; iOS 8.1; Scale/2.00)"
140.184.189.162 - - [20/Feb/2015:15:45:26 +0800] "GET /google/map/api?latitude=44.630605&longitude=-63.580429 HTTP/1.1" 200 19 "-" "-"
182.243.102.66 - - [20/Feb/2015:15:45:28 +0800] "POST /restaurant/search.json HTTP/1.1" 200 5340 "-" "-"
182.243.102.66 - - [20/Feb/2015:15:45:45 +0800] "POST /restaurant/search.json HTTP/1.1" 200 3724 "-" "-"
182.243.102.66 - - [20/Feb/2015:15:45:58 +0800] "POST /eat/wanteat/list.json HTTP/1.1" 200 5468 "-" "-"
182.243.102.66 - - [20/Feb/2015:15:46:12 +0800] "POST /city/list.json HTTP/1.1" 200 1821 "-" "-"
106.141.69.45 - - [20/Feb/2015:15:46:13 +0800] "POST /application/list.json HTTP/1.1" 200 1381 "-" "she jian lu xing/1.11 (iPhone; iOS 8.0.2; Scale/2.00)"
106.141.69.45 - - [20/Feb/2015:15:46:14 +0800] "GET /google/map/api?latitude=35.691521&longitude=139.706421 HTTP/1.1" 200 11327 "-" "she jian lu xing/1.11 (iPhone; iOS 8.0.2; Scale/2.00)"
106.141.69.45 - - [20/Feb/2015:15:46:17 +0800] "POST /restaurant/search.json HTTP/1.1" 200 4958 "-" "she jian lu xing/1.11 (iPhone; iOS 8.0.2; Scale/2.00)"
106.141.69.45 - - [20/Feb/2015:15:46:23 +0800] "POST /restaurant/search.json HTTP/1.1" 200 2833 "-" "she jian lu xing/1.11 (iPhone; iOS 8.0.2; Scale/2.00)"
106.141.69.45 - - [20/Feb/2015:15:46:39 +0800] "POST /restaurant/search.json HTTP/1.1" 200 3222 "-" "she jian lu xing/1.11 (iPhone; iOS 8.0.2; Scale/2.00)"
106.141.69.45 - - [20/Feb/2015:15:46:49 +0800] "POST /restaurant/search.json HTTP/1.1" 200 2622 "-" "she jian lu xing/1.11 (iPhone; iOS 8.0.2; Scale/2.00)"
106.141.69.45 - - [20/Feb/2015:15:46:57 +0800] "POST /restaurant/search.json HTTP/1.1" 200 2843 "-" "she jian lu xing/1.11 (iPhone; iOS 8.0.2; Scale/2.00)"
106.141.69.45 - - [20/Feb/2015:15:47:09 +0800] "POST /restaurant/search.json HTTP/1.1" 200 2627 "-" "she jian lu xing/1.11 (iPhone; iOS 8.0.2; Scale/2.00)"
140.184.189.162 - - [20/Feb/2015:15:48:21 +0800] "GET /google/map/api?latitude=44.630462&longitude=-63.580115 HTTP/1.1" 200 19 "-" "-"
140.184.189.162 - - [20/Feb/2015:15:52:24 +0800] "GET /google/map/api?latitude=44.630908&longitude=-63.580213 HTTP/1.1" 200 19 "-" "-"
123.125.1.168 - - [20/Feb/2015:15:54:07 +0800] "POST /city/list.json HTTP/1.1" 200 1821 "-" "-"
123.125.1.168 - - [20/Feb/2015:15:54:12 +0800] "POST /city/list.json HTTP/1.1" 200 1821 "-" "-"
123.125.1.168 - - [20/Feb/2015:15:54:26 +0800] "POST /city/info.json HTTP/1.1" 200 13291 "-" "-"
123.125.1.168 - - [20/Feb/2015:15:54:26 +0800] "POST /city/info.json HTTP/1.1" 200 13291 "-" "-"
123.125.1.168 - - [20/Feb/2015:15:54:30 +0800] "POST /city/info.json HTTP/1.1" 200 13291 "-" "-"
123.125.1.168 - - [20/Feb/2015:15:55:31 +0800] "GET /google/map/api?latitude=39.887719&longitude=116.260718 HTTP/1.1" 200 19 "-" "-"
123.125.1.168 - - [20/Feb/2015:15:55:32 +0800] "POST /city/info.json HTTP/1.1" 200 13291 "-" "-"
123.125.1.168 - - [20/Feb/2015:15:55:33 +0800] "POST /city/info.json HTTP/1.1" 200 13291 "-" "-"
117.136.3.240 - - [20/Feb/2015:15:55:40 +0800] "GET /google/map/api?latitude=43.942157&longitude=116.089094 HTTP/1.1" 200 19 "-" "-"
123.125.1.168 - - [20/Feb/2015:15:55:41 +0800] "POST /restaurant/coor/search.json HTTP/1.1" 200 4539 "-" "-"
123.125.1.168 - - [20/Feb/2015:15:55:46 +0800] "POST /city/info.json HTTP/1.1" 200 13291 "-" "-"
123.125.1.168 - - [20/Feb/2015:15:56:30 +0800] "GET /google/map/api?latitude=39.887665&longitude=116.260777 HTTP/1.1" 200 19 "-" "-"
123.125.1.168 - - [20/Feb/2015:15:56:32 +0800] "POST /city/info.json HTTP/1.1" 200 13291 "-" "-"
123.125.1.168 - - [20/Feb/2015:15:56:33 +0800] "POST /city/info.json HTTP/1.1" 200 13291 "-" "-"
123.125.1.168 - - [20/Feb/2015:15:56:44 +0800] "POST /eat/wanteat/list.json HTTP/1.1" 200 5468 "-" "-"
117.191.17.14 - - [20/Feb/2015:15:57:24 +0800] "GET /google/map/api?latitude=43.809913&longitude=87.591583 HTTP/1.1" 200 19 "-" "-"
123.125.1.168 - - [20/Feb/2015:15:57:32 +0800] "POST /city/info.json HTTP/1.1" 200 13291 "-" "-"
123.125.1.168 - - [20/Feb/2015:15:57:54 +0800] "POST /city/info.json HTTP/1.1" 200 13291 "-" "-"
123.125.1.168 - - [20/Feb/2015:15:57:58 +0800] "POST /eat/wanteat/list.json HTTP/1.1" 200 5109 "-" "-"
123.125.1.168 - - [20/Feb/2015:15:58:06 +0800] "POST /city/info.json HTTP/1.1" 200 13291 "-" "-"
123.125.1.168 - - [20/Feb/2015:15:58:18 +0800] "POST /city/list.json HTTP/1.1" 200 1821 "-" "-"
123.125.1.168 - - [20/Feb/2015:15:58:29 +0800] "POST /city/info.json HTTP/1.1" 200 13291 "-" "-"
60.218.162.180 - - [20/Feb/2015:15:58:38 +0800] "POST /application/list.json HTTP/1.1" 200 1381 "-" "she jian lu xing/1.11 (iPhone; iOS 7.1.2; Scale/2.00)"
60.218.162.180 - - [20/Feb/2015:15:58:40 +0800] "POST /city/info.json HTTP/1.1" 200 14644 "-" "she jian lu xing/1.11 (iPhone; iOS 7.1.2; Scale/2.00)"
60.218.162.180 - - [20/Feb/2015:15:58:40 +0800] "GET /google/map/api?latitude=46.563957&longitude=124.880295 HTTP/1.1" 499 0 "-" "she jian lu xing/1.11 (iPhone; iOS 7.1.2; Scale/2.00)"
115.164.60.74 - - [20/Feb/2015:16:01:59 +0800] "POST /application/list.json HTTP/1.1" 200 1381 "-" "she jian lu xing/1.11 (iPhone; iOS 8.1.1; Scale/2.00)"
115.164.60.74 - - [20/Feb/2015:16:02:06 +0800] "GET /google/map/api?latitude=0.000000&longitude=0.000000 HTTP/1.1" 200 10436 "-" "she jian lu xing/1.11 (iPhone; iOS 8.1.1; Scale/2.00)"
115.164.60.74 - - [20/Feb/2015:16:02:21 +0800] "POST /city/version.json HTTP/1.1" 200 70 "-" "she jian lu xing/1.11 (iPhone; iOS 8.1.1; Scale/2.00)"
115.164.60.74 - - [20/Feb/2015:16:02:22 +0800] "POST /city/list.json HTTP/1.1" 200 1821 "-" "she jian lu xing/1.11 (iPhone; iOS 8.1.1; Scale/2.00)"
112.96.115.64 - - [20/Feb/2015:16:02:27 +0800] "POST /application/list.json HTTP/1.1" 200 1381 "-" "she jian lu xing/1.11 (iPhone; iOS 8.1.2; Scale/2.00)"
112.96.115.64 - - [20/Feb/2015:16:02:49 +0800] "POST /city/version.json HTTP/1.1" 200 70 "-" "she jian lu xing/1.11 (iPhone; iOS 8.1.2; Scale/2.00)"
115.164.60.74 - - [20/Feb/2015:16:02:58 +0800] "POST /city/info.json HTTP/1.1" 200 14626 "-" "she jian lu xing/1.11 (iPhone; iOS 8.1.1; Scale/2.00)"
115.164.60.74 - - [20/Feb/2015:16:03:18 +0800] "POST /restaurant/search.json HTTP/1.1" 200 5093 "-" "she jian lu xing/1.11 (iPhone; iOS 8.1.1; Scale/2.00)"
117.136.3.240 - - [20/Feb/2015:16:03:28 +0800] "GET /google/map/api?latitude=43.940377&longitude=116.090749 HTTP/1.1" 200 19 "-" "-"
203.160.81.96 - - [20/Feb/2015:16:04:06 +0800] "POST /application/list.json HTTP/1.1" 200 1381 "-" "she jian lu xing/1.11 (iPhone; iOS 8.1.3; Scale/2.00)"
115.164.60.74 - - [20/Feb/2015:16:04:08 +0800] "POST /restaurant/search.json HTTP/1.1" 200 4791 "-" "she jian lu xing/1.11 (iPhone; iOS 8.1.1; Scale/2.00)"
203.160.81.96 - - [20/Feb/2015:16:04:10 +0800] "POST /restaurant/search.json HTTP/1.1" 200 5222 "-" "she jian lu xing/1.11 (iPhone; iOS 8.1.3; Scale/2.00)"
203.160.81.96 - - [20/Feb/2015:16:04:33 +0800] "POST /restaurant/coor/search.json HTTP/1.1" 200 4987 "-" "she jian lu xing/1.11 (iPhone; iOS 8.1.3; Scale/2.00)"
115.164.60.74 - - [20/Feb/2015:16:04:41 +0800] "POST /restaurant/search.json HTTP/1.1" 200 4495 "-" "she jian lu xing/1.11 (iPhone; iOS 8.1.1; Scale/2.00)"
115.164.60.74 - - [20/Feb/2015:16:04:50 +0800] "POST /city/version.json HTTP/1.1" 200 70 "-" "she jian lu xing/1.11 (iPhone; iOS 8.1.1; Scale/2.00)"
203.160.81.96 - - [20/Feb/2015:16:05:02 +0800] "POST /restaurant/detail.json HTTP/1.1" 200 6545 "-" "she jian lu xing/1.11 (iPhone; iOS 8.1.3; Scale/2.00)"
203.160.81.96 - - [20/Feb/2015:16:05:02 +0800] "POST /restaurant/image.json HTTP/1.1" 200 230 "-" "she jian lu xing/1.11 (iPhone; iOS 8.1.3; Scale/2.00)"
115.164.60.74 - - [20/Feb/2015:16:05:10 +0800] "POST /city/info.json HTTP/1.1" 200 10476 "-" "she jian lu xing/1.11 (iPhone; iOS 8.1.1; Scale/2.00)"
203.160.81.96 - - [20/Feb/2015:16:05:53 +0800] "POST /restaurant/detail.json HTTP/1.1" 200 5553 "-" "she jian lu xing/1.11 (iPhone; iOS 8.1.3; Scale/2.00)"
203.160.81.96 - - [20/Feb/2015:16:05:54 +0800] "POST /restaurant/image.json HTTP/1.1" 200 223 "-" "she jian lu xing/1.11 (iPhone; iOS 8.1.3; Scale/2.00)"
203.160.81.96 - - [20/Feb/2015:16:06:07 +0800] "POST /restaurant/detail.json HTTP/1.1" 200 5186 "-" "she jian lu xing/1.11 (iPhone; iOS 8.1.3; Scale/2.00)"
203.160.81.96 - - [20/Feb/2015:16:06:07 +0800] "POST /restaurant/image.json HTTP/1.1" 200 265 "-" "she jian lu xing/1.11 (iPhone; iOS 8.1.3; Scale/2.00)"
203.160.81.96 - - [20/Feb/2015:16:06:38 +0800] "POST /restaurant/coor/search.json HTTP/1.1" 200 4769 "-" "she jian lu xing/1.11 (iPhone; iOS 8.1.3; Scale/2.00)"
203.160.81.96 - - [20/Feb/2015:16:07:07 +0800] "POST /restaurant/coor/search.json HTTP/1.1" 200 4878 "-" "she jian lu xing/1.11 (iPhone; iOS 8.1.3; Scale/2.00)"
171.223.149.164 - - [20/Feb/2015:16:07:44 +0800] "POST /city/list.json HTTP/1.1" 200 1821 "-" "-"
171.223.149.164 - - [20/Feb/2015:16:07:45 +0800] "POST /city/info.json HTTP/1.1" 200 13291 "-" "-"
171.223.149.164 - - [20/Feb/2015:16:07:49 +0800] "POST /city/info.json HTTP/1.1" 200 13291 "-" "-"
171.223.149.164 - - [20/Feb/2015:16:08:11 +0800] "POST /restaurant/search.json HTTP/1.1" 200 4756 "-" "-"
218.11.78.56 - - [20/Feb/2015:16:10:20 +0800] "POST /application/list.json HTTP/1.1" 200 1381 "-" "she jian lu xing/1.11 (iPhone; iOS 8.1.3; Scale/2.00)"
140.184.189.162 - - [20/Feb/2015:16:11:29 +0800] "GET /google/map/api?latitude=44.630633&longitude=-63.580588 HTTP/1.1" 200 19 "-" "-"
117.111.10.198 - - [20/Feb/2015:16:12:02 +0800] "POST /application/list.json HTTP/1.1" 200 1381 "-" "she jian lu xing/1.11 (iPhone; iOS 8.1.3; Scale/2.00)"
117.111.10.198 - - [20/Feb/2015:16:12:08 +0800] "GET /google/map/api?latitude=33.486675&longitude=126.490639 HTTP/1.1" 200 8909 "-" "she jian lu xing/1.11 (iPhone; iOS 8.1.3; Scale/2.00)"
117.111.10.198 - - [20/Feb/2015:16:12:19 +0800] "POST /restaurant/search.json HTTP/1.1" 200 970 "-" "she jian lu xing/1.11 (iPhone; iOS 8.1.3; Scale/2.00)"
111.236.181.114 - - [20/Feb/2015:16:12:26 +0800] "POST /city/info.json HTTP/1.1" 200 13291 "-" "-"
111.236.181.114 - - [20/Feb/2015:16:12:29 +0800] "POST /city/info.json HTTP/1.1" 200 13291 "-" "-"
117.136.3.240 - - [20/Feb/2015:16:12:48 +0800] "GET /google/map/api?latitude=43.93767&longitude=116.086418 HTTP/1.1" 200 19 "-" "-"
203.160.81.92 - - [20/Feb/2015:16:13:05 +0800] "POST /application/list.json HTTP/1.1" 200 1381 "-" "she jian lu xing/1.11 (iPhone; iOS 8.0.2; Scale/2.00)"
203.160.81.92 - - [20/Feb/2015:16:13:05 +0800] "GET /google/map/api?latitude=34.987350&longitude=135.747467 HTTP/1.1" 200 11994 "-" "she jian lu xing/1.11 (iPhone; iOS 8.0.2; Scale/2.00)"
203.160.81.92 - - [20/Feb/2015:16:13:09 +0800] "POST /restaurant/search.json HTTP/1.1" 200 5190 "-" "she jian lu xing/1.11 (iPhone; iOS 8.0.2; Scale/2.00)"
203.160.81.92 - - [20/Feb/2015:16:13:14 +0800] "POST /restaurant/detail.json HTTP/1.1" 200 5363 "-" "she jian lu xing/1.11 (iPhone; iOS 8.0.2; Scale/2.00)"
203.160.81.92 - - [20/Feb/2015:16:13:15 +0800] "POST /restaurant/image.json HTTP/1.1" 200 290 "-" "she jian lu xing/1.11 (iPhone; iOS 8.0.2; Scale/2.00)"
111.236.181.114 - - [20/Feb/2015:16:13:21 +0800] "POST /restaurant/search.json HTTP/1.1" 200 4713 "-" "-"
203.160.81.92 - - [20/Feb/2015:16:13:36 +0800] "POST /restaurant/detail.json HTTP/1.1" 200 6994 "-" "she jian lu xing/1.11 (iPhone; iOS 8.0.2; Scale/2.00)"
203.160.81.92 - - [20/Feb/2015:16:13:36 +0800] "POST /restaurant/image.json HTTP/1.1" 200 231 "-" "she jian lu xing/1.11 (iPhone; iOS 8.0.2; Scale/2.00)"
203.160.81.92 - - [20/Feb/2015:16:13:37 +0800] "POST /restaurant/detail.json HTTP/1.1" 200 6995 "-" "she jian lu xing/1.11 (iPhone; iOS 8.0.2; Scale/2.00)"
203.160.81.92 - - [20/Feb/2015:16:13:38 +0800] "POST /restaurant/image.json HTTP/1.1" 200 231 "-" "she jian lu xing/1.11 (iPhone; iOS 8.0.2; Scale/2.00)"
203.160.81.92 - - [20/Feb/2015:16:13:58 +0800] "POST /restaurant/detail.json HTTP/1.1" 200 5673 "-" "she jian lu xing/1.11 (iPhone; iOS 8.0.2; Scale/2.00)"
203.160.81.92 - - [20/Feb/2015:16:13:59 +0800] "POST /restaurant/image.json HTTP/1.1" 200 218 "-" "she jian lu xing/1.11 (iPhone; iOS 8.0.2; Scale/2.00)"
218.11.78.56 - - [20/Feb/2015:16:14:59 +0800] "POST /application/list.json HTTP/1.1" 200 1381 "-" "she jian lu xing/1.11 (iPhone; iOS 8.1.3; Scale/2.00)"
218.11.78.56 - - [20/Feb/2015:16:15:06 +0800] "GET /google/map/api?latitude=36.915100&longitude=114.871735 HTTP/1.1" 200 19 "-" "she jian lu xing/1.11 (iPhone; iOS 8.1.3; Scale/2.00)"
218.11.78.56 - - [20/Feb/2015:16:15:10 +0800] "POST /city/version.json HTTP/1.1" 200 70 "-" "she jian lu xing/1.11 (iPhone; iOS 8.1.3; Scale/2.00)"
218.11.78.56 - - [20/Feb/2015:16:15:10 +0800] "POST /city/list.json HTTP/1.1" 200 1821 "-" "she jian lu xing/1.11 (iPhone; iOS 8.1.3; Scale/2.00)"
218.11.78.56 - - [20/Feb/2015:16:15:24 +0800] "POST /city/version.json HTTP/1.1" 200 70 "-" "she jian lu xing/1.11 (iPhone; iOS 8.1.3; Scale/2.00)"
218.11.78.56 - - [20/Feb/2015:16:15:28 +0800] "POST /city/info.json HTTP/1.1" 200 13291 "-" "she jian lu xing/1.11 (iPhone; iOS 8.1.3; Scale/2.00)"
218.11.78.56 - - [20/Feb/2015:16:15:41 +0800] "POST /restaurant/search.json HTTP/1.1" 200 4803 "-" "she jian lu xing/1.11 (iPhone; iOS 8.1.3; Scale/2.00)"
125.143.252.7 - - [20/Feb/2015:16:16:41 +0800] "POST /application/list.json HTTP/1.1" 200 1381 "-" "she jian lu xing/1.11 (iPhone; iOS 8.1.3; Scale/2.00)"
125.143.252.7 - - [20/Feb/2015:16:16:42 +0800] "GET /google/map/api?latitude=33.502552&longitude=126.464279 HTTP/1.1" 200 8909 "-" "she jian lu xing/1.11 (iPhone; iOS 8.1.3; Scale/2.00)"
125.143.252.7 - - [20/Feb/2015:16:16:46 +0800] "POST /restaurant/search.json HTTP/1.1" 200 4793 "-" "she jian lu xing/1.11 (iPhone; iOS 8.1.3; Scale/2.00)"
218.11.78.56 - - [20/Feb/2015:16:16:58 +0800] "POST /user/check.json HTTP/1.1" 200 70 "-" "she jian lu xing/1.11 (iPhone; iOS 8.1.3; Scale/2.00)"
125.143.252.7 - - [20/Feb/2015:16:16:58 +0800] "POST /restaurant/search.json HTTP/1.1" 200 4244 "-" "she jian lu xing/1.11 (iPhone; iOS 8.1.3; Scale/2.00)"
218.11.78.56 - - [20/Feb/2015:16:16:59 +0800] "POST /user/regist.json HTTP/1.1" 200 307 "-" "she jian lu xing/1.11 (iPhone; iOS 8.1.3; Scale/2.00)"
218.11.78.56 - - [20/Feb/2015:16:17:07 +0800] "POST /user/check.json HTTP/1.1" 200 66 "-" "she jian lu xing/1.11 (iPhone; iOS 8.1.3; Scale/2.00)"
218.11.78.56 - - [20/Feb/2015:16:17:07 +0800] "POST /user/login.json HTTP/1.1" 200 307 "-" "she jian lu xing/1.11 (iPhone; iOS 8.1.3; Scale/2.00)"
218.11.78.56 - - [20/Feb/2015:16:17:08 +0800] "POST /eat/list/sync.json HTTP/1.1" 200 59 "-" "she jian lu xing/1.11 (iPhone; iOS 8.1.3; Scale/2.00)"
218.11.78.56 - - [20/Feb/2015:16:17:08 +0800] "POST /user/comment/list.json HTTP/1.1" 200 69 "-" "she jian lu xing/1.11 (iPhone; iOS 8.1.3; Scale/2.00)"
218.11.78.56 - - [20/Feb/2015:16:17:09 +0800] "POST /user/login.json HTTP/1.1" 200 307 "-" "she jian lu xing/1.11 (iPhone; iOS 8.1.3; Scale/2.00)"
125.143.252.7 - - [20/Feb/2015:16:17:10 +0800] "POST /restaurant/search.json HTTP/1.1" 200 4903 "-" "she jian lu xing/1.11 (iPhone; iOS 8.1.3; Scale/2.00)"
218.11.78.56 - - [20/Feb/2015:16:17:20 +0800] "POST /user/login.json HTTP/1.1" 200 307 "-" "she jian lu xing/1.11 (iPhone; iOS 8.1.3; Scale/2.00)"
222.175.21.245 - - [20/Feb/2015:16:17:20 +0800] "POST /city/list.json HTTP/1.1" 200 1821 "-" "-"
222.175.21.245 - - [20/Feb/2015:16:17:21 +0800] "GET /google/map/api?latitude=36.528946&longitude=115.994956 HTTP/1.1" 200 19 "-" "-"
222.175.21.245 - - [20/Feb/2015:16:17:22 +0800] "POST /city/info.json HTTP/1.1" 200 13291 "-" "-"
222.175.21.245 - - [20/Feb/2015:16:17:23 +0800] "POST /city/info.json HTTP/1.1" 200 13291 "-" "-"
218.11.78.56 - - [20/Feb/2015:16:17:24 +0800] "POST /eat/wanteat/list.json HTTP/1.1" 200 5468 "-" "she jian lu xing/1.11 (iPhone; iOS 8.1.3; Scale/2.00)"
218.11.78.56 - - [20/Feb/2015:16:18:05 +0800] "POST /article/list.json HTTP/1.1" 200 1206 "-" "she jian lu xing/1.11 (iPhone; iOS 8.1.3; Scale/2.00)"
182.92.71.179 - - [20/Feb/2015:16:18:11 +0800] "POST /article/detail.json HTTP/1.0" 200 5306 "-" "MyAgent/1.0"
125.143.252.7 - - [20/Feb/2015:16:18:24 +0800] "POST /restaurant/search.json HTTP/1.1" 200 4963 "-" "she jian lu xing/1.11 (iPhone; iOS 8.1.3; Scale/2.00)"
110.18.246.201 - - [20/Feb/2015:16:18:59 +0800] "POST /city/list.json HTTP/1.1" 200 8562 "-" "-"
60.16.128.81 - - [20/Feb/2015:16:19:02 +0800] "GET /google/map/api?latitude=41.864584&longitude=123.415695 HTTP/1.1" 200 19 "-" "-"
110.18.246.201 - - [20/Feb/2015:16:19:04 +0800] "POST /city/list.json HTTP/1.1" 200 8562 "-" "-"
222.175.21.245 - - [20/Feb/2015:16:19:20 +0800] "POST /city/info.json HTTP/1.1" 200 13291 "-" "-"
222.175.21.245 - - [20/Feb/2015:16:19:24 +0800] "POST /city/info.json HTTP/1.1" 200 13291 "-" "-"
182.92.71.179 - - [20/Feb/2015:16:19:42 +0800] "POST /article/detail.json HTTP/1.0" 200 3123 "-" "MyAgent/1.0"
222.175.21.245 - - [20/Feb/2015:16:19:47 +0800] "POST /restaurant/search.json HTTP/1.1" 200 3724 "-" "-"
110.18.246.201 - - [20/Feb/2015:16:20:06 +0800] "GET /google/map/api?latitude=40.633582&longitude=109.828628 HTTP/1.1" 200 19 "-" "-"
223.73.74.93 - - [20/Feb/2015:16:20:20 +0800] "POST /city/info.json HTTP/1.1" 200 11120 "-" "-"
223.73.74.93 - - [20/Feb/2015:16:20:24 +0800] "POST /city/info.json HTTP/1.1" 200 11120 "-" "-"
110.18.246.201 - - [20/Feb/2015:16:20:43 +0800] "POST /city/info.json HTTP/1.1" 200 39599 "-" "-"
110.18.246.201 - - [20/Feb/2015:16:20:43 +0800] "POST /city/info.json HTTP/1.1" 200 39599 "-" "-"
110.18.246.201 - - [20/Feb/2015:16:20:54 +0800] "POST /city/info.json HTTP/1.1" 200 40690 "-" "-"
110.18.246.201 - - [20/Feb/2015:16:21:25 +0800] "POST /eat/wanteat/list.json HTTP/1.1" 200 1467 "-" "-"
110.18.246.201 - - [20/Feb/2015:16:21:42 +0800] "POST /city/info.json HTTP/1.1" 200 40690 "-" "-"
110.18.246.201 - - [20/Feb/2015:16:21:46 +0800] "POST /city/info.json HTTP/1.1" 200 40690 "-" "-"
110.18.246.201 - - [20/Feb/2015:16:21:51 +0800] "POST /city/list.json HTTP/1.1" 200 8562 "-" "-"
117.136.8.204 - - [20/Feb/2015:16:22:28 +0800] "POST /city/info.json HTTP/1.1" 200 6651 "-" "-"
117.136.8.204 - - [20/Feb/2015:16:22:32 +0800] "POST /city/info.json HTTP/1.1" 200 6651 "-" "-"
117.136.8.204 - - [20/Feb/2015:16:24:06 +0800] "GET /google/map/api?latitude=31.039313&longitude=121.37476 HTTP/1.1" 200 19 "-" "-"
115.218.59.130 - - [20/Feb/2015:16:25:36 +0800] "POST /application/list.json HTTP/1.1" 200 1381 "-" "she jian lu xing/1.11 (iPhone; iOS 8.1.3; Scale/2.00)"
115.218.59.130 - - [20/Feb/2015:16:25:39 +0800] "GET /google/map/api?latitude=28.000977&longitude=120.681877 HTTP/1.1" 200 19 "-" "she jian lu xing/1.11 (iPhone; iOS 8.1.3; Scale/2.00)"
115.218.59.130 - - [20/Feb/2015:16:25:41 +0800] "POST /city/version.json HTTP/1.1" 200 70 "-" "she jian lu xing/1.11 (iPhone; iOS 8.1.3; Scale/2.00)"
115.218.59.130 - - [20/Feb/2015:16:25:41 +0800] "POST /city/list.json HTTP/1.1" 200 1821 "-" "she jian lu xing/1.11 (iPhone; iOS 8.1.3; Scale/2.00)"
220.178.197.170 - - [20/Feb/2015:16:25:47 +0800] "GET /google/map/api?latitude=32.645288&longitude=116.996876 HTTP/1.1" 200 19 "-" "-"
115.218.59.130 - - [20/Feb/2015:16:25:49 +0800] "POST /city/info.json HTTP/1.1" 200 8746 "-" "she jian lu xing/1.11 (iPhone; iOS 8.1.3; Scale/2.00)"
140.243.1.82 - - [20/Feb/2015:16:25:50 +0800] "GET /google/map/api?latitude=27.306718&longitude=120.213363 HTTP/1.1" 200 19 "-" "-"
115.218.59.130 - - [20/Feb/2015:16:25:57 +0800] "POST /city/version.json HTTP/1.1" 200 70 "-" "she jian lu xing/1.11 (iPhone; iOS 8.1.3; Scale/2.00)"
203.160.81.92 - - [20/Feb/2015:16:26:03 +0800] "POST /restaurant/detail.json HTTP/1.1" 200 6995 "-" "she jian lu xing/1.11 (iPhone; iOS 8.0.2; Scale/2.00)"
203.160.81.92 - - [20/Feb/2015:16:26:03 +0800] "POST /restaurant/image.json HTTP/1.1" 200 231 "-" "she jian lu xing/1.11 (iPhone; iOS 8.0.2; Scale/2.00)"
203.160.81.92 - - [20/Feb/2015:16:26:14 +0800] "POST /restaurant/detail.json HTTP/1.1" 200 5673 "-" "she jian lu xing/1.11 (iPhone; iOS 8.0.2; Scale/2.00)"
203.160.81.92 - - [20/Feb/2015:16:26:14 +0800] "POST /restaurant/image.json HTTP/1.1" 200 218 "-" "she jian lu xing/1.11 (iPhone; iOS 8.0.2; Scale/2.00)"
115.218.59.130 - - [20/Feb/2015:16:26:22 +0800] "POST /restaurant/search.json HTTP/1.1" 200 4793 "-" "she jian lu xing/1.11 (iPhone; iOS 8.1.3; Scale/2.00)"
175.162.60.151 - - [20/Feb/2015:16:26:24 +0800] "GET /google/map/api?latitude=39.397669&longitude=122.336014 HTTP/1.1" 200 19 "-" "-"
115.218.59.130 - - [20/Feb/2015:16:26:54 +0800] "POST /restaurant/search.json HTTP/1.1" 200 3258 "-" "she jian lu xing/1.11 (iPhone; iOS 8.1.3; Scale/2.00)"
115.218.59.130 - - [20/Feb/2015:16:27:06 +0800] "POST /restaurant/search.json HTTP/1.1" 200 3375 "-" "she jian lu xing/1.11 (iPhone; iOS 8.1.3; Scale/2.00)"
115.218.59.130 - - [20/Feb/2015:16:27:32 +0800] "POST /restaurant/search.json HTTP/1.1" 200 2973 "-" "she jian lu xing/1.11 (iPhone; iOS 8.1.3; Scale/2.00)"
115.218.59.130 - - [20/Feb/2015:16:27:58 +0800] "POST /restaurant/search.json HTTP/1.1" 200 2593 "-" "she jian lu xing/1.11 (iPhone; iOS 8.1.3; Scale/2.00)"
115.218.59.130 - - [20/Feb/2015:16:28:07 +0800] "POST /restaurant/search.json HTTP/1.1" 200 2731 "-" "she jian lu xing/1.11 (iPhone; iOS 8.1.3; Scale/2.00)"
115.218.59.130 - - [20/Feb/2015:16:28:09 +0800] "POST /restaurant/detail.json HTTP/1.1" 200 3296 "-" "she jian lu xing/1.11 (iPhone; iOS 8.1.3; Scale/2.00)"
115.218.59.130 - - [20/Feb/2015:16:28:09 +0800] "POST /restaurant/image.json HTTP/1.1" 200 252 "-" "she jian lu xing/1.11 (iPhone; iOS 8.1.3; Scale/2.00)"
115.218.59.130 - - [20/Feb/2015:16:28:22 +0800] "POST /article/list.json HTTP/1.1" 200 898 "-" "she jian lu xing/1.11 (iPhone; iOS 8.1.3; Scale/2.00)"
182.92.71.179 - - [20/Feb/2015:16:28:28 +0800] "POST /article/detail.json HTTP/1.0" 200 9528 "-" "MyAgent/1.0"
115.218.59.130 - - [20/Feb/2015:16:29:32 +0800] "POST /eat/wanteat/list.json HTTP/1.1" 200 2285 "-" "she jian lu xing/1.11 (iPhone; iOS 8.1.3; Scale/2.00)"
115.218.59.130 - - [20/Feb/2015:16:29:42 +0800] "POST /restaurant/search.json HTTP/1.1" 200 83 "-" "she jian lu xing/1.11 (iPhone; iOS 8.1.3; Scale/2.00)"
182.112.10.118 - - [20/Feb/2015:16:29:43 +0800] "GET /google/map/api?latitude=34.747595&longitude=114.435074 HTTP/1.1" 200 19 "-" "-"
182.112.10.118 - - [20/Feb/2015:16:29:44 +0800] "POST /city/list.json HTTP/1.1" 200 1821 "-" "-"
182.112.10.118 - - [20/Feb/2015:16:29:47 +0800] "POST /city/list.json HTTP/1.1" 200 1821 "-" "-"
115.218.59.130 - - [20/Feb/2015:16:30:00 +0800] "POST /restaurant/search.json HTTP/1.1" 200 5067 "-" "she jian lu xing/1.11 (iPhone; iOS 8.1.3; Scale/2.00)"
115.218.59.130 - - [20/Feb/2015:16:30:33 +0800] "POST /restaurant/detail.json HTTP/1.1" 200 5770 "-" "she jian lu xing/1.11 (iPhone; iOS 8.1.3; Scale/2.00)"
115.218.59.130 - - [20/Feb/2015:16:30:33 +0800] "POST /restaurant/image.json HTTP/1.1" 200 203 "-" "she jian lu xing/1.11 (iPhone; iOS 8.1.3; Scale/2.00)"
203.160.81.91 - - [20/Feb/2015:16:31:02 +0800] "POST /application/list.json HTTP/1.1" 200 1381 "-" "she jian lu xing/1.11 (iPhone; iOS 8.1.1; Scale/2.00)"
203.160.81.91 - - [20/Feb/2015:16:31:02 +0800] "GET /google/map/api?latitude=35.004448&longitude=135.774414 HTTP/1.1" 200 11994 "-" "she jian lu xing/1.11 (iPhone; iOS 8.1.1; Scale/2.00)"
203.160.81.91 - - [20/Feb/2015:16:31:13 +0800] "POST /restaurant/search.json HTTP/1.1" 200 5139 "-" "she jian lu xing/1.11 (iPhone; iOS 8.1.1; Scale/2.00)"
115.218.59.130 - - [20/Feb/2015:16:31:13 +0800] "POST /restaurant/search.json HTTP/1.1" 200 5048 "-" "she jian lu xing/1.11 (iPhone; iOS 8.1.3; Scale/2.00)"
203.160.81.91 - - [20/Feb/2015:16:31:21 +0800] "POST /restaurant/coor/search.json HTTP/1.1" 200 5238 "-" "she jian lu xing/1.11 (iPhone; iOS 8.1.1; Scale/2.00)"
182.112.10.118 - - [20/Feb/2015:16:31:22 +0800] "POST /city/info.json HTTP/1.1" 200 19 "-" "-"
115.218.59.130 - - [20/Feb/2015:16:31:34 +0800] "POST /restaurant/search.json HTTP/1.1" 200 4567 "-" "she jian lu xing/1.11 (iPhone; iOS 8.1.3; Scale/2.00)"
203.160.81.91 - - [20/Feb/2015:16:31:41 +0800] "POST /restaurant/detail.json HTTP/1.1" 200 6920 "-" "she jian lu xing/1.11 (iPhone; iOS 8.1.1; Scale/2.00)"
203.160.81.91 - - [20/Feb/2015:16:31:41 +0800] "POST /restaurant/image.json HTTP/1.1" 200 342 "-" "she jian lu xing/1.11 (iPhone; iOS 8.1.1; Scale/2.00)"
60.20.119.233 - - [20/Feb/2015:16:32:06 +0800] "POST /city/info.json HTTP/1.1" 200 13591 "-" "-"
60.20.119.233 - - [20/Feb/2015:16:32:09 +0800] "POST /city/info.json HTTP/1.1" 200 13591 "-" "-"
60.20.119.233 - - [20/Feb/2015:16:32:13 +0800] "POST /restaurant/coor/search.json HTTP/1.1" 200 2887 "-" "-"
182.112.10.118 - - [20/Feb/2015:16:32:29 +0800] "POST /city/info.json HTTP/1.1" 200 19 "-" "-"
182.112.10.118 - - [20/Feb/2015:16:32:36 +0800] "POST /city/list.json HTTP/1.1" 200 1821 "-" "-"
182.112.10.118 - - [20/Feb/2015:16:32:40 +0800] "POST /city/info.json HTTP/1.1" 200 13291 "-" "-"
117.136.75.175 - - [20/Feb/2015:16:32:45 +0800] "GET /google/map/api?latitude=26.057025&longitude=119.270857 HTTP/1.1" 200 19 "-" "-"
203.160.81.92 - - [20/Feb/2015:16:32:56 +0800] "POST /article/list.json HTTP/1.1" 200 1124 "-" "she jian lu xing/1.11 (iPhone; iOS 8.0.2; Scale/2.00)"
203.160.81.92 - - [20/Feb/2015:16:33:01 +0800] "POST /restaurant/search.json HTTP/1.1" 200 5180 "-" "she jian lu xing/1.11 (iPhone; iOS 8.0.2; Scale/2.00)"
182.112.10.118 - - [20/Feb/2015:16:33:06 +0800] "GET /google/map/api?latitude=34.747889&longitude=114.43507 HTTP/1.1" 200 19 "-" "-"
203.160.81.92 - - [20/Feb/2015:16:33:08 +0800] "POST /restaurant/detail.json HTTP/1.1" 200 6994 "-" "she jian lu xing/1.11 (iPhone; iOS 8.0.2; Scale/2.00)"
203.160.81.92 - - [20/Feb/2015:16:33:08 +0800] "POST /restaurant/image.json HTTP/1.1" 200 231 "-" "she jian lu xing/1.11 (iPhone; iOS 8.0.2; Scale/2.00)"
1.115.199.250 - - [20/Feb/2015:16:33:11 +0800] "POST /city/info.json HTTP/1.1" 200 14080 "-" "-"
1.115.199.250 - - [20/Feb/2015:16:33:13 +0800] "GET /google/map/api?latitude=35.002528&longitude=135.759709 HTTP/1.1" 200 11994 "-" "-"
118.139.254.250 - - [20/Feb/2015:16:33:23 +0800] "GET /google/map/api?latitude=35.85568&longitude=129.208132 HTTP/1.1" 200 19 "-" "-"
183.59.122.167 - - [20/Feb/2015:16:33:23 +0800] "GET /google/map/api?latitude=23.6106&longitude=116.393454 HTTP/1.1" 200 19 "-" "-"
1.115.199.250 - - [20/Feb/2015:16:33:23 +0800] "POST /restaurant/search.json HTTP/1.1" 200 4674 "-" "-"
203.160.81.92 - - [20/Feb/2015:16:33:38 +0800] "POST /restaurant/detail.json HTTP/1.1" 200 6995 "-" "she jian lu xing/1.11 (iPhone; iOS 8.0.2; Scale/2.00)"
203.160.81.92 - - [20/Feb/2015:16:33:38 +0800] "POST /restaurant/image.json HTTP/1.1" 200 231 "-" "she jian lu xing/1.11 (iPhone; iOS 8.0.2; Scale/2.00)"
182.112.10.118 - - [20/Feb/2015:16:33:39 +0800] "GET /google/map/api?latitude=34.747263&longitude=114.435401 HTTP/1.1" 200 19 "-" "-"
182.112.10.118 - - [20/Feb/2015:16:33:41 +0800] "POST /city/info.json HTTP/1.1" 200 13291 "-" "-"
182.112.10.118 - - [20/Feb/2015:16:33:42 +0800] "POST /city/info.json HTTP/1.1" 200 13291 "-" "-"
182.112.10.118 - - [20/Feb/2015:16:33:51 +0800] "POST /city/list.json HTTP/1.1" 200 1821 "-" "-"
1.115.199.250 - - [20/Feb/2015:16:33:51 +0800] "POST /restaurant/detail.json HTTP/1.1" 200 8014 "-" "-"
203.160.81.92 - - [20/Feb/2015:16:33:55 +0800] "POST /restaurant/detail.json HTTP/1.1" 200 5673 "-" "she jian lu xing/1.11 (iPhone; iOS 8.0.2; Scale/2.00)"
203.160.81.92 - - [20/Feb/2015:16:33:56 +0800] "POST /restaurant/image.json HTTP/1.1" 200 218 "-" "she jian lu xing/1.11 (iPhone; iOS 8.0.2; Scale/2.00)"
114.174.161.89 - - [20/Feb/2015:16:34:35 +0800] "POST /application/list.json HTTP/1.1" 200 1381 "-" "she jian lu xing/1.11 (iPhone; iOS 8.1.3; Scale/2.00)"
114.174.161.89 - - [20/Feb/2015:16:34:41 +0800] "GET /google/map/api?latitude=35.005558&longitude=135.777679 HTTP/1.1" 200 11994 "-" "she jian lu xing/1.11 (iPhone; iOS 8.1.3; Scale/2.00)"
114.174.161.89 - - [20/Feb/2015:16:34:55 +0800] "POST /restaurant/search.json HTTP/1.1" 200 5140 "-" "she jian lu xing/1.11 (iPhone; iOS 8.1.3; Scale/2.00)"
114.174.161.89 - - [20/Feb/2015:16:34:59 +0800] "POST /restaurant/search.json HTTP/1.1" 200 4080 "-" "she jian lu xing/1.11 (iPhone; iOS 8.1.3; Scale/2.00)"
123.125.1.168 - - [20/Feb/2015:16:35:03 +0800] "GET /google/map/api?latitude=39.887622&longitude=116.261032 HTTP/1.1" 200 19 "-" "-"
123.125.1.168 - - [20/Feb/2015:16:35:04 +0800] "POST /city/info.json HTTP/1.1" 200 13291 "-" "-"
123.125.1.168 - - [20/Feb/2015:16:35:05 +0800] "POST /city/info.json HTTP/1.1" 200 13291 "-" "-"
114.174.161.89 - - [20/Feb/2015:16:35:06 +0800] "POST /restaurant/search.json HTTP/1.1" 200 4566 "-" "she jian lu xing/1.11 (iPhone; iOS 8.1.3; Scale/2.00)"
123.125.1.168 - - [20/Feb/2015:16:35:10 +0800] "POST /restaurant/coor/search.json HTTP/1.1" 200 4964 "-" "-"
123.125.1.168 - - [20/Feb/2015:16:35:19 +0800] "POST /city/info.json HTTP/1.1" 200 13291 "-" "-"
114.174.161.89 - - [20/Feb/2015:16:35:25 +0800] "POST /restaurant/search.json HTTP/1.1" 200 3000 "-" "she jian lu xing/1.11 (iPhone; iOS 8.1.3; Scale/2.00)"
114.174.161.89 - - [20/Feb/2015:16:35:30 +0800] "POST /restaurant/detail.json HTTP/1.1" 200 5776 "-" "she jian lu xing/1.11 (iPhone; iOS 8.1.3; Scale/2.00)"
114.174.161.89 - - [20/Feb/2015:16:35:30 +0800] "POST /restaurant/image.json HTTP/1.1" 200 220 "-" "she jian lu xing/1.11 (iPhone; iOS 8.1.3; Scale/2.00)"
123.125.1.168 - - [20/Feb/2015:16:35:32 +0800] "POST /city/list.json HTTP/1.1" 200 1821 "-" "-"
123.125.1.168 - - [20/Feb/2015:16:35:43 +0800] "POST /city/info.json HTTP/1.1" 200 14118 "-" "-"
123.125.1.168 - - [20/Feb/2015:16:35:43 +0800] "POST /city/info.json HTTP/1.1" 200 14118 "-" "-"
114.174.161.89 - - [20/Feb/2015:16:35:53 +0800] "POST /restaurant/search.json HTTP/1.1" 200 1158 "-" "she jian lu xing/1.11 (iPhone; iOS 8.1.3; Scale/2.00)"
123.125.1.168 - - [20/Feb/2015:16:35:58 +0800] "POST /restaurant/coor/search.json HTTP/1.1" 200 5231 "-" "-"
114.174.161.89 - - [20/Feb/2015:16:36:01 +0800] "POST /restaurant/detail.json HTTP/1.1" 200 5639 "-" "she jian lu xing/1.11 (iPhone; iOS 8.1.3; Scale/2.00)"
114.174.161.89 - - [20/Feb/2015:16:36:01 +0800] "POST /restaurant/image.json HTTP/1.1" 200 227 "-" "she jian lu xing/1.11 (iPhone; iOS 8.1.3; Scale/2.00)"
123.125.1.168 - - [20/Feb/2015:16:36:23 +0800] "POST /city/info.json HTTP/1.1" 200 14118 "-" "-"
203.160.81.92 - - [20/Feb/2015:16:36:23 +0800] "POST /restaurant/detail.json HTTP/1.1" 200 6994 "-" "she jian lu xing/1.11 (iPhone; iOS 8.0.2; Scale/2.00)"
203.160.81.92 - - [20/Feb/2015:16:36:23 +0800] "POST /restaurant/image.json HTTP/1.1" 200 231 "-" "she jian lu xing/1.11 (iPhone; iOS 8.0.2; Scale/2.00)"
114.174.161.89 - - [20/Feb/2015:16:36:25 +0800] "POST /restaurant/search.json HTTP/1.1" 200 4679 "-" "she jian lu xing/1.11 (iPhone; iOS 8.1.3; Scale/2.00)"
123.125.1.168 - - [20/Feb/2015:16:36:28 +0800] "POST /restaurant/coor/search.json HTTP/1.1" 200 4925 "-" "-"
123.125.1.168 - - [20/Feb/2015:16:36:38 +0800] "POST /city/info.json HTTP/1.1" 200 14118 "-" "-"
114.174.161.89 - - [20/Feb/2015:16:36:44 +0800] "POST /restaurant/search.json HTTP/1.1" 200 4500 "-" "she jian lu xing/1.11 (iPhone; iOS 8.1.3; Scale/2.00)"
123.125.1.168 - - [20/Feb/2015:16:36:46 +0800] "POST /restaurant/coor/search.json HTTP/1.1" 200 5118 "-" "-"
114.174.161.89 - - [20/Feb/2015:16:36:51 +0800] "POST /restaurant/detail.json HTTP/1.1" 200 5704 "-" "she jian lu xing/1.11 (iPhone; iOS 8.1.3; Scale/2.00)"
114.174.161.89 - - [20/Feb/2015:16:36:52 +0800] "POST /restaurant/image.json HTTP/1.1" 200 254 "-" "she jian lu xing/1.11 (iPhone; iOS 8.1.3; Scale/2.00)"
123.125.1.168 - - [20/Feb/2015:16:37:02 +0800] "POST /city/info.json HTTP/1.1" 200 14118 "-" "-"
114.174.161.89 - - [20/Feb/2015:16:38:00 +0800] "POST /restaurant/search.json HTTP/1.1" 200 4487 "-" "she jian lu xing/1.11 (iPhone; iOS 8.1.3; Scale/2.00)"
114.174.161.89 - - [20/Feb/2015:16:38:30 +0800] "POST /restaurant/search.json HTTP/1.1" 200 2869 "-" "she jian lu xing/1.11 (iPhone; iOS 8.1.3; Scale/2.00)"
140.184.189.162 - - [20/Feb/2015:16:39:26 +0800] "GET /google/map/api?latitude=44.630616&longitude=-63.580411 HTTP/1.1" 200 19 "-" "-"
118.73.195.9 - - [20/Feb/2015:16:41:33 +0800] "POST /city/info.json HTTP/1.1" 200 13291 "-" "-"
118.73.195.9 - - [20/Feb/2015:16:41:35 +0800] "GET /google/map/api?latitude=36.14054&longitude=112.247516 HTTP/1.1" 200 19 "-" "-"
118.73.195.9 - - [20/Feb/2015:16:41:36 +0800] "POST /city/info.json HTTP/1.1" 200 13291 "-" "-"
118.73.195.9 - - [20/Feb/2015:16:41:42 +0800] "POST /city/list.json HTTP/1.1" 200 1821 "-" "-"
123.179.200.222 - - [20/Feb/2015:16:42:04 +0800] "GET /google/map/api?latitude=43.913464&longitude=116.057397 HTTP/1.1" 200 19 "-" "-"
113.226.145.111 - - [20/Feb/2015:16:43:39 +0800] "POST /restaurant/search.json HTTP/1.1" 200 5228 "-" "she jian lu xing/1.11 (iPhone; iOS 7.1.2; Scale/2.00)"
113.226.145.111 - - [20/Feb/2015:16:43:48 +0800] "POST /restaurant/detail.json HTTP/1.1" 200 5932 "-" "she jian lu xing/1.11 (iPhone; iOS 7.1.2; Scale/2.00)"
113.226.145.111 - - [20/Feb/2015:16:43:48 +0800] "POST /restaurant/image.json HTTP/1.1" 200 200 "-" "she jian lu xing/1.11 (iPhone; iOS 7.1.2; Scale/2.00)"
113.226.145.111 - - [20/Feb/2015:16:43:55 +0800] "POST /restaurant/search.json HTTP/1.1" 200 5353 "-" "she jian lu xing/1.11 (iPhone; iOS 7.1.2; Scale/2.00)"
113.226.145.111 - - [20/Feb/2015:16:44:16 +0800] "POST /restaurant/detail.json HTTP/1.1" 200 6844 "-" "she jian lu xing/1.11 (iPhone; iOS 7.1.2; Scale/2.00)"
113.226.145.111 - - [20/Feb/2015:16:44:16 +0800] "POST /restaurant/image.json HTTP/1.1" 200 188 "-" "she jian lu xing/1.11 (iPhone; iOS 7.1.2; Scale/2.00)"
113.226.145.111 - - [20/Feb/2015:16:45:10 +0800] "POST /restaurant/search.json HTTP/1.1" 200 6314 "-" "she jian lu xing/1.11 (iPhone; iOS 7.1.2; Scale/2.00)"
126.152.3.138 - - [20/Feb/2015:16:45:11 +0800] "POST /application/list.json HTTP/1.1" 200 1381 "-" "she jian lu xing/1.11 (iPhone; iOS 8.1.3; Scale/2.00)"
126.152.3.138 - - [20/Feb/2015:16:45:12 +0800] "GET /google/map/api?latitude=35.733994&longitude=139.709854 HTTP/1.1" 200 11327 "-" "she jian lu xing/1.11 (iPhone; iOS 8.1.3; Scale/2.00)"
113.226.145.111 - - [20/Feb/2015:16:45:16 +0800] "POST /restaurant/detail.json HTTP/1.1" 200 6739 "-" "she jian lu xing/1.11 (iPhone; iOS 7.1.2; Scale/2.00)"
113.226.145.111 - - [20/Feb/2015:16:45:16 +0800] "POST /restaurant/image.json HTTP/1.1" 200 187 "-" "she jian lu xing/1.11 (iPhone; iOS 7.1.2; Scale/2.00)"
126.152.3.138 - - [20/Feb/2015:16:45:16 +0800] "POST /article/list.json HTTP/1.1" 200 1206 "-" "she jian lu xing/1.11 (iPhone; iOS 8.1.3; Scale/2.00)"
182.92.71.179 - - [20/Feb/2015:16:45:23 +0800] "POST /article/detail.json HTTP/1.0" 200 5306 "-" "MyAgent/1.0"
113.226.145.111 - - [20/Feb/2015:16:45:27 +0800] "POST /restaurant/search.json HTTP/1.1" 200 2058 "-" "she jian lu xing/1.11 (iPhone; iOS 7.1.2; Scale/2.00)"
113.226.145.111 - - [20/Feb/2015:16:45:33 +0800] "POST /restaurant/detail.json HTTP/1.1" 200 4289 "-" "she jian lu xing/1.11 (iPhone; iOS 7.1.2; Scale/2.00)"
113.226.145.111 - - [20/Feb/2015:16:45:33 +0800] "POST /restaurant/image.json HTTP/1.1" 200 192 "-" "she jian lu xing/1.11 (iPhone; iOS 7.1.2; Scale/2.00)"
113.226.145.111 - - [20/Feb/2015:16:45:39 +0800] "POST /restaurant/detail.json HTTP/1.1" 200 3199 "-" "she jian lu xing/1.11 (iPhone; iOS 7.1.2; Scale/2.00)"
113.226.145.111 - - [20/Feb/2015:16:45:39 +0800] "POST /restaurant/image.json HTTP/1.1" 200 192 "-" "she jian lu xing/1.11 (iPhone; iOS 7.1.2; Scale/2.00)"
126.152.3.138 - - [20/Feb/2015:16:45:44 +0800] "POST /restaurant/search.json HTTP/1.1" 200 3479 "-" "she jian lu xing/1.11 (iPhone; iOS 8.1.3; Scale/2.00)"
126.152.3.138 - - [20/Feb/2015:16:45:49 +0800] "POST /restaurant/search.json HTTP/1.1" 500 93 "-" "she jian lu xing/1.11 (iPhone; iOS 8.1.3; Scale/2.00)"
113.226.145.111 - - [20/Feb/2015:16:45:50 +0800] "POST /restaurant/search.json HTTP/1.1" 200 2115 "-" "she jian lu xing/1.11 (iPhone; iOS 7.1.2; Scale/2.00)"
126.152.3.138 - - [20/Feb/2015:16:45:53 +0800] "POST /restaurant/search.json HTTP/1.1" 200 2769 "-" "she jian lu xing/1.11 (iPhone; iOS 8.1.3; Scale/2.00)"
113.226.145.111 - - [20/Feb/2015:16:45:58 +0800] "POST /restaurant/search.json HTTP/1.1" 200 1712 "-" "she jian lu xing/1.11 (iPhone; iOS 7.1.2; Scale/2.00)"
113.226.145.111 - - [20/Feb/2015:16:46:03 +0800] "POST /restaurant/detail.json HTTP/1.1" 200 1048 "-" "she jian lu xing/1.11 (iPhone; iOS 7.1.2; Scale/2.00)"
113.226.145.111 - - [20/Feb/2015:16:46:03 +0800] "POST /restaurant/image.json HTTP/1.1" 200 195 "-" "she jian lu xing/1.11 (iPhone; iOS 7.1.2; Scale/2.00)"
36.62.202.83 - - [20/Feb/2015:16:50:24 +0800] "POST /application/list.json HTTP/1.1" 200 1381 "-" "she jian lu xing/1.11 (iPhone; iOS 8.1.2; Scale/2.00)"
36.62.202.83 - - [20/Feb/2015:16:50:27 +0800] "GET /google/map/api?latitude=32.455132&longitude=118.415459 HTTP/1.1" 200 19 "-" "she jian lu xing/1.11 (iPhone; iOS 8.1.2; Scale/2.00)"
36.62.202.83 - - [20/Feb/2015:16:50:29 +0800] "POST /city/version.json HTTP/1.1" 200 70 "-" "she jian lu xing/1.11 (iPhone; iOS 8.1.2; Scale/2.00)"
36.62.202.83 - - [20/Feb/2015:16:50:29 +0800] "POST /city/list.json HTTP/1.1" 200 1821 "-" "she jian lu xing/1.11 (iPhone; iOS 8.1.2; Scale/2.00)"
36.62.202.83 - - [20/Feb/2015:16:50:34 +0800] "POST /city/info.json HTTP/1.1" 200 14626 "-" "she jian lu xing/1.11 (iPhone; iOS 8.1.2; Scale/2.00)"
36.62.202.83 - - [20/Feb/2015:16:50:57 +0800] "POST /restaurant/search.json HTTP/1.1" 200 4880 "-" "she jian lu xing/1.11 (iPhone; iOS 8.1.2; Scale/2.00)"
36.62.202.83 - - [20/Feb/2015:16:51:17 +0800] "POST /restaurant/detail.json HTTP/1.1" 200 4963 "-" "she jian lu xing/1.11 (iPhone; iOS 8.1.2; Scale/2.00)"
36.62.202.83 - - [20/Feb/2015:16:51:17 +0800] "POST /restaurant/image.json HTTP/1.1" 200 177 "-" "she jian lu xing/1.11 (iPhone; iOS 8.1.2; Scale/2.00)"
36.62.202.83 - - [20/Feb/2015:16:51:44 +0800] "POST /eat/wanteat/list.json HTTP/1.1" 200 2072 "-" "she jian lu xing/1.11 (iPhone; iOS 8.1.2; Scale/2.00)"
36.62.202.83 - - [20/Feb/2015:16:51:52 +0800] "POST /restaurant/search.json HTTP/1.1" 200 5092 "-" "she jian lu xing/1.11 (iPhone; iOS 8.1.2; Scale/2.00)"
36.62.202.83 - - [20/Feb/2015:16:51:58 +0800] "POST /restaurant/detail.json HTTP/1.1" 200 5734 "-" "she jian lu xing/1.11 (iPhone; iOS 8.1.2; Scale/2.00)"
36.62.202.83 - - [20/Feb/2015:16:51:58 +0800] "POST /restaurant/image.json HTTP/1.1" 200 166 "-" "she jian lu xing/1.11 (iPhone; iOS 8.1.2; Scale/2.00)"
36.62.202.83 - - [20/Feb/2015:16:52:38 +0800] "POST /restaurant/search.json HTTP/1.1" 200 855 "-" "she jian lu xing/1.11 (iPhone; iOS 8.1.2; Scale/2.00)"
36.62.202.83 - - [20/Feb/2015:16:52:43 +0800] "POST /restaurant/detail.json HTTP/1.1" 200 6653 "-" "she jian lu xing/1.11 (iPhone; iOS 8.1.2; Scale/2.00)"
36.62.202.83 - - [20/Feb/2015:16:52:43 +0800] "POST /restaurant/image.json HTTP/1.1" 200 181 "-" "she jian lu xing/1.11 (iPhone; iOS 8.1.2; Scale/2.00)"
36.62.202.83 - - [20/Feb/2015:16:53:14 +0800] "POST /comment/list.json HTTP/1.1" 200 2348 "-" "she jian lu xing/1.11 (iPhone; iOS 8.1.2; Scale/2.00)"
