50.204.38.196 - - [20/Feb/2015:12:36:52 +0800] "POST /restaurant/detail.json HTTP/1.1" 200 6257 "-" "she jian lu xing/1.11 (iPhone; iOS 8.1.3; Scale/2.00)"
50.204.38.196 - - [20/Feb/2015:12:36:52 +0800] "POST /restaurant/image.json HTTP/1.1" 200 240 "-" "she jian lu xing/1.11 (iPhone; iOS 8.1.3; Scale/2.00)"
50.204.38.196 - - [20/Feb/2015:12:37:09 +0800] "POST /restaurant/search.json HTTP/1.1" 200 4020 "-" "she jian lu xing/1.11 (iPhone; iOS 8.1.3; Scale/2.00)"
50.204.38.196 - - [20/Feb/2015:12:37:19 +0800] "POST /restaurant/detail.json HTTP/1.1" 200 5444 "-" "she jian lu xing/1.11 (iPhone; iOS 8.1.3; Scale/2.00)"
50.204.38.196 - - [20/Feb/2015:12:37:19 +0800] "POST /restaurant/image.json HTTP/1.1" 200 227 "-" "she jian lu xing/1.11 (iPhone; iOS 8.1.3; Scale/2.00)"
50.204.38.196 - - [20/Feb/2015:12:37:43 +0800] "POST /restaurant/detail.json HTTP/1.1" 200 5190 "-" "she jian lu xing/1.11 (iPhone; iOS 8.1.3; Scale/2.00)"
50.204.38.196 - - [20/Feb/2015:12:37:44 +0800] "POST /restaurant/image.json HTTP/1.1" 200 224 "-" "she jian lu xing/1.11 (iPhone; iOS 8.1.3; Scale/2.00)"
50.204.38.196 - - [20/Feb/2015:12:37:54 +0800] "POST /restaurant/search.json HTTP/1.1" 200 3027 "-" "she jian lu xing/1.11 (iPhone; iOS 8.1.3; Scale/2.00)"
114.81.255.40 - - [20/Feb/2015:12:38:09 +0800] "GET /google/map/api?latitude=31.175009&longitude=121.337682 HTTP/1.1" 200 19 "-" "-"
50.204.38.196 - - [20/Feb/2015:12:38:15 +0800] "POST /city/version.json HTTP/1.1" 200 70 "-" "she jian lu xing/1.11 (iPhone; iOS 8.1.3; Scale/2.00)"
50.204.38.196 - - [20/Feb/2015:12:38:27 +0800] "POST /city/info.json HTTP/1.1" 200 14080 "-" "she jian lu xing/1.11 (iPhone; iOS 8.1.3; Scale/2.00)"
50.204.38.196 - - [20/Feb/2015:12:38:35 +0800] "POST /restaurant/search.json HTTP/1.1" 200 4895 "-" "she jian lu xing/1.11 (iPhone; iOS 8.1.3; Scale/2.00)"
1.115.198.114 - - [20/Feb/2015:12:39:50 +0800] "POST /city/info.json HTTP/1.1" 200 14080 "-" "-"
1.115.198.114 - - [20/Feb/2015:12:39:54 +0800] "POST /city/info.json HTTP/1.1" 200 14080 "-" "-"
1.115.198.114 - - [20/Feb/2015:12:39:56 +0800] "POST /restaurant/search.json HTTP/1.1" 200 5031 "-" "-"
1.115.198.114 - - [20/Feb/2015:12:40:15 +0800] "POST /restaurant/search.json HTTP/1.1" 200 5112 "-" "-"
1.115.198.114 - - [20/Feb/2015:12:40:18 +0800] "POST /restaurant/detail.json HTTP/1.1" 200 6559 "-" "-"
1.115.198.114 - - [20/Feb/2015:12:40:22 +0800] "POST /restaurant/image.json HTTP/1.1" 200 499 "-" "-"
1.115.198.114 - - [20/Feb/2015:12:40:25 +0800] "POST /restaurant/image.json HTTP/1.1" 200 70 "-" "-"
1.115.198.114 - - [20/Feb/2015:12:40:41 +0800] "POST /restaurant/search.json HTTP/1.1" 200 5218 "-" "-"
1.115.198.114 - - [20/Feb/2015:12:40:46 +0800] "POST /restaurant/detail.json HTTP/1.1" 200 7152 "-" "-"
1.115.198.114 - - [20/Feb/2015:12:40:51 +0800] "POST /restaurant/image.json HTTP/1.1" 200 502 "-" "-"
1.115.198.114 - - [20/Feb/2015:12:41:02 +0800] "POST /restaurant/search.json HTTP/1.1" 200 5370 "-" "-"
203.160.81.98 - - [20/Feb/2015:12:43:09 +0800] "POST /application/list.json HTTP/1.1" 200 1381 "-" "she jian lu xing/1.11 (iPhone; iOS 8.1.1; Scale/2.00)"
203.160.81.98 - - [20/Feb/2015:12:43:09 +0800] "GET /google/map/api?latitude=35.028114&longitude=135.714066 HTTP/1.1" 200 11992 "-" "she jian lu xing/1.11 (iPhone; iOS 8.1.1; Scale/2.00)"
203.160.81.98 - - [20/Feb/2015:12:43:14 +0800] "POST /restaurant/search.json HTTP/1.1" 200 5146 "-" "she jian lu xing/1.11 (iPhone; iOS 8.1.1; Scale/2.00)"
203.160.81.98 - - [20/Feb/2015:12:43:22 +0800] "POST /restaurant/coor/search.json HTTP/1.1" 200 5223 "-" "she jian lu xing/1.11 (iPhone; iOS 8.1.1; Scale/2.00)"
203.160.81.98 - - [20/Feb/2015:12:43:32 +0800] "POST /restaurant/detail.json HTTP/1.1" 200 7410 "-" "she jian lu xing/1.11 (iPhone; iOS 8.1.1; Scale/2.00)"
203.160.81.98 - - [20/Feb/2015:12:43:32 +0800] "POST /restaurant/image.json HTTP/1.1" 200 225 "-" "she jian lu xing/1.11 (iPhone; iOS 8.1.1; Scale/2.00)"
203.160.81.98 - - [20/Feb/2015:12:43:41 +0800] "POST /restaurant/detail.json HTTP/1.1" 200 5756 "-" "she jian lu xing/1.11 (iPhone; iOS 8.1.1; Scale/2.00)"
203.160.81.98 - - [20/Feb/2015:12:43:41 +0800] "POST /restaurant/image.json HTTP/1.1" 200 242 "-" "she jian lu xing/1.11 (iPhone; iOS 8.1.1; Scale/2.00)"
203.160.81.98 - - [20/Feb/2015:12:45:32 +0800] "POST /restaurant/coor/search.json HTTP/1.1" 200 4002 "-" "she jian lu xing/1.11 (iPhone; iOS 8.1.1; Scale/2.00)"
203.160.81.98 - - [20/Feb/2015:12:45:41 +0800] "POST /restaurant/detail.json HTTP/1.1" 200 6478 "-" "she jian lu xing/1.11 (iPhone; iOS 8.1.1; Scale/2.00)"
203.160.81.98 - - [20/Feb/2015:12:45:42 +0800] "POST /restaurant/image.json HTTP/1.1" 200 218 "-" "she jian lu xing/1.11 (iPhone; iOS 8.1.1; Scale/2.00)"
218.73.131.141 - - [20/Feb/2015:12:45:57 +0800] "POST /city/list.json HTTP/1.1" 200 1821 "-" "-"
218.73.131.141 - - [20/Feb/2015:12:45:58 +0800] "POST /city/info.json HTTP/1.1" 200 13291 "-" "-"
218.73.131.141 - - [20/Feb/2015:12:46:02 +0800] "POST /city/info.json HTTP/1.1" 200 13291 "-" "-"
218.73.131.141 - - [20/Feb/2015:12:46:06 +0800] "POST /city/list.json HTTP/1.1" 200 1821 "-" "-"
220.178.197.170 - - [20/Feb/2015:12:46:08 +0800] "GET /google/map/api?latitude=32.64508&longitude=116.996926 HTTP/1.1" 200 19 "-" "-"
218.73.131.141 - - [20/Feb/2015:12:46:45 +0800] "POST /city/info.json HTTP/1.1" 200 14080 "-" "-"
117.136.30.71 - - [20/Feb/2015:12:48:11 +0800] "POST /city/list.json HTTP/1.1" 200 1821 "-" "-"
117.136.30.71 - - [20/Feb/2015:12:48:14 +0800] "POST /city/list.json HTTP/1.1" 200 1821 "-" "-"
117.136.30.71 - - [20/Feb/2015:12:48:20 +0800] "POST /city/info.json HTTP/1.1" 200 14118 "-" "-"
117.136.30.71 - - [20/Feb/2015:12:48:25 +0800] "POST /city/info.json HTTP/1.1" 200 14118 "-" "-"
183.44.212.185 - - [20/Feb/2015:12:49:27 +0800] "POST /city/info.json HTTP/1.1" 200 13591 "-" "-"
183.44.212.185 - - [20/Feb/2015:12:49:31 +0800] "POST /city/info.json HTTP/1.1" 200 13591 "-" "-"
171.208.221.94 - - [20/Feb/2015:12:49:47 +0800] "POST /city/list.json HTTP/1.1" 200 1821 "-" "-"
171.208.221.94 - - [20/Feb/2015:12:49:49 +0800] "POST /city/list.json HTTP/1.1" 200 1821 "-" "-"
171.208.221.94 - - [20/Feb/2015:12:49:57 +0800] "POST /city/info.json HTTP/1.1" 200 14626 "-" "-"
171.208.221.94 - - [20/Feb/2015:12:50:01 +0800] "POST /city/info.json HTTP/1.1" 200 14626 "-" "-"
183.44.212.185 - - [20/Feb/2015:12:50:04 +0800] "POST /restaurant/coor/search.json HTTP/1.1" 200 5344 "-" "-"
183.44.212.185 - - [20/Feb/2015:12:50:09 +0800] "POST /restaurant/detail.json HTTP/1.1" 200 6157 "-" "-"
183.44.212.185 - - [20/Feb/2015:12:50:47 +0800] "POST /restaurant/image.json HTTP/1.1" 200 294 "-" "-"
101.254.19.89 - - [20/Feb/2015:12:51:33 +0800] "GET /google/map/api?latitude=33.976985&longitude=116.814548 HTTP/1.1" 200 19 "-" "-"
101.254.19.89 - - [20/Feb/2015:12:51:34 +0800] "POST /city/list.json HTTP/1.1" 200 1821 "-" "-"
101.254.19.89 - - [20/Feb/2015:12:51:38 +0800] "POST /city/list.json HTTP/1.1" 200 1821 "-" "-"
112.65.189.11 - - [20/Feb/2015:12:51:44 +0800] "GET /google/map/api?latitude=31.201476&longitude=121.422435 HTTP/1.1" 200 19 "-" "-"
101.254.19.89 - - [20/Feb/2015:12:51:55 +0800] "POST /city/info.json HTTP/1.1" 200 13291 "-" "-"
101.254.19.89 - - [20/Feb/2015:12:51:55 +0800] "POST /city/info.json HTTP/1.1" 200 13291 "-" "-"
118.139.254.250 - - [20/Feb/2015:12:52:21 +0800] "GET /google/map/api?latitude=35.855667&longitude=129.208042 HTTP/1.1" 200 19 "-" "-"
117.111.14.145 - - [20/Feb/2015:12:52:26 +0800] "POST /application/list.json HTTP/1.1" 200 1381 "-" "she jian lu xing/1.11 (iPhone; iOS 8.1; Scale/2.00)"
117.111.14.145 - - [20/Feb/2015:12:52:26 +0800] "GET /google/map/api?latitude=33.392410&longitude=126.263290 HTTP/1.1" 200 8909 "-" "she jian lu xing/1.11 (iPhone; iOS 8.1; Scale/2.00)"
117.111.14.145 - - [20/Feb/2015:12:52:38 +0800] "POST /restaurant/coor/search.json HTTP/1.1" 200 3622 "-" "she jian lu xing/1.11 (iPhone; iOS 8.1; Scale/2.00)"
117.111.14.145 - - [20/Feb/2015:12:52:44 +0800] "POST /restaurant/coor/search.json HTTP/1.1" 200 4758 "-" "she jian lu xing/1.11 (iPhone; iOS 8.1; Scale/2.00)"
175.167.136.17 - - [20/Feb/2015:12:59:52 +0800] "GET /google/map/api?latitude=41.928966&longitude=123.615464 HTTP/1.1" 200 19 "-" "-"
14.153.14.206 - - [20/Feb/2015:13:01:55 +0800] "POST /application/list.json HTTP/1.1" 200 1381 "-" "she jian lu xing/1.11 (iPhone; iOS 8.0.2; Scale/2.00)"
14.153.14.206 - - [20/Feb/2015:13:01:59 +0800] "GET /google/map/api?latitude=22.518545&longitude=114.065575 HTTP/1.1" 200 12263 "-" "she jian lu xing/1.11 (iPhone; iOS 8.0.2; Scale/2.00)"
203.160.81.92 - - [20/Feb/2015:13:02:11 +0800] "POST /restaurant/detail.json HTTP/1.1" 200 5705 "-" "she jian lu xing/1.11 (iPhone; iOS 8.0.2; Scale/2.00)"
203.160.81.92 - - [20/Feb/2015:13:02:12 +0800] "POST /restaurant/image.json HTTP/1.1" 200 254 "-" "she jian lu xing/1.11 (iPhone; iOS 8.0.2; Scale/2.00)"
118.73.195.9 - - [20/Feb/2015:13:02:46 +0800] "GET /google/map/api?latitude=36.14056&longitude=112.248526 HTTP/1.1" 200 19 "-" "-"
175.170.112.34 - - [20/Feb/2015:13:03:08 +0800] "GET /google/map/api?latitude=39.397516&longitude=122.335999 HTTP/1.1" 200 19 "-" "-"
140.184.189.162 - - [20/Feb/2015:13:05:00 +0800] "GET /google/map/api?latitude=44.630226&longitude=-63.579268 HTTP/1.1" 200 19 "-" "-"
14.153.14.206 - - [20/Feb/2015:13:05:16 +0800] "POST /city/version.json HTTP/1.1" 200 70 "-" "she jian lu xing/1.11 (iPhone; iOS 8.0.2; Scale/2.00)"
14.153.14.206 - - [20/Feb/2015:13:05:16 +0800] "POST /city/list.json HTTP/1.1" 200 1821 "-" "she jian lu xing/1.11 (iPhone; iOS 8.0.2; Scale/2.00)"
14.153.14.206 - - [20/Feb/2015:13:05:19 +0800] "POST /city/info.json HTTP/1.1" 200 13291 "-" "she jian lu xing/1.11 (iPhone; iOS 8.0.2; Scale/2.00)"
14.153.14.206 - - [20/Feb/2015:13:05:34 +0800] "POST /restaurant/search.json HTTP/1.1" 200 5308 "-" "she jian lu xing/1.11 (iPhone; iOS 8.0.2; Scale/2.00)"
14.153.14.206 - - [20/Feb/2015:13:05:55 +0800] "POST /restaurant/search.json HTTP/1.1" 200 4969 "-" "she jian lu xing/1.11 (iPhone; iOS 8.0.2; Scale/2.00)"
125.146.140.90 - - [20/Feb/2015:13:07:50 +0800] "POST /application/list.json HTTP/1.1" 200 1381 "-" "she jian lu xing/1.11 (iPhone; iOS 8.1.3; Scale/2.00)"
125.146.140.90 - - [20/Feb/2015:13:07:50 +0800] "GET /google/map/api?latitude=33.245205&longitude=126.448143 HTTP/1.1" 200 8909 "-" "she jian lu xing/1.11 (iPhone; iOS 8.1.3; Scale/2.00)"
117.136.3.16 - - [20/Feb/2015:13:17:21 +0800] "GET /google/map/api?latitude=43.939098&longitude=116.088662 HTTP/1.1" 200 19 "-" "-"
117.190.185.3 - - [20/Feb/2015:13:17:34 +0800] "GET /google/map/api?latitude=43.810006&longitude=87.591618 HTTP/1.1" 200 19 "-" "-"
14.220.161.234 - - [20/Feb/2015:13:19:50 +0800] "POST /application/list.json HTTP/1.1" 200 1381 "-" "she jian lu xing/1.11 (iPhone; iOS 8.1; Scale/2.00)"
14.220.161.234 - - [20/Feb/2015:13:19:52 +0800] "GET /google/map/api?latitude=22.874134&longitude=114.114182 HTTP/1.1" 200 19 "-" "she jian lu xing/1.11 (iPhone; iOS 8.1; Scale/2.00)"
14.220.161.234 - - [20/Feb/2015:13:19:56 +0800] "POST /city/version.json HTTP/1.1" 200 70 "-" "she jian lu xing/1.11 (iPhone; iOS 8.1; Scale/2.00)"
27.100.217.16 - - [20/Feb/2015:13:24:48 +0800] "POST /restaurant/search.json HTTP/1.1" 200 83 "-" "she jian lu xing/1.11 (iPhone; iOS 8.1.3; Scale/2.00)"
27.100.217.16 - - [20/Feb/2015:13:24:53 +0800] "POST /restaurant/search.json HTTP/1.1" 200 83 "-" "she jian lu xing/1.11 (iPhone; iOS 8.1.3; Scale/2.00)"
27.100.217.16 - - [20/Feb/2015:13:25:02 +0800] "POST /restaurant/search.json HTTP/1.1" 200 83 "-" "she jian lu xing/1.11 (iPhone; iOS 8.1.3; Scale/2.00)"
27.100.217.16 - - [20/Feb/2015:13:25:06 +0800] "POST /restaurant/search.json HTTP/1.1" 200 83 "-" "she jian lu xing/1.11 (iPhone; iOS 8.1.3; Scale/2.00)"
27.100.217.16 - - [20/Feb/2015:13:25:20 +0800] "POST /restaurant/search.json HTTP/1.1" 200 4327 "-" "she jian lu xing/1.11 (iPhone; iOS 8.1.3; Scale/2.00)"
27.100.217.16 - - [20/Feb/2015:13:25:51 +0800] "POST /restaurant/search.json HTTP/1.1" 200 1299 "-" "she jian lu xing/1.11 (iPhone; iOS 8.1.3; Scale/2.00)"
27.100.217.16 - - [20/Feb/2015:13:26:03 +0800] "POST /restaurant/search.json HTTP/1.1" 200 4781 "-" "she jian lu xing/1.11 (iPhone; iOS 8.1.3; Scale/2.00)"
27.100.217.16 - - [20/Feb/2015:13:26:14 +0800] "POST /restaurant/search.json HTTP/1.1" 200 2392 "-" "she jian lu xing/1.11 (iPhone; iOS 8.1.3; Scale/2.00)"
27.100.217.16 - - [20/Feb/2015:13:26:23 +0800] "POST /restaurant/detail.json HTTP/1.1" 200 6674 "-" "she jian lu xing/1.11 (iPhone; iOS 8.1.3; Scale/2.00)"
27.100.217.16 - - [20/Feb/2015:13:26:23 +0800] "POST /restaurant/image.json HTTP/1.1" 200 198 "-" "she jian lu xing/1.11 (iPhone; iOS 8.1.3; Scale/2.00)"
112.193.146.137 - - [20/Feb/2015:13:27:10 +0800] "POST /city/info.json HTTP/1.1" 200 7943 "-" "-"
112.193.146.137 - - [20/Feb/2015:13:27:14 +0800] "POST /city/info.json HTTP/1.1" 200 7943 "-" "-"
117.136.3.16 - - [20/Feb/2015:13:27:53 +0800] "GET /google/map/api?latitude=43.94017&longitude=116.084194 HTTP/1.1" 200 19 "-" "-"
140.184.189.162 - - [20/Feb/2015:13:30:35 +0800] "GET /google/map/api?latitude=44.630751&longitude=-63.580862 HTTP/1.1" 200 19 "-" "-"
61.170.216.211 - - [20/Feb/2015:13:30:46 +0800] "GET /google/map/api?latitude=31.199896&longitude=121.423705 HTTP/1.1" 200 19 "-" "-"
175.167.136.17 - - [20/Feb/2015:13:30:56 +0800] "GET /google/map/api?latitude=41.877104&longitude=123.517022 HTTP/1.1" 200 19 "-" "-"
203.160.81.93 - - [20/Feb/2015:13:35:31 +0800] "POST /application/list.json HTTP/1.1" 200 1381 "-" "she jian lu xing/1.11 (iPhone; iOS 8.1.3; Scale/2.00)"
203.160.81.93 - - [20/Feb/2015:13:35:45 +0800] "POST /restaurant/coor/search.json HTTP/1.1" 200 4674 "-" "she jian lu xing/1.11 (iPhone; iOS 8.1.3; Scale/2.00)"
203.160.81.93 - - [20/Feb/2015:13:35:53 +0800] "POST /restaurant/coor/search.json HTTP/1.1" 200 5008 "-" "she jian lu xing/1.11 (iPhone; iOS 8.1.3; Scale/2.00)"
203.160.81.93 - - [20/Feb/2015:13:36:28 +0800] "POST /restaurant/coor/search.json HTTP/1.1" 200 4946 "-" "she jian lu xing/1.11 (iPhone; iOS 8.1.3; Scale/2.00)"
203.160.81.93 - - [20/Feb/2015:13:36:42 +0800] "POST /restaurant/coor/search.json HTTP/1.1" 200 4993 "-" "she jian lu xing/1.11 (iPhone; iOS 8.1.3; Scale/2.00)"
203.160.81.93 - - [20/Feb/2015:13:36:53 +0800] "POST /restaurant/detail.json HTTP/1.1" 200 5653 "-" "she jian lu xing/1.11 (iPhone; iOS 8.1.3; Scale/2.00)"
203.160.81.93 - - [20/Feb/2015:13:36:53 +0800] "POST /restaurant/image.json HTTP/1.1" 200 249 "-" "she jian lu xing/1.11 (iPhone; iOS 8.1.3; Scale/2.00)"
203.160.81.93 - - [20/Feb/2015:13:36:55 +0800] "POST /restaurant/detail.json HTTP/1.1" 200 5949 "-" "she jian lu xing/1.11 (iPhone; iOS 8.1.3; Scale/2.00)"
203.160.81.93 - - [20/Feb/2015:13:36:55 +0800] "POST /restaurant/image.json HTTP/1.1" 200 232 "-" "she jian lu xing/1.11 (iPhone; iOS 8.1.3; Scale/2.00)"
203.160.81.93 - - [20/Feb/2015:13:37:11 +0800] "POST /restaurant/coor/search.json HTTP/1.1" 200 4151 "-" "she jian lu xing/1.11 (iPhone; iOS 8.1.3; Scale/2.00)"
182.92.71.179 - - [20/Feb/2015:13:38:11 +0800] "POST /article/detail.json HTTP/1.0" 200 5056 "-" "MyAgent/1.0"
183.44.212.185 - - [20/Feb/2015:13:38:15 +0800] "POST /city/info.json HTTP/1.1" 200 13591 "-" "-"
183.44.212.185 - - [20/Feb/2015:13:38:20 +0800] "POST /city/info.json HTTP/1.1" 200 13591 "-" "-"
183.44.212.185 - - [20/Feb/2015:13:38:24 +0800] "POST /city/list.json HTTP/1.1" 200 1821 "-" "-"
183.44.212.185 - - [20/Feb/2015:13:38:37 +0800] "POST /city/info.json HTTP/1.1" 200 14644 "-" "-"
183.44.212.185 - - [20/Feb/2015:13:39:05 +0800] "POST /restaurant/coor/search.json HTTP/1.1" 200 4075 "-" "-"
183.44.212.185 - - [20/Feb/2015:13:39:18 +0800] "POST /city/info.json HTTP/1.1" 200 14644 "-" "-"
183.44.212.185 - - [20/Feb/2015:13:39:22 +0800] "POST /city/info.json HTTP/1.1" 200 14644 "-" "-"
183.44.212.185 - - [20/Feb/2015:13:39:22 +0800] "POST /city/list.json HTTP/1.1" 200 1821 "-" "-"
183.44.212.185 - - [20/Feb/2015:13:39:26 +0800] "POST /city/info.json HTTP/1.1" 200 7954 "-" "-"
183.44.212.185 - - [20/Feb/2015:13:39:34 +0800] "POST /restaurant/search.json HTTP/1.1" 200 2463 "-" "-"
183.44.212.185 - - [20/Feb/2015:13:39:58 +0800] "POST /city/info.json HTTP/1.1" 200 13591 "-" "-"
183.44.212.185 - - [20/Feb/2015:13:40:18 +0800] "POST /restaurant/search.json HTTP/1.1" 200 5127 "-" "-"
183.44.212.185 - - [20/Feb/2015:13:40:25 +0800] "GET /google/map/api?latitude=23.314029&longitude=116.735378 HTTP/1.1" 200 19 "-" "-"
183.44.212.185 - - [20/Feb/2015:13:40:25 +0800] "POST /restaurant/coor/search.json HTTP/1.1" 200 5427 "-" "-"
183.44.212.185 - - [20/Feb/2015:13:40:31 +0800] "POST /restaurant/detail.json HTTP/1.1" 200 7657 "-" "-"
1.115.195.118 - - [20/Feb/2015:13:40:45 +0800] "POST /city/info.json HTTP/1.1" 200 14080 "-" "-"
183.44.212.185 - - [20/Feb/2015:13:40:58 +0800] "POST /restaurant/detail.json HTTP/1.1" 200 7510 "-" "-"
1.115.195.118 - - [20/Feb/2015:13:41:22 +0800] "POST /restaurant/search.json HTTP/1.1" 200 5112 "-" "-"
1.115.195.118 - - [20/Feb/2015:13:41:42 +0800] "POST /restaurant/search.json HTTP/1.1" 200 5218 "-" "-"
183.44.212.185 - - [20/Feb/2015:13:42:29 +0800] "POST /restaurant/coor/search.json HTTP/1.1" 200 5209 "-" "-"
183.44.212.185 - - [20/Feb/2015:13:42:35 +0800] "POST /restaurant/detail.json HTTP/1.1" 200 5752 "-" "-"
183.44.212.185 - - [20/Feb/2015:13:42:54 +0800] "POST /restaurant/detail.json HTTP/1.1" 200 5916 "-" "-"
183.44.212.185 - - [20/Feb/2015:13:43:38 +0800] "POST /restaurant/search.json HTTP/1.1" 200 6239 "-" "-"
222.137.107.219 - - [20/Feb/2015:13:45:47 +0800] "POST /city/list.json HTTP/1.1" 200 1821 "-" "-"
222.137.107.219 - - [20/Feb/2015:13:45:48 +0800] "POST /city/info.json HTTP/1.1" 200 13291 "-" "-"
222.137.107.219 - - [20/Feb/2015:13:45:52 +0800] "POST /city/info.json HTTP/1.1" 200 13291 "-" "-"
222.137.107.219 - - [20/Feb/2015:13:45:59 +0800] "POST /restaurant/search.json HTTP/1.1" 200 4889 "-" "-"
1.115.195.118 - - [20/Feb/2015:13:46:04 +0800] "POST /restaurant/detail.json HTTP/1.1" 200 8169 "-" "-"
1.115.195.118 - - [20/Feb/2015:13:46:16 +0800] "POST /comment/list.json HTTP/1.1" 200 2129 "-" "-"
222.137.107.219 - - [20/Feb/2015:13:46:28 +0800] "POST /article/list.json HTTP/1.1" 200 1206 "-" "-"
182.92.71.179 - - [20/Feb/2015:13:46:35 +0800] "POST /article/detail.json HTTP/1.0" 200 4378 "-" "MyAgent/1.0"
222.137.107.219 - - [20/Feb/2015:13:48:24 +0800] "POST /article/list.json HTTP/1.1" 200 69 "-" "-"
222.137.107.219 - - [20/Feb/2015:13:48:25 +0800] "POST /article/list.json HTTP/1.1" 200 69 "-" "-"
222.137.107.219 - - [20/Feb/2015:13:48:27 +0800] "POST /article/list.json HTTP/1.1" 200 69 "-" "-"
182.92.71.179 - - [20/Feb/2015:13:48:28 +0800] "POST /article/detail.json HTTP/1.0" 200 5306 "-" "MyAgent/1.0"
222.137.107.219 - - [20/Feb/2015:13:49:07 +0800] "POST /article/list.json HTTP/1.1" 200 69 "-" "-"
182.92.71.179 - - [20/Feb/2015:13:49:08 +0800] "POST /article/detail.json HTTP/1.0" 200 7893 "-" "MyAgent/1.0"
222.137.107.219 - - [20/Feb/2015:13:49:33 +0800] "POST /article/list.json HTTP/1.1" 200 69 "-" "-"
182.92.71.179 - - [20/Feb/2015:13:49:35 +0800] "POST /article/detail.json HTTP/1.0" 200 3123 "-" "MyAgent/1.0"
222.137.107.219 - - [20/Feb/2015:13:49:56 +0800] "POST /restaurant/search.json HTTP/1.1" 200 4774 "-" "-"
117.14.228.162 - - [20/Feb/2015:13:49:57 +0800] "POST /city/info.json HTTP/1.1" 200 13291 "-" "-"
117.14.228.162 - - [20/Feb/2015:13:50:01 +0800] "POST /city/info.json HTTP/1.1" 200 13291 "-" "-"
118.139.254.250 - - [20/Feb/2015:13:50:02 +0800] "GET /google/map/api?latitude=35.855752&longitude=129.208137 HTTP/1.1" 200 19 "-" "-"
222.137.107.219 - - [20/Feb/2015:13:50:09 +0800] "POST /city/list.json HTTP/1.1" 200 1821 "-" "-"
222.137.107.219 - - [20/Feb/2015:13:50:13 +0800] "POST /city/info.json HTTP/1.1" 200 14080 "-" "-"
222.137.107.219 - - [20/Feb/2015:13:50:24 +0800] "GET /google/map/api?latitude=34.786006&longitude=113.715685 HTTP/1.1" 200 19 "-" "-"
222.137.107.219 - - [20/Feb/2015:13:50:31 +0800] "POST /restaurant/search.json HTTP/1.1" 200 5031 "-" "-"
220.178.197.170 - - [20/Feb/2015:13:50:33 +0800] "GET /google/map/api?latitude=32.645082&longitude=116.996879 HTTP/1.1" 200 19 "-" "-"
61.185.125.84 - - [20/Feb/2015:13:51:43 +0800] "GET /google/map/api?latitude=35.407041&longitude=109.1238 HTTP/1.1" 200 19 "-" "-"
222.137.107.219 - - [20/Feb/2015:13:51:48 +0800] "POST /restaurant/search.json HTTP/1.1" 200 5112 "-" "-"
222.137.107.219 - - [20/Feb/2015:13:52:16 +0800] "POST /restaurant/search.json HTTP/1.1" 200 4811 "-" "-"
222.137.107.219 - - [20/Feb/2015:13:52:53 +0800] "POST /restaurant/search.json HTTP/1.1" 200 2915 "-" "-"
222.137.107.219 - - [20/Feb/2015:13:53:00 +0800] "POST /restaurant/detail.json HTTP/1.1" 200 6022 "-" "-"
106.141.151.136 - - [20/Feb/2015:13:53:26 +0800] "POST /article/list.json HTTP/1.1" 200 1124 "-" "she jian lu xing/1.11 (iPhone; iOS 8.1.3; Scale/2.00)"
106.141.151.136 - - [20/Feb/2015:13:53:38 +0800] "POST /restaurant/search.json HTTP/1.1" 200 3043 "-" "she jian lu xing/1.11 (iPhone; iOS 8.1.3; Scale/2.00)"
106.141.151.136 - - [20/Feb/2015:13:53:48 +0800] "POST /restaurant/search.json HTTP/1.1" 200 3043 "-" "she jian lu xing/1.11 (iPhone; iOS 8.1.3; Scale/2.00)"
106.141.151.136 - - [20/Feb/2015:13:53:53 +0800] "POST /restaurant/search.json HTTP/1.1" 200 3043 "-" "she jian lu xing/1.11 (iPhone; iOS 8.1.3; Scale/2.00)"
106.141.151.136 - - [20/Feb/2015:13:53:56 +0800] "POST /restaurant/detail.json HTTP/1.1" 200 5453 "-" "she jian lu xing/1.11 (iPhone; iOS 8.1.3; Scale/2.00)"
106.141.151.136 - - [20/Feb/2015:13:53:56 +0800] "POST /restaurant/image.json HTTP/1.1" 200 255 "-" "she jian lu xing/1.11 (iPhone; iOS 8.1.3; Scale/2.00)"
140.184.189.162 - - [20/Feb/2015:13:54:36 +0800] "GET /google/map/api?latitude=44.630198&longitude=-63.57911 HTTP/1.1" 200 19 "-" "-"
140.184.189.162 - - [20/Feb/2015:13:57:19 +0800] "GET /google/map/api?latitude=44.630205&longitude=-63.579107 HTTP/1.1" 200 19 "-" "-"
1.115.195.118 - - [20/Feb/2015:13:59:14 +0800] "POST /city/info.json HTTP/1.1" 200 14647 "-" "-"
1.115.195.118 - - [20/Feb/2015:13:59:34 +0800] "POST /restaurant/search.json HTTP/1.1" 200 5222 "-" "-"
1.115.195.118 - - [20/Feb/2015:13:59:46 +0800] "POST /restaurant/coor/search.json HTTP/1.1" 200 4989 "-" "-"
1.115.195.118 - - [20/Feb/2015:14:00:01 +0800] "POST /restaurant/coor/search.json HTTP/1.1" 200 5000 "-" "-"
175.167.136.17 - - [20/Feb/2015:14:00:05 +0800] "GET /google/map/api?latitude=41.831858&longitude=123.418578 HTTP/1.1" 200 19 "-" "-"
183.18.228.7 - - [20/Feb/2015:14:00:05 +0800] "GET /google/map/api?latitude=23.610593&longitude=116.39342 HTTP/1.1" 200 19 "-" "-"
1.115.195.118 - - [20/Feb/2015:14:00:19 +0800] "POST /restaurant/coor/search.json HTTP/1.1" 200 4946 "-" "-"
117.136.3.16 - - [20/Feb/2015:14:00:43 +0800] "GET /google/map/api?latitude=43.939262&longitude=116.090663 HTTP/1.1" 200 19 "-" "-"
1.115.195.118 - - [20/Feb/2015:14:00:52 +0800] "POST /restaurant/search.json HTTP/1.1" 200 2779 "-" "-"
1.115.195.118 - - [20/Feb/2015:14:01:05 +0800] "POST /restaurant/detail.json HTTP/1.1" 200 6212 "-" "-"
1.115.195.118 - - [20/Feb/2015:14:01:11 +0800] "POST /comment/list.json HTTP/1.1" 200 1663 "-" "-"
124.41.252.230 - - [20/Feb/2015:14:01:20 +0800] "POST /city/info.json HTTP/1.1" 200 13291 "-" "-"
124.41.252.230 - - [20/Feb/2015:14:01:23 +0800] "POST /city/info.json HTTP/1.1" 200 13291 "-" "-"
1.115.195.118 - - [20/Feb/2015:14:01:28 +0800] "POST /restaurant/search.json HTTP/1.1" 200 1127 "-" "-"
1.115.195.118 - - [20/Feb/2015:14:01:33 +0800] "POST /restaurant/search.json HTTP/1.1" 200 2779 "-" "-"
124.41.252.230 - - [20/Feb/2015:14:01:43 +0800] "POST /city/list.json HTTP/1.1" 200 1821 "-" "-"
1.115.195.118 - - [20/Feb/2015:14:01:43 +0800] "POST /restaurant/search.json HTTP/1.1" 200 2779 "-" "-"
1.115.195.118 - - [20/Feb/2015:14:01:47 +0800] "POST /restaurant/detail.json HTTP/1.1" 200 6213 "-" "-"
124.41.252.230 - - [20/Feb/2015:14:01:50 +0800] "POST /city/info.json HTTP/1.1" 200 14118 "-" "-"
113.5.2.9 - - [20/Feb/2015:14:02:27 +0800] "POST /city/info.json HTTP/1.1" 200 13291 "-" "-"
113.5.2.9 - - [20/Feb/2015:14:02:31 +0800] "POST /city/info.json HTTP/1.1" 200 13291 "-" "-"
113.5.2.9 - - [20/Feb/2015:14:02:37 +0800] "POST /restaurant/search.json HTTP/1.1" 200 4713 "-" "-"
112.115.221.4 - - [20/Feb/2015:14:02:45 +0800] "POST /city/info.json HTTP/1.1" 200 13291 "-" "-"
112.115.221.4 - - [20/Feb/2015:14:02:49 +0800] "POST /city/info.json HTTP/1.1" 200 13291 "-" "-"
112.115.221.4 - - [20/Feb/2015:14:02:53 +0800] "POST /restaurant/coor/search.json HTTP/1.1" 200 4539 "-" "-"
112.115.221.4 - - [20/Feb/2015:14:03:02 +0800] "POST /restaurant/detail.json HTTP/1.1" 200 5994 "-" "-"
112.115.221.4 - - [20/Feb/2015:14:03:27 +0800] "POST /restaurant/detail.json HTTP/1.1" 200 5288 "-" "-"
140.184.189.162 - - [20/Feb/2015:14:05:28 +0800] "GET /google/map/api?latitude=44.6302&longitude=-63.579109 HTTP/1.1" 200 19 "-" "-"
220.178.197.170 - - [20/Feb/2015:14:12:18 +0800] "GET /google/map/api?latitude=32.645058&longitude=116.996868 HTTP/1.1" 200 19 "-" "-"
123.150.222.28 - - [20/Feb/2015:14:14:22 +0800] "POST /city/info.json HTTP/1.1" 200 13591 "-" "-"
123.150.222.28 - - [20/Feb/2015:14:14:26 +0800] "POST /city/info.json HTTP/1.1" 200 13591 "-" "-"
123.150.222.28 - - [20/Feb/2015:14:14:36 +0800] "POST /restaurant/search.json HTTP/1.1" 200 5438 "-" "-"
123.150.222.28 - - [20/Feb/2015:14:14:41 +0800] "POST /city/list.json HTTP/1.1" 200 1821 "-" "-"
126.253.43.239 - - [20/Feb/2015:14:15:08 +0800] "POST /application/list.json HTTP/1.1" 200 1381 "-" "she jian lu xing/1.11 (iPhone; iOS 8.1.3; Scale/2.00)"
126.253.43.239 - - [20/Feb/2015:14:15:08 +0800] "GET /google/map/api?latitude=35.690826&longitude=139.712494 HTTP/1.1" 200 11326 "-" "she jian lu xing/1.11 (iPhone; iOS 8.1.3; Scale/2.00)"
126.253.43.239 - - [20/Feb/2015:14:15:16 +0800] "POST /restaurant/coor/search.json HTTP/1.1" 200 4812 "-" "she jian lu xing/1.11 (iPhone; iOS 8.1.3; Scale/2.00)"
123.150.222.28 - - [20/Feb/2015:14:15:29 +0800] "GET /google/map/api?latitude=39.734704&longitude=117.389068 HTTP/1.1" 200 19 "-" "-"
126.253.43.239 - - [20/Feb/2015:14:15:31 +0800] "POST /restaurant/coor/search.json HTTP/1.1" 200 4771 "-" "she jian lu xing/1.11 (iPhone; iOS 8.1.3; Scale/2.00)"
111.175.91.115 - - [20/Feb/2015:14:15:39 +0800] "POST /city/list.json HTTP/1.1" 200 1821 "-" "-"
111.175.91.115 - - [20/Feb/2015:14:15:42 +0800] "POST /city/info.json HTTP/1.1" 200 13291 "-" "-"
123.150.222.28 - - [20/Feb/2015:14:15:43 +0800] "POST /eat/wanteat/list.json HTTP/1.1" 200 5543 "-" "-"
111.175.91.115 - - [20/Feb/2015:14:15:46 +0800] "POST /city/info.json HTTP/1.1" 200 13291 "-" "-"
111.175.91.115 - - [20/Feb/2015:14:15:49 +0800] "POST /city/list.json HTTP/1.1" 200 1821 "-" "-"
123.150.222.28 - - [20/Feb/2015:14:15:52 +0800] "POST /restaurant/search.json HTTP/1.1" 200 5102 "-" "-"
117.136.1.226 - - [20/Feb/2015:14:16:00 +0800] "POST /restaurant/search.json HTTP/1.1" 200 4713 "-" "-"
111.175.91.115 - - [20/Feb/2015:14:16:16 +0800] "POST /eat/wanteat/list.json HTTP/1.1" 200 5468 "-" "-"
123.150.222.28 - - [20/Feb/2015:14:16:18 +0800] "POST /restaurant/search.json HTTP/1.1" 200 1048 "-" "-"
123.150.222.28 - - [20/Feb/2015:14:16:31 +0800] "POST /restaurant/search.json HTTP/1.1" 200 84 "-" "-"
123.150.222.28 - - [20/Feb/2015:14:16:32 +0800] "POST /restaurant/search.json HTTP/1.1" 200 84 "-" "-"
123.150.222.28 - - [20/Feb/2015:14:16:33 +0800] "POST /restaurant/search.json HTTP/1.1" 200 84 "-" "-"
123.150.222.28 - - [20/Feb/2015:14:16:35 +0800] "POST /restaurant/search.json HTTP/1.1" 200 84 "-" "-"
123.150.222.28 - - [20/Feb/2015:14:16:50 +0800] "POST /restaurant/search.json HTTP/1.1" 200 3860 "-" "-"
140.184.189.162 - - [20/Feb/2015:14:17:03 +0800] "GET /google/map/api?latitude=44.630233&longitude=-63.579141 HTTP/1.1" 200 19 "-" "-"
111.175.91.115 - - [20/Feb/2015:14:17:17 +0800] "GET /google/map/api?latitude=30.465259&longitude=114.372346 HTTP/1.1" 200 19 "-" "-"
123.150.222.28 - - [20/Feb/2015:14:17:19 +0800] "POST /restaurant/search.json HTTP/1.1" 200 1302 "-" "-"
123.150.222.28 - - [20/Feb/2015:14:17:40 +0800] "POST /restaurant/search.json HTTP/1.1" 200 84 "-" "-"
123.150.222.28 - - [20/Feb/2015:14:17:42 +0800] "POST /restaurant/search.json HTTP/1.1" 200 84 "-" "-"
111.175.91.115 - - [20/Feb/2015:14:17:43 +0800] "GET /google/map/api?latitude=30.465259&longitude=114.372346 HTTP/1.1" 200 19 "-" "-"
123.150.222.28 - - [20/Feb/2015:14:17:44 +0800] "POST /restaurant/search.json HTTP/1.1" 200 84 "-" "-"
140.184.189.162 - - [20/Feb/2015:14:19:45 +0800] "GET /google/map/api?latitude=44.630106&longitude=-63.579056 HTTP/1.1" 200 19 "-" "-"
42.48.199.84 - - [20/Feb/2015:14:22:27 +0800] "POST /application/list.json HTTP/1.1" 200 3820 "-" "she jian lu xing/1.11 (iPhone; iOS 8.1.3; Scale/2.00)"
42.48.199.84 - - [20/Feb/2015:14:22:35 +0800] "GET /google/map/api?latitude=0.000000&longitude=0.000000 HTTP/1.1" 200 23676 "-" "she jian lu xing/1.11 (iPhone; iOS 8.1.3; Scale/2.00)"
42.48.199.84 - - [20/Feb/2015:14:23:12 +0800] "POST /city/version.json HTTP/1.1" 200 41 "-" "she jian lu xing/1.11 (iPhone; iOS 8.1.3; Scale/2.00)"
42.48.199.84 - - [20/Feb/2015:14:23:12 +0800] "POST /city/list.json HTTP/1.1" 200 8562 "-" "she jian lu xing/1.11 (iPhone; iOS 8.1.3; Scale/2.00)"
42.48.199.84 - - [20/Feb/2015:14:23:15 +0800] "POST /city/info.json HTTP/1.1" 200 44451 "-" "she jian lu xing/1.11 (iPhone; iOS 8.1.3; Scale/2.00)"
111.236.181.114 - - [20/Feb/2015:14:23:19 +0800] "POST /city/info.json HTTP/1.1" 200 13291 "-" "-"
111.236.181.114 - - [20/Feb/2015:14:23:23 +0800] "POST /city/info.json HTTP/1.1" 200 13291 "-" "-"
140.184.189.162 - - [20/Feb/2015:14:23:25 +0800] "GET /google/map/api?latitude=44.63028&longitude=-63.578964 HTTP/1.1" 200 19 "-" "-"
115.153.83.86 - - [20/Feb/2015:14:24:51 +0800] "GET /google/map/api?latitude=25.594188&longitude=115.781857 HTTP/1.1" 200 19 "-" "-"
115.153.83.86 - - [20/Feb/2015:14:24:53 +0800] "POST /city/info.json HTTP/1.1" 200 13291 "-" "-"
115.153.83.86 - - [20/Feb/2015:14:24:53 +0800] "POST /city/info.json HTTP/1.1" 200 13291 "-" "-"
175.169.1.71 - - [20/Feb/2015:14:25:04 +0800] "GET /google/map/api?latitude=41.828851&longitude=123.540116 HTTP/1.1" 200 19 "-" "-"
115.153.83.86 - - [20/Feb/2015:14:25:54 +0800] "GET /google/map/api?latitude=25.594188&longitude=115.781857 HTTP/1.1" 200 19 "-" "-"
180.99.38.117 - - [20/Feb/2015:14:26:36 +0800] "POST /city/list.json HTTP/1.1" 200 1821 "-" "-"
180.99.38.117 - - [20/Feb/2015:14:26:37 +0800] "POST /city/info.json HTTP/1.1" 200 13291 "-" "-"
180.99.38.117 - - [20/Feb/2015:14:26:41 +0800] "POST /city/info.json HTTP/1.1" 200 13291 "-" "-"
122.25.57.126 - - [20/Feb/2015:14:26:44 +0800] "POST /application/list.json HTTP/1.1" 200 1381 "-" "she jian lu xing/1.11 (iPhone; iOS 8.1.3; Scale/2.00)"
122.25.57.126 - - [20/Feb/2015:14:26:51 +0800] "GET /google/map/api?latitude=35.850430&longitude=139.402481 HTTP/1.1" 200 11323 "-" "she jian lu xing/1.11 (iPhone; iOS 8.1.3; Scale/2.00)"
180.99.38.117 - - [20/Feb/2015:14:27:18 +0800] "POST /restaurant/search.json HTTP/1.1" 200 4713 "-" "-"
61.170.216.211 - - [20/Feb/2015:14:28:22 +0800] "GET /google/map/api?latitude=31.199671&longitude=121.423701 HTTP/1.1" 200 19 "-" "-"
60.16.128.81 - - [20/Feb/2015:14:32:11 +0800] "GET /google/map/api?latitude=41.864482&longitude=123.415552 HTTP/1.1" 200 19 "-" "-"
117.136.3.18 - - [20/Feb/2015:14:34:30 +0800] "GET /google/map/api?latitude=43.939263&longitude=116.090662 HTTP/1.1" 200 19 "-" "-"
117.191.17.14 - - [20/Feb/2015:14:35:11 +0800] "GET /google/map/api?latitude=43.809915&longitude=87.591587 HTTP/1.1" 200 19 "-" "-"
203.160.81.92 - - [20/Feb/2015:14:36:44 +0800] "POST /application/list.json HTTP/1.1" 200 1381 "-" "she jian lu xing/1.11 (iPhone; iOS 8.0.2; Scale/2.00)"
203.160.81.92 - - [20/Feb/2015:14:36:45 +0800] "GET /google/map/api?latitude=35.003860&longitude=135.767166 HTTP/1.1" 200 11994 "-" "she jian lu xing/1.11 (iPhone; iOS 8.0.2; Scale/2.00)"
203.160.81.92 - - [20/Feb/2015:14:36:47 +0800] "POST /restaurant/search.json HTTP/1.1" 200 5182 "-" "she jian lu xing/1.11 (iPhone; iOS 8.0.2; Scale/2.00)"
203.160.81.92 - - [20/Feb/2015:14:37:04 +0800] "POST /restaurant/detail.json HTTP/1.1" 200 7077 "-" "she jian lu xing/1.11 (iPhone; iOS 8.0.2; Scale/2.00)"
203.160.81.92 - - [20/Feb/2015:14:37:05 +0800] "POST /restaurant/image.json HTTP/1.1" 200 214 "-" "she jian lu xing/1.11 (iPhone; iOS 8.0.2; Scale/2.00)"
218.66.73.51 - - [20/Feb/2015:14:37:19 +0800] "GET /google/map/api?latitude=26.037999&longitude=119.306172 HTTP/1.1" 200 19 "-" "-"
203.160.81.92 - - [20/Feb/2015:14:37:29 +0800] "POST /restaurant/detail.json HTTP/1.1" 200 5673 "-" "she jian lu xing/1.11 (iPhone; iOS 8.0.2; Scale/2.00)"
203.160.81.92 - - [20/Feb/2015:14:37:30 +0800] "POST /restaurant/image.json HTTP/1.1" 200 218 "-" "she jian lu xing/1.11 (iPhone; iOS 8.0.2; Scale/2.00)"
203.160.81.92 - - [20/Feb/2015:14:37:48 +0800] "POST /restaurant/detail.json HTTP/1.1" 200 5749 "-" "she jian lu xing/1.11 (iPhone; iOS 8.0.2; Scale/2.00)"
203.160.81.92 - - [20/Feb/2015:14:37:48 +0800] "POST /restaurant/image.json HTTP/1.1" 200 242 "-" "she jian lu xing/1.11 (iPhone; iOS 8.0.2; Scale/2.00)"
203.160.81.92 - - [20/Feb/2015:14:38:20 +0800] "POST /restaurant/detail.json HTTP/1.1" 200 7151 "-" "she jian lu xing/1.11 (iPhone; iOS 8.0.2; Scale/2.00)"
203.160.81.92 - - [20/Feb/2015:14:38:20 +0800] "POST /restaurant/image.json HTTP/1.1" 200 245 "-" "she jian lu xing/1.11 (iPhone; iOS 8.0.2; Scale/2.00)"
203.160.81.92 - - [20/Feb/2015:14:38:42 +0800] "POST /restaurant/search.json HTTP/1.1" 200 5276 "-" "she jian lu xing/1.11 (iPhone; iOS 8.0.2; Scale/2.00)"
203.160.81.92 - - [20/Feb/2015:14:39:06 +0800] "POST /restaurant/search.json HTTP/1.1" 200 5450 "-" "she jian lu xing/1.11 (iPhone; iOS 8.0.2; Scale/2.00)"
203.160.81.92 - - [20/Feb/2015:14:39:24 +0800] "POST /restaurant/detail.json HTTP/1.1" 200 5735 "-" "she jian lu xing/1.11 (iPhone; iOS 8.0.2; Scale/2.00)"
203.160.81.92 - - [20/Feb/2015:14:39:24 +0800] "POST /restaurant/image.json HTTP/1.1" 200 204 "-" "she jian lu xing/1.11 (iPhone; iOS 8.0.2; Scale/2.00)"
203.160.81.91 - - [20/Feb/2015:14:39:25 +0800] "POST /application/list.json HTTP/1.1" 200 1381 "-" "she jian lu xing/1.11 (iPhone; iOS 8.1.3; Scale/2.00)"
203.160.81.91 - - [20/Feb/2015:14:39:25 +0800] "GET /google/map/api?latitude=34.435982&longitude=135.243408 HTTP/1.1" 200 12460 "-" "she jian lu xing/1.11 (iPhone; iOS 8.1.3; Scale/2.00)"
203.160.81.92 - - [20/Feb/2015:14:39:57 +0800] "POST /restaurant/search.json HTTP/1.1" 200 4891 "-" "she jian lu xing/1.11 (iPhone; iOS 8.0.2; Scale/2.00)"
203.160.81.92 - - [20/Feb/2015:14:40:00 +0800] "POST /restaurant/search.json HTTP/1.1" 200 5183 "-" "she jian lu xing/1.11 (iPhone; iOS 8.0.2; Scale/2.00)"
203.160.81.91 - - [20/Feb/2015:14:40:05 +0800] "POST /restaurant/search.json HTTP/1.1" 200 3539 "-" "she jian lu xing/1.11 (iPhone; iOS 8.1.3; Scale/2.00)"
203.160.81.92 - - [20/Feb/2015:14:40:06 +0800] "POST /restaurant/detail.json HTTP/1.1" 200 5362 "-" "she jian lu xing/1.11 (iPhone; iOS 8.0.2; Scale/2.00)"
203.160.81.92 - - [20/Feb/2015:14:40:06 +0800] "POST /restaurant/image.json HTTP/1.1" 200 290 "-" "she jian lu xing/1.11 (iPhone; iOS 8.0.2; Scale/2.00)"
203.160.81.92 - - [20/Feb/2015:14:40:37 +0800] "POST /restaurant/detail.json HTTP/1.1" 200 6995 "-" "she jian lu xing/1.11 (iPhone; iOS 8.0.2; Scale/2.00)"
203.160.81.92 - - [20/Feb/2015:14:40:38 +0800] "POST /restaurant/image.json HTTP/1.1" 200 231 "-" "she jian lu xing/1.11 (iPhone; iOS 8.0.2; Scale/2.00)"
203.160.81.91 - - [20/Feb/2015:14:40:43 +0800] "POST /restaurant/search.json HTTP/1.1" 200 4923 "-" "she jian lu xing/1.11 (iPhone; iOS 8.1.3; Scale/2.00)"
203.160.81.91 - - [20/Feb/2015:14:40:45 +0800] "POST /restaurant/search.json HTTP/1.1" 200 3708 "-" "she jian lu xing/1.11 (iPhone; iOS 8.1.3; Scale/2.00)"
203.160.81.91 - - [20/Feb/2015:14:40:48 +0800] "POST /restaurant/detail.json HTTP/1.1" 200 5488 "-" "she jian lu xing/1.11 (iPhone; iOS 8.1.3; Scale/2.00)"
203.160.81.91 - - [20/Feb/2015:14:40:48 +0800] "POST /restaurant/image.json HTTP/1.1" 200 254 "-" "she jian lu xing/1.11 (iPhone; iOS 8.1.3; Scale/2.00)"
203.160.81.91 - - [20/Feb/2015:14:40:52 +0800] "POST /restaurant/search.json HTTP/1.1" 200 4932 "-" "she jian lu xing/1.11 (iPhone; iOS 8.1.3; Scale/2.00)"
203.160.81.91 - - [20/Feb/2015:14:41:24 +0800] "POST /restaurant/search.json HTTP/1.1" 200 2795 "-" "she jian lu xing/1.11 (iPhone; iOS 8.1.3; Scale/2.00)"
203.160.81.92 - - [20/Feb/2015:14:41:35 +0800] "POST /restaurant/detail.json HTTP/1.1" 200 7077 "-" "she jian lu xing/1.11 (iPhone; iOS 8.0.2; Scale/2.00)"
203.160.81.92 - - [20/Feb/2015:14:41:35 +0800] "POST /restaurant/image.json HTTP/1.1" 200 214 "-" "she jian lu xing/1.11 (iPhone; iOS 8.0.2; Scale/2.00)"
203.160.81.91 - - [20/Feb/2015:14:41:36 +0800] "POST /restaurant/search.json HTTP/1.1" 200 2780 "-" "she jian lu xing/1.11 (iPhone; iOS 8.1.3; Scale/2.00)"
203.160.81.92 - - [20/Feb/2015:14:41:49 +0800] "POST /restaurant/detail.json HTTP/1.1" 200 5673 "-" "she jian lu xing/1.11 (iPhone; iOS 8.0.2; Scale/2.00)"
203.160.81.92 - - [20/Feb/2015:14:41:49 +0800] "POST /restaurant/image.json HTTP/1.1" 200 218 "-" "she jian lu xing/1.11 (iPhone; iOS 8.0.2; Scale/2.00)"
203.160.81.91 - - [20/Feb/2015:14:42:00 +0800] "POST /restaurant/coor/search.json HTTP/1.1" 200 4984 "-" "she jian lu xing/1.11 (iPhone; iOS 8.1.3; Scale/2.00)"
203.160.81.91 - - [20/Feb/2015:14:42:09 +0800] "POST /restaurant/search.json HTTP/1.1" 200 3529 "-" "she jian lu xing/1.11 (iPhone; iOS 8.1.3; Scale/2.00)"
203.160.81.91 - - [20/Feb/2015:14:42:16 +0800] "POST /restaurant/search.json HTTP/1.1" 200 4009 "-" "she jian lu xing/1.11 (iPhone; iOS 8.1.3; Scale/2.00)"
220.248.175.104 - - [20/Feb/2015:14:46:30 +0800] "POST /city/list.json HTTP/1.1" 200 8562 "-" "-"
220.248.175.104 - - [20/Feb/2015:14:46:33 +0800] "POST /city/list.json HTTP/1.1" 200 8562 "-" "-"
220.248.175.104 - - [20/Feb/2015:14:46:43 +0800] "POST /city/info.json HTTP/1.1" 200 39028 "-" "-"
220.248.175.104 - - [20/Feb/2015:14:46:46 +0800] "POST /city/info.json HTTP/1.1" 200 39028 "-" "-"
220.248.175.104 - - [20/Feb/2015:14:46:52 +0800] "POST /restaurant/search.json HTTP/1.1" 200 12461 "-" "-"
218.9.39.230 - - [20/Feb/2015:14:49:03 +0800] "POST /city/info.json HTTP/1.1" 200 13291 "-" "-"
218.9.39.230 - - [20/Feb/2015:14:49:07 +0800] "POST /city/info.json HTTP/1.1" 200 13291 "-" "-"
203.160.81.99 - - [20/Feb/2015:14:49:18 +0800] "POST /application/list.json HTTP/1.1" 200 1381 "-" "she jian lu xing/1.11 (iPhone; iOS 7.1.2; Scale/2.00)"
203.160.81.99 - - [20/Feb/2015:14:49:30 +0800] "POST /city/info.json HTTP/1.1" 200 8746 "-" "she jian lu xing/1.11 (iPhone; iOS 7.1.2; Scale/2.00)"
203.160.81.99 - - [20/Feb/2015:14:49:30 +0800] "POST /city/info.json HTTP/1.1" 200 8746 "-" "she jian lu xing/1.11 (iPhone; iOS 7.1.2; Scale/2.00)"
203.160.81.99 - - [20/Feb/2015:14:49:43 +0800] "POST /restaurant/coor/search.json HTTP/1.1" 200 4779 "-" "she jian lu xing/1.11 (iPhone; iOS 7.1.2; Scale/2.00)"
203.160.81.99 - - [20/Feb/2015:14:50:53 +0800] "POST /restaurant/coor/search.json HTTP/1.1" 200 4841 "-" "she jian lu xing/1.11 (iPhone; iOS 7.1.2; Scale/2.00)"
203.160.81.99 - - [20/Feb/2015:14:51:14 +0800] "POST /restaurant/coor/search.json HTTP/1.1" 200 4247 "-" "she jian lu xing/1.11 (iPhone; iOS 7.1.2; Scale/2.00)"
203.160.81.99 - - [20/Feb/2015:14:51:40 +0800] "POST /restaurant/coor/search.json HTTP/1.1" 200 2523 "-" "she jian lu xing/1.11 (iPhone; iOS 7.1.2; Scale/2.00)"
203.160.81.99 - - [20/Feb/2015:14:51:41 +0800] "POST /article/list.json HTTP/1.1" 200 898 "-" "she jian lu xing/1.11 (iPhone; iOS 7.1.2; Scale/2.00)"
223.104.31.24 - - [20/Feb/2015:14:51:46 +0800] "GET /google/map/api?latitude=25.597117&longitude=115.78279 HTTP/1.1" 200 19 "-" "-"
182.92.71.179 - - [20/Feb/2015:14:51:53 +0800] "POST /article/detail.json HTTP/1.0" 200 9528 "-" "MyAgent/1.0"
203.160.81.99 - - [20/Feb/2015:14:53:20 +0800] "POST /restaurant/search.json HTTP/1.1" 200 4932 "-" "she jian lu xing/1.11 (iPhone; iOS 7.1.2; Scale/2.00)"
203.160.81.99 - - [20/Feb/2015:14:53:42 +0800] "POST /restaurant/coor/search.json HTTP/1.1" 200 4788 "-" "she jian lu xing/1.11 (iPhone; iOS 7.1.2; Scale/2.00)"
203.160.81.99 - - [20/Feb/2015:14:53:50 +0800] "POST /restaurant/detail.json HTTP/1.1" 200 5496 "-" "she jian lu xing/1.11 (iPhone; iOS 7.1.2; Scale/2.00)"
203.160.81.99 - - [20/Feb/2015:14:53:51 +0800] "POST /restaurant/image.json HTTP/1.1" 200 203 "-" "she jian lu xing/1.11 (iPhone; iOS 7.1.2; Scale/2.00)"
203.160.81.99 - - [20/Feb/2015:14:54:15 +0800] "POST /restaurant/detail.json HTTP/1.1" 200 5530 "-" "she jian lu xing/1.11 (iPhone; iOS 7.1.2; Scale/2.00)"
203.160.81.99 - - [20/Feb/2015:14:54:16 +0800] "POST /restaurant/image.json HTTP/1.1" 200 203 "-" "she jian lu xing/1.11 (iPhone; iOS 7.1.2; Scale/2.00)"
203.160.81.99 - - [20/Feb/2015:14:55:11 +0800] "POST /restaurant/coor/search.json HTTP/1.1" 200 2592 "-" "she jian lu xing/1.11 (iPhone; iOS 7.1.2; Scale/2.00)"
203.160.81.99 - - [20/Feb/2015:14:55:36 +0800] "POST /restaurant/detail.json HTTP/1.1" 200 4999 "-" "she jian lu xing/1.11 (iPhone; iOS 7.1.2; Scale/2.00)"
203.160.81.99 - - [20/Feb/2015:14:55:39 +0800] "POST /restaurant/image.json HTTP/1.1" 200 241 "-" "she jian lu xing/1.11 (iPhone; iOS 7.1.2; Scale/2.00)"
122.25.57.126 - - [20/Feb/2015:14:56:23 +0800] "POST /article/list.json HTTP/1.1" 200 1206 "-" "she jian lu xing/1.11 (iPhone; iOS 8.1.3; Scale/2.00)"
122.25.57.126 - - [20/Feb/2015:14:56:28 +0800] "POST /restaurant/search.json HTTP/1.1" 200 4844 "-" "she jian lu xing/1.11 (iPhone; iOS 8.1.3; Scale/2.00)"
122.25.57.126 - - [20/Feb/2015:14:56:38 +0800] "POST /restaurant/search.json HTTP/1.1" 200 4946 "-" "she jian lu xing/1.11 (iPhone; iOS 8.1.3; Scale/2.00)"
122.25.57.126 - - [20/Feb/2015:14:56:39 +0800] "POST /restaurant/detail.json HTTP/1.1" 200 5218 "-" "she jian lu xing/1.11 (iPhone; iOS 8.1.3; Scale/2.00)"
122.25.57.126 - - [20/Feb/2015:14:56:40 +0800] "POST /restaurant/image.json HTTP/1.1" 200 202 "-" "she jian lu xing/1.11 (iPhone; iOS 8.1.3; Scale/2.00)"
122.25.57.126 - - [20/Feb/2015:14:56:43 +0800] "POST /restaurant/detail.json HTTP/1.1" 200 5218 "-" "she jian lu xing/1.11 (iPhone; iOS 8.1.3; Scale/2.00)"
122.25.57.126 - - [20/Feb/2015:14:56:44 +0800] "POST /restaurant/image.json HTTP/1.1" 200 202 "-" "she jian lu xing/1.11 (iPhone; iOS 8.1.3; Scale/2.00)"
122.25.57.126 - - [20/Feb/2015:14:56:45 +0800] "POST /restaurant/detail.json HTTP/1.1" 200 5217 "-" "she jian lu xing/1.11 (iPhone; iOS 8.1.3; Scale/2.00)"
122.25.57.126 - - [20/Feb/2015:14:56:45 +0800] "POST /restaurant/image.json HTTP/1.1" 200 202 "-" "she jian lu xing/1.11 (iPhone; iOS 8.1.3; Scale/2.00)"
122.25.57.126 - - [20/Feb/2015:14:57:09 +0800] "POST /restaurant/coor/search.json HTTP/1.1" 200 4805 "-" "she jian lu xing/1.11 (iPhone; iOS 8.1.3; Scale/2.00)"
122.25.57.126 - - [20/Feb/2015:14:57:16 +0800] "POST /restaurant/detail.json HTTP/1.1" 200 5401 "-" "she jian lu xing/1.11 (iPhone; iOS 8.1.3; Scale/2.00)"
122.25.57.126 - - [20/Feb/2015:14:57:16 +0800] "POST /restaurant/image.json HTTP/1.1" 200 202 "-" "she jian lu xing/1.11 (iPhone; iOS 8.1.3; Scale/2.00)"
122.25.57.126 - - [20/Feb/2015:14:57:46 +0800] "POST /restaurant/coor/search.json HTTP/1.1" 200 4584 "-" "she jian lu xing/1.11 (iPhone; iOS 8.1.3; Scale/2.00)"
122.25.57.126 - - [20/Feb/2015:14:57:56 +0800] "POST /restaurant/coor/search.json HTTP/1.1" 200 3374 "-" "she jian lu xing/1.11 (iPhone; iOS 8.1.3; Scale/2.00)"
122.25.57.126 - - [20/Feb/2015:14:58:03 +0800] "POST /restaurant/coor/search.json HTTP/1.1" 200 3374 "-" "she jian lu xing/1.11 (iPhone; iOS 8.1.3; Scale/2.00)"
220.178.197.170 - - [20/Feb/2015:14:58:09 +0800] "GET /google/map/api?latitude=32.645083&longitude=116.996879 HTTP/1.1" 200 19 "-" "-"
122.25.57.126 - - [20/Feb/2015:14:58:19 +0800] "POST /restaurant/coor/search.json HTTP/1.1" 200 4843 "-" "she jian lu xing/1.11 (iPhone; iOS 8.1.3; Scale/2.00)"
140.184.189.162 - - [20/Feb/2015:14:58:58 +0800] "GET /google/map/api?latitude=44.630611&longitude=-63.580421 HTTP/1.1" 200 19 "-" "-"
122.25.57.126 - - [20/Feb/2015:14:59:30 +0800] "POST /restaurant/search.json HTTP/1.1" 200 5302 "-" "she jian lu xing/1.11 (iPhone; iOS 8.1.3; Scale/2.00)"
122.25.57.126 - - [20/Feb/2015:14:59:38 +0800] "POST /restaurant/search.json HTTP/1.1" 200 83 "-" "she jian lu xing/1.11 (iPhone; iOS 8.1.3; Scale/2.00)"
122.25.57.126 - - [20/Feb/2015:14:59:41 +0800] "POST /restaurant/search.json HTTP/1.1" 200 83 "-" "she jian lu xing/1.11 (iPhone; iOS 8.1.3; Scale/2.00)"
122.25.57.126 - - [20/Feb/2015:14:59:43 +0800] "POST /restaurant/search.json HTTP/1.1" 200 83 "-" "she jian lu xing/1.11 (iPhone; iOS 8.1.3; Scale/2.00)"
122.25.57.126 - - [20/Feb/2015:14:59:46 +0800] "POST /restaurant/search.json HTTP/1.1" 200 83 "-" "she jian lu xing/1.11 (iPhone; iOS 8.1.3; Scale/2.00)"
122.25.57.126 - - [20/Feb/2015:14:59:48 +0800] "POST /restaurant/search.json HTTP/1.1" 200 83 "-" "she jian lu xing/1.11 (iPhone; iOS 8.1.3; Scale/2.00)"
140.184.189.162 - - [20/Feb/2015:15:02:29 +0800] "GET /google/map/api?latitude=44.630605&longitude=-63.580425 HTTP/1.1" 200 19 "-" "-"
182.243.102.66 - - [20/Feb/2015:15:09:02 +0800] "POST /city/info.json HTTP/1.1" 200 13291 "-" "-"
182.243.102.66 - - [20/Feb/2015:15:09:05 +0800] "POST /city/info.json HTTP/1.1" 200 13291 "-" "-"
182.243.102.66 - - [20/Feb/2015:15:09:39 +0800] "GET /google/map/api?latitude=22.485572&longitude=101.509635 HTTP/1.1" 200 19 "-" "-"
140.184.189.162 - - [20/Feb/2015:15:10:08 +0800] "GET /google/map/api?latitude=44.630609&longitude=-63.580426 HTTP/1.1" 200 19 "-" "-"
60.16.128.81 - - [20/Feb/2015:15:10:21 +0800] "GET /google/map/api?latitude=41.864452&longitude=123.415664 HTTP/1.1" 200 19 "-" "-"
106.144.83.56 - - [20/Feb/2015:15:11:38 +0800] "GET /google/map/api?latitude=34.669011&longitude=135.501612 HTTP/1.1" 200 12463 "-" "-"
110.81.120.224 - - [20/Feb/2015:15:12:05 +0800] "POST /application/list.json HTTP/1.1" 200 1381 "-" "she jian lu xing/1.11 (iPhone; iOS 8.1.3; Scale/2.00)"
110.81.120.224 - - [20/Feb/2015:15:12:08 +0800] "GET /google/map/api?latitude=25.190308&longitude=118.455086 HTTP/1.1" 200 19 "-" "she jian lu xing/1.11 (iPhone; iOS 8.1.3; Scale/2.00)"
110.81.120.224 - - [20/Feb/2015:15:12:10 +0800] "POST /city/version.json HTTP/1.1" 200 70 "-" "she jian lu xing/1.11 (iPhone; iOS 8.1.3; Scale/2.00)"
110.81.120.224 - - [20/Feb/2015:15:12:10 +0800] "POST /city/list.json HTTP/1.1" 200 1821 "-" "she jian lu xing/1.11 (iPhone; iOS 8.1.3; Scale/2.00)"
117.136.3.253 - - [20/Feb/2015:15:12:10 +0800] "GET /google/map/api?latitude=43.942935&longitude=116.097072 HTTP/1.1" 200 19 "-" "-"
110.81.120.224 - - [20/Feb/2015:15:12:16 +0800] "POST /city/info.json HTTP/1.1" 200 14118 "-" "she jian lu xing/1.11 (iPhone; iOS 8.1.3; Scale/2.00)"
110.81.120.224 - - [20/Feb/2015:15:12:23 +0800] "POST /restaurant/search.json HTTP/1.1" 200 5398 "-" "she jian lu xing/1.11 (iPhone; iOS 8.1.3; Scale/2.00)"
60.16.128.81 - - [20/Feb/2015:15:12:42 +0800] "GET /google/map/api?latitude=41.864452&longitude=123.415364 HTTP/1.1" 200 19 "-" "-"
118.139.254.250 - - [20/Feb/2015:15:13:09 +0800] "GET /google/map/api?latitude=35.841247&longitude=129.211284 HTTP/1.1" 200 19 "-" "-"
220.248.175.104 - - [20/Feb/2015:15:13:58 +0800] "GET /google/map/api?latitude=30.339836&longitude=103.424366 HTTP/1.1" 200 19 "-" "-"
180.165.66.20 - - [20/Feb/2015:15:14:51 +0800] "POST /application/list.json HTTP/1.1" 200 1381 "-" "she jian lu xing/1.11 (iPhone; iOS 8.1.3; Scale/2.00)"
180.165.66.20 - - [20/Feb/2015:15:14:52 +0800] "GET /google/map/api?latitude=31.093527&longitude=121.740547 HTTP/1.1" 200 19 "-" "she jian lu xing/1.11 (iPhone; iOS 8.1.3; Scale/2.00)"
180.165.66.20 - - [20/Feb/2015:15:14:55 +0800] "POST /city/version.json HTTP/1.1" 200 70 "-" "she jian lu xing/1.11 (iPhone; iOS 8.1.3; Scale/2.00)"
180.165.66.20 - - [20/Feb/2015:15:14:55 +0800] "POST /city/list.json HTTP/1.1" 200 1821 "-" "she jian lu xing/1.11 (iPhone; iOS 8.1.3; Scale/2.00)"
180.165.66.20 - - [20/Feb/2015:15:15:01 +0800] "POST /city/info.json HTTP/1.1" 200 14626 "-" "she jian lu xing/1.11 (iPhone; iOS 8.1.3; Scale/2.00)"
222.85.88.145 - - [20/Feb/2015:15:15:02 +0800] "GET /google/map/api?latitude=35.778815&longitude=115.094952 HTTP/1.1" 200 19 "-" "-"
180.165.66.20 - - [20/Feb/2015:15:15:03 +0800] "POST /article/list.json HTTP/1.1" 200 801 "-" "she jian lu xing/1.11 (iPhone; iOS 8.1.3; Scale/2.00)"
182.92.71.179 - - [20/Feb/2015:15:15:09 +0800] "POST /article/detail.json HTTP/1.0" 200 6154 "-" "MyAgent/1.0"
117.136.2.217 - - [20/Feb/2015:15:15:56 +0800] "GET /google/map/api?latitude=37.479808&longitude=114.939292 HTTP/1.1" 200 19 "-" "-"
125.34.85.200 - - [20/Feb/2015:15:16:05 +0800] "GET /google/map/api?latitude=40.123771&longitude=116.671447 HTTP/1.1" 200 19 "-" "-"
125.34.85.200 - - [20/Feb/2015:15:16:06 +0800] "POST /city/list.json HTTP/1.1" 200 1821 "-" "-"
125.34.85.200 - - [20/Feb/2015:15:16:11 +0800] "POST /city/list.json HTTP/1.1" 200 1821 "-" "-"
125.34.85.200 - - [20/Feb/2015:15:16:36 +0800] "POST /city/info.json HTTP/1.1" 200 13291 "-" "-"
125.34.85.200 - - [20/Feb/2015:15:16:36 +0800] "POST /city/info.json HTTP/1.1" 200 13291 "-" "-"
125.34.85.200 - - [20/Feb/2015:15:16:36 +0800] "POST /city/info.json HTTP/1.1" 200 13291 "-" "-"
182.92.71.179 - - [20/Feb/2015:15:17:04 +0800] "POST /article/detail.json HTTP/1.0" 200 6050 "-" "MyAgent/1.0"
125.34.85.200 - - [20/Feb/2015:15:17:19 +0800] "POST /city/info.json HTTP/1.1" 200 13291 "-" "-"
125.34.85.200 - - [20/Feb/2015:15:17:23 +0800] "POST /city/info.json HTTP/1.1" 200 13291 "-" "-"
117.136.1.55 - - [20/Feb/2015:15:17:49 +0800] "GET /google/map/api?latitude=38.989189&longitude=117.381995 HTTP/1.1" 200 19 "-" "-"
125.34.85.200 - - [20/Feb/2015:15:17:52 +0800] "POST /city/info.json HTTP/1.1" 200 13291 "-" "-"
125.34.85.200 - - [20/Feb/2015:15:18:00 +0800] "POST /eat/wanteat/list.json HTTP/1.1" 200 5468 "-" "-"
182.92.71.179 - - [20/Feb/2015:15:18:19 +0800] "POST /article/detail.json HTTP/1.0" 200 5612 "-" "MyAgent/1.0"
