36.62.202.83 - - [20/Feb/2015:16:53:21 +0800] "POST /comment/list.json HTTP/1.1" 200 69 "-" "she jian lu xing/1.11 (iPhone; iOS 8.1.2; Scale/2.00)"
36.62.202.83 - - [20/Feb/2015:16:53:22 +0800] "POST /comment/list.json HTTP/1.1" 200 69 "-" "she jian lu xing/1.11 (iPhone; iOS 8.1.2; Scale/2.00)"
203.160.81.92 - - [20/Feb/2015:16:55:41 +0800] "POST /restaurant/detail.json HTTP/1.1" 200 6996 "-" "she jian lu xing/1.11 (iPhone; iOS 8.0.2; Scale/2.00)"
203.160.81.92 - - [20/Feb/2015:16:55:41 +0800] "POST /restaurant/image.json HTTP/1.1" 200 231 "-" "she jian lu xing/1.11 (iPhone; iOS 8.0.2; Scale/2.00)"
218.11.78.56 - - [20/Feb/2015:16:57:24 +0800] "POST /user/login.json HTTP/1.1" 200 307 "-" "she jian lu xing/1.11 (iPhone; iOS 8.1.3; Scale/2.00)"
218.11.78.56 - - [20/Feb/2015:16:57:24 +0800] "POST /application/list.json HTTP/1.1" 200 1381 "-" "she jian lu xing/1.11 (iPhone; iOS 8.1.3; Scale/2.00)"
218.11.78.56 - - [20/Feb/2015:16:57:26 +0800] "GET /google/map/api?latitude=36.916317&longitude=114.871819 HTTP/1.1" 200 19 "-" "she jian lu xing/1.11 (iPhone; iOS 8.1.3; Scale/2.00)"
218.11.78.56 - - [20/Feb/2015:16:57:26 +0800] "POST /eat/list/sync.json HTTP/1.1" 200 59 "-" "she jian lu xing/1.11 (iPhone; iOS 8.1.3; Scale/2.00)"
203.160.81.92 - - [20/Feb/2015:16:59:48 +0800] "POST /restaurant/detail.json HTTP/1.1" 200 6995 "-" "she jian lu xing/1.11 (iPhone; iOS 8.0.2; Scale/2.00)"
203.160.81.92 - - [20/Feb/2015:16:59:48 +0800] "POST /restaurant/image.json HTTP/1.1" 200 231 "-" "she jian lu xing/1.11 (iPhone; iOS 8.0.2; Scale/2.00)"
123.179.200.222 - - [20/Feb/2015:17:00:27 +0800] "POST /city/info.json HTTP/1.1" 200 13591 "-" "-"
123.179.200.222 - - [20/Feb/2015:17:00:31 +0800] "POST /city/info.json HTTP/1.1" 200 13591 "-" "-"
123.179.200.222 - - [20/Feb/2015:17:00:36 +0800] "POST /restaurant/search.json HTTP/1.1" 200 6239 "-" "-"
123.179.200.222 - - [20/Feb/2015:17:00:59 +0800] "POST /restaurant/search.json HTTP/1.1" 200 1985 "-" "-"
59.172.110.80 - - [20/Feb/2015:17:01:07 +0800] "POST /application/list.json HTTP/1.1" 200 1381 "-" "she jian lu xing/1.11 (iPhone; iOS 8.0; Scale/2.00)"
59.172.110.80 - - [20/Feb/2015:17:01:11 +0800] "GET /google/map/api?latitude=30.523621&longitude=114.508080 HTTP/1.1" 200 19 "-" "she jian lu xing/1.11 (iPhone; iOS 8.0; Scale/2.00)"
59.172.110.80 - - [20/Feb/2015:17:01:13 +0800] "POST /city/version.json HTTP/1.1" 200 70 "-" "she jian lu xing/1.11 (iPhone; iOS 8.0; Scale/2.00)"
59.172.110.80 - - [20/Feb/2015:17:01:13 +0800] "POST /city/list.json HTTP/1.1" 200 1821 "-" "she jian lu xing/1.11 (iPhone; iOS 8.0; Scale/2.00)"
59.172.110.80 - - [20/Feb/2015:17:01:51 +0800] "POST /city/version.json HTTP/1.1" 200 70 "-" "she jian lu xing/1.11 (iPhone; iOS 8.0; Scale/2.00)"
59.172.110.80 - - [20/Feb/2015:17:01:56 +0800] "POST /city/info.json HTTP/1.1" 200 13291 "-" "she jian lu xing/1.11 (iPhone; iOS 8.0; Scale/2.00)"
182.92.71.179 - - [20/Feb/2015:17:02:00 +0800] "POST /article/detail.json HTTP/1.0" 200 5937 "-" "MyAgent/1.0"
59.172.110.80 - - [20/Feb/2015:17:02:30 +0800] "POST /restaurant/search.json HTTP/1.1" 200 4950 "-" "she jian lu xing/1.11 (iPhone; iOS 8.0; Scale/2.00)"
59.172.110.80 - - [20/Feb/2015:17:02:53 +0800] "POST /restaurant/search.json HTTP/1.1" 200 4800 "-" "she jian lu xing/1.11 (iPhone; iOS 8.0; Scale/2.00)"
183.149.23.225 - - [20/Feb/2015:17:02:59 +0800] "POST /city/list.json HTTP/1.1" 200 1821 "-" "-"
183.149.23.225 - - [20/Feb/2015:17:03:00 +0800] "POST /city/info.json HTTP/1.1" 200 13291 "-" "-"
59.172.110.80 - - [20/Feb/2015:17:03:01 +0800] "POST /restaurant/search.json HTTP/1.1" 200 4947 "-" "she jian lu xing/1.11 (iPhone; iOS 8.0; Scale/2.00)"
183.149.23.225 - - [20/Feb/2015:17:03:04 +0800] "POST /city/info.json HTTP/1.1" 200 13291 "-" "-"
59.172.110.80 - - [20/Feb/2015:17:03:13 +0800] "POST /restaurant/search.json HTTP/1.1" 200 5020 "-" "she jian lu xing/1.11 (iPhone; iOS 8.0; Scale/2.00)"
183.149.23.225 - - [20/Feb/2015:17:03:15 +0800] "POST /restaurant/search.json HTTP/1.1" 200 4713 "-" "-"
59.172.110.80 - - [20/Feb/2015:17:03:22 +0800] "POST /restaurant/search.json HTTP/1.1" 200 5174 "-" "she jian lu xing/1.11 (iPhone; iOS 8.0; Scale/2.00)"
183.149.23.225 - - [20/Feb/2015:17:03:22 +0800] "POST /restaurant/detail.json HTTP/1.1" 200 6394 "-" "-"
182.92.71.179 - - [20/Feb/2015:17:03:33 +0800] "POST /article/detail.json HTTP/1.0" 200 3567 "-" "MyAgent/1.0"
183.149.23.225 - - [20/Feb/2015:17:03:35 +0800] "POST /restaurant/image.json HTTP/1.1" 200 557 "-" "-"
59.172.110.80 - - [20/Feb/2015:17:03:38 +0800] "POST /restaurant/search.json HTTP/1.1" 200 5242 "-" "she jian lu xing/1.11 (iPhone; iOS 8.0; Scale/2.00)"
203.160.81.91 - - [20/Feb/2015:17:03:39 +0800] "POST /application/list.json HTTP/1.1" 200 1381 "-" "she jian lu xing/1.11 (iPhone; iOS 8.1.3; Scale/2.00)"
203.160.81.91 - - [20/Feb/2015:17:03:39 +0800] "GET /google/map/api?latitude=35.003384&longitude=135.773331 HTTP/1.1" 200 11995 "-" "she jian lu xing/1.11 (iPhone; iOS 8.1.3; Scale/2.00)"
183.149.23.225 - - [20/Feb/2015:17:03:40 +0800] "POST /restaurant/image.json HTTP/1.1" 200 70 "-" "-"
183.149.23.225 - - [20/Feb/2015:17:03:41 +0800] "POST /restaurant/image.json HTTP/1.1" 200 70 "-" "-"
183.149.23.225 - - [20/Feb/2015:17:03:42 +0800] "POST /restaurant/image.json HTTP/1.1" 200 70 "-" "-"
183.149.23.225 - - [20/Feb/2015:17:03:43 +0800] "POST /restaurant/image.json HTTP/1.1" 200 70 "-" "-"
183.149.23.225 - - [20/Feb/2015:17:03:48 +0800] "POST /restaurant/search.json HTTP/1.1" 200 4784 "-" "-"
59.172.110.80 - - [20/Feb/2015:17:03:52 +0800] "POST /city/version.json HTTP/1.1" 200 70 "-" "she jian lu xing/1.11 (iPhone; iOS 8.0; Scale/2.00)"
203.160.81.91 - - [20/Feb/2015:17:03:53 +0800] "POST /article/list.json HTTP/1.1" 200 1124 "-" "she jian lu xing/1.11 (iPhone; iOS 8.1.3; Scale/2.00)"
183.149.23.225 - - [20/Feb/2015:17:03:54 +0800] "POST /restaurant/detail.json HTTP/1.1" 200 7689 "-" "-"
59.172.110.80 - - [20/Feb/2015:17:03:58 +0800] "POST /city/info.json HTTP/1.1" 200 14644 "-" "she jian lu xing/1.11 (iPhone; iOS 8.0; Scale/2.00)"
59.172.110.80 - - [20/Feb/2015:17:04:04 +0800] "POST /restaurant/search.json HTTP/1.1" 200 4835 "-" "she jian lu xing/1.11 (iPhone; iOS 8.0; Scale/2.00)"
119.118.199.58 - - [20/Feb/2015:17:04:04 +0800] "POST /city/list.json HTTP/1.1" 200 1821 "-" "-"
183.149.23.225 - - [20/Feb/2015:17:04:05 +0800] "POST /city/info.json HTTP/1.1" 200 13291 "-" "-"
119.118.199.58 - - [20/Feb/2015:17:04:08 +0800] "GET /google/map/api?latitude=41.809926&longitude=123.395009 HTTP/1.1" 200 19 "-" "-"
183.149.23.225 - - [20/Feb/2015:17:04:08 +0800] "POST /city/info.json HTTP/1.1" 200 13291 "-" "-"
119.118.199.58 - - [20/Feb/2015:17:04:11 +0800] "POST /city/list.json HTTP/1.1" 200 1821 "-" "-"
59.172.110.80 - - [20/Feb/2015:17:04:12 +0800] "POST /restaurant/search.json HTTP/1.1" 200 4837 "-" "she jian lu xing/1.11 (iPhone; iOS 8.0; Scale/2.00)"
183.149.23.225 - - [20/Feb/2015:17:04:12 +0800] "POST /city/list.json HTTP/1.1" 200 1821 "-" "-"
183.149.23.225 - - [20/Feb/2015:17:04:19 +0800] "POST /city/info.json HTTP/1.1" 200 14626 "-" "-"
183.149.23.225 - - [20/Feb/2015:17:04:25 +0800] "POST /restaurant/search.json HTTP/1.1" 200 4727 "-" "-"
59.172.110.80 - - [20/Feb/2015:17:04:27 +0800] "POST /restaurant/search.json HTTP/1.1" 200 4704 "-" "she jian lu xing/1.11 (iPhone; iOS 8.0; Scale/2.00)"
183.149.23.225 - - [20/Feb/2015:17:04:32 +0800] "POST /restaurant/detail.json HTTP/1.1" 200 6619 "-" "-"
203.160.81.91 - - [20/Feb/2015:17:04:39 +0800] "POST /restaurant/search.json HTTP/1.1" 200 4687 "-" "she jian lu xing/1.11 (iPhone; iOS 8.1.3; Scale/2.00)"
203.160.81.91 - - [20/Feb/2015:17:04:56 +0800] "POST /restaurant/search.json HTTP/1.1" 200 3141 "-" "she jian lu xing/1.11 (iPhone; iOS 8.1.3; Scale/2.00)"
203.160.81.91 - - [20/Feb/2015:17:05:15 +0800] "POST /restaurant/detail.json HTTP/1.1" 200 4385 "-" "she jian lu xing/1.11 (iPhone; iOS 8.1.3; Scale/2.00)"
203.160.81.91 - - [20/Feb/2015:17:05:16 +0800] "POST /restaurant/image.json HTTP/1.1" 200 252 "-" "she jian lu xing/1.11 (iPhone; iOS 8.1.3; Scale/2.00)"
203.160.81.91 - - [20/Feb/2015:17:05:28 +0800] "POST /restaurant/search.json HTTP/1.1" 200 3140 "-" "she jian lu xing/1.11 (iPhone; iOS 8.1.3; Scale/2.00)"
203.160.81.91 - - [20/Feb/2015:17:05:37 +0800] "POST /restaurant/search.json HTTP/1.1" 200 3163 "-" "she jian lu xing/1.11 (iPhone; iOS 8.1.3; Scale/2.00)"
203.160.81.91 - - [20/Feb/2015:17:05:50 +0800] "POST /restaurant/search.json HTTP/1.1" 200 3132 "-" "she jian lu xing/1.11 (iPhone; iOS 8.1.3; Scale/2.00)"
203.160.81.91 - - [20/Feb/2015:17:06:14 +0800] "POST /restaurant/detail.json HTTP/1.1" 200 4141 "-" "she jian lu xing/1.11 (iPhone; iOS 8.1.3; Scale/2.00)"
203.160.81.91 - - [20/Feb/2015:17:06:15 +0800] "POST /restaurant/image.json HTTP/1.1" 200 214 "-" "she jian lu xing/1.11 (iPhone; iOS 8.1.3; Scale/2.00)"
182.92.71.179 - - [20/Feb/2015:17:06:20 +0800] "POST /article/detail.json HTTP/1.0" 200 4888 "-" "MyAgent/1.0"
218.11.78.56 - - [20/Feb/2015:17:06:26 +0800] "POST /city/version.json HTTP/1.1" 200 70 "-" "she jian lu xing/1.11 (iPhone; iOS 8.1.3; Scale/2.00)"
218.11.78.56 - - [20/Feb/2015:17:06:30 +0800] "POST /city/info.json HTTP/1.1" 200 13591 "-" "she jian lu xing/1.11 (iPhone; iOS 8.1.3; Scale/2.00)"
218.11.78.56 - - [20/Feb/2015:17:06:41 +0800] "POST /restaurant/search.json HTTP/1.1" 200 6313 "-" "she jian lu xing/1.11 (iPhone; iOS 8.1.3; Scale/2.00)"
218.11.78.56 - - [20/Feb/2015:17:06:58 +0800] "POST /restaurant/detail.json HTTP/1.1" 200 5749 "-" "she jian lu xing/1.11 (iPhone; iOS 8.1.3; Scale/2.00)"
218.11.78.56 - - [20/Feb/2015:17:06:58 +0800] "POST /restaurant/image.json HTTP/1.1" 200 183 "-" "she jian lu xing/1.11 (iPhone; iOS 8.1.3; Scale/2.00)"
118.9.114.79 - - [20/Feb/2015:17:07:19 +0800] "POST /application/list.json HTTP/1.1" 200 1381 "-" "she jian lu xing/1.11 (iPhone; iOS 7.0.3; Scale/2.00)"
118.9.114.79 - - [20/Feb/2015:17:07:22 +0800] "GET /google/map/api?latitude=35.845093&longitude=139.534531 HTTP/1.1" 200 11323 "-" "she jian lu xing/1.11 (iPhone; iOS 7.0.3; Scale/2.00)"
118.9.114.79 - - [20/Feb/2015:17:07:30 +0800] "POST /restaurant/search.json HTTP/1.1" 200 4798 "-" "she jian lu xing/1.11 (iPhone; iOS 7.0.3; Scale/2.00)"
118.9.114.79 - - [20/Feb/2015:17:07:35 +0800] "POST /restaurant/detail.json HTTP/1.1" 200 6621 "-" "she jian lu xing/1.11 (iPhone; iOS 7.0.3; Scale/2.00)"
118.9.114.79 - - [20/Feb/2015:17:07:35 +0800] "POST /restaurant/image.json HTTP/1.1" 200 203 "-" "she jian lu xing/1.11 (iPhone; iOS 7.0.3; Scale/2.00)"
118.9.114.79 - - [20/Feb/2015:17:07:52 +0800] "POST /restaurant/search.json HTTP/1.1" 200 83 "-" "she jian lu xing/1.11 (iPhone; iOS 7.0.3; Scale/2.00)"
1.115.196.157 - - [20/Feb/2015:17:07:55 +0800] "POST /restaurant/search.json HTTP/1.1" 200 1361 "-" "-"
218.11.78.56 - - [20/Feb/2015:17:08:19 +0800] "POST /restaurant/search.json HTTP/1.1" 200 3931 "-" "she jian lu xing/1.11 (iPhone; iOS 8.1.3; Scale/2.00)"
118.9.114.79 - - [20/Feb/2015:17:08:25 +0800] "POST /restaurant/search.json HTTP/1.1" 200 2536 "-" "she jian lu xing/1.11 (iPhone; iOS 7.0.3; Scale/2.00)"
123.179.200.222 - - [20/Feb/2015:17:08:31 +0800] "POST /eat/wanteat/list.json HTTP/1.1" 200 5543 "-" "-"
123.179.200.222 - - [20/Feb/2015:17:08:44 +0800] "POST /user/check.json HTTP/1.1" 200 70 "-" "-"
123.179.200.222 - - [20/Feb/2015:17:08:44 +0800] "POST /user/regist.json HTTP/1.1" 200 302 "-" "-"
123.179.200.222 - - [20/Feb/2015:17:08:44 +0800] "POST /eat/list/sync.json HTTP/1.1" 200 59 "-" "-"
123.179.200.222 - - [20/Feb/2015:17:08:44 +0800] "POST /user/base/info.json HTTP/1.1" 200 270 "-" "-"
123.179.200.222 - - [20/Feb/2015:17:08:45 +0800] "POST /user/comment/list.json HTTP/1.1" 200 69 "-" "-"
218.11.78.56 - - [20/Feb/2015:17:08:50 +0800] "POST /city/version.json HTTP/1.1" 200 70 "-" "she jian lu xing/1.11 (iPhone; iOS 8.1.3; Scale/2.00)"
218.11.78.56 - - [20/Feb/2015:17:08:59 +0800] "POST /city/info.json HTTP/1.1" 200 14626 "-" "she jian lu xing/1.11 (iPhone; iOS 8.1.3; Scale/2.00)"
203.160.81.92 - - [20/Feb/2015:17:09:40 +0800] "POST /restaurant/search.json HTTP/1.1" 200 5181 "-" "she jian lu xing/1.11 (iPhone; iOS 8.0.2; Scale/2.00)"
203.160.81.92 - - [20/Feb/2015:17:09:48 +0800] "POST /restaurant/detail.json HTTP/1.1" 200 5673 "-" "she jian lu xing/1.11 (iPhone; iOS 8.0.2; Scale/2.00)"
203.160.81.92 - - [20/Feb/2015:17:09:48 +0800] "POST /restaurant/image.json HTTP/1.1" 200 218 "-" "she jian lu xing/1.11 (iPhone; iOS 8.0.2; Scale/2.00)"
203.160.81.91 - - [20/Feb/2015:17:10:08 +0800] "POST /restaurant/search.json HTTP/1.1" 200 4878 "-" "she jian lu xing/1.11 (iPhone; iOS 8.1.3; Scale/2.00)"
203.160.81.91 - - [20/Feb/2015:17:10:24 +0800] "POST /restaurant/search.json HTTP/1.1" 200 3845 "-" "she jian lu xing/1.11 (iPhone; iOS 8.1.3; Scale/2.00)"
203.160.81.91 - - [20/Feb/2015:17:11:09 +0800] "POST /restaurant/search.json HTTP/1.1" 200 3590 "-" "she jian lu xing/1.11 (iPhone; iOS 8.1.3; Scale/2.00)"
210.142.92.91 - - [20/Feb/2015:17:11:29 +0800] "POST /application/list.json HTTP/1.1" 200 1381 "-" "she jian lu xing/1.11 (iPhone; iOS 8.1.2; Scale/2.00)"
210.142.92.91 - - [20/Feb/2015:17:11:29 +0800] "GET /google/map/api?latitude=35.011909&longitude=135.778793 HTTP/1.1" 200 11994 "-" "she jian lu xing/1.11 (iPhone; iOS 8.1.2; Scale/2.00)"
203.160.81.91 - - [20/Feb/2015:17:11:34 +0800] "POST /restaurant/detail.json HTTP/1.1" 200 5664 "-" "she jian lu xing/1.11 (iPhone; iOS 8.1.3; Scale/2.00)"
203.160.81.91 - - [20/Feb/2015:17:11:34 +0800] "POST /restaurant/image.json HTTP/1.1" 200 215 "-" "she jian lu xing/1.11 (iPhone; iOS 8.1.3; Scale/2.00)"
203.160.81.91 - - [20/Feb/2015:17:11:48 +0800] "POST /restaurant/detail.json HTTP/1.1" 200 5126 "-" "she jian lu xing/1.11 (iPhone; iOS 8.1.3; Scale/2.00)"
203.160.81.91 - - [20/Feb/2015:17:11:49 +0800] "POST /restaurant/image.json HTTP/1.1" 200 205 "-" "she jian lu xing/1.11 (iPhone; iOS 8.1.3; Scale/2.00)"
210.142.92.91 - - [20/Feb/2015:17:11:53 +0800] "POST /restaurant/search.json HTTP/1.1" 200 83 "-" "she jian lu xing/1.11 (iPhone; iOS 8.1.2; Scale/2.00)"
210.142.92.91 - - [20/Feb/2015:17:12:07 +0800] "POST /restaurant/search.json HTTP/1.1" 200 83 "-" "she jian lu xing/1.11 (iPhone; iOS 8.1.2; Scale/2.00)"
120.4.115.144 - - [20/Feb/2015:17:14:48 +0800] "POST /city/list.json HTTP/1.1" 200 1821 "-" "-"
120.4.115.144 - - [20/Feb/2015:17:14:52 +0800] "POST /city/info.json HTTP/1.1" 200 13291 "-" "-"
120.4.115.144 - - [20/Feb/2015:17:14:56 +0800] "POST /city/info.json HTTP/1.1" 200 13291 "-" "-"
120.4.115.144 - - [20/Feb/2015:17:15:04 +0800] "POST /city/list.json HTTP/1.1" 200 1821 "-" "-"
120.4.115.144 - - [20/Feb/2015:17:15:16 +0800] "POST /city/info.json HTTP/1.1" 200 14626 "-" "-"
120.4.115.144 - - [20/Feb/2015:17:15:33 +0800] "POST /eat/wanteat/list.json HTTP/1.1" 200 2072 "-" "-"
203.160.81.94 - - [20/Feb/2015:17:15:43 +0800] "POST /application/list.json HTTP/1.1" 200 1381 "-" "she jian lu xing/1.11 (iPhone; iOS 8.1.3; Scale/2.00)"
203.160.81.94 - - [20/Feb/2015:17:15:50 +0800] "POST /city/version.json HTTP/1.1" 200 70 "-" "she jian lu xing/1.11 (iPhone; iOS 8.1.3; Scale/2.00)"
120.4.115.144 - - [20/Feb/2015:17:15:52 +0800] "POST /restaurant/search.json HTTP/1.1" 200 2965 "-" "-"
203.160.81.94 - - [20/Feb/2015:17:15:54 +0800] "POST /city/info.json HTTP/1.1" 200 14644 "-" "she jian lu xing/1.11 (iPhone; iOS 8.1.3; Scale/2.00)"
203.160.81.94 - - [20/Feb/2015:17:16:06 +0800] "POST /restaurant/search.json HTTP/1.1" 200 5222 "-" "she jian lu xing/1.11 (iPhone; iOS 8.1.3; Scale/2.00)"
203.160.81.94 - - [20/Feb/2015:17:16:12 +0800] "POST /restaurant/search.json HTTP/1.1" 200 2483 "-" "she jian lu xing/1.11 (iPhone; iOS 8.1.3; Scale/2.00)"
60.16.128.81 - - [20/Feb/2015:17:16:12 +0800] "GET /google/map/api?latitude=41.864652&longitude=123.415586 HTTP/1.1" 200 19 "-" "-"
120.4.115.144 - - [20/Feb/2015:17:16:16 +0800] "POST /restaurant/search.json HTTP/1.1" 200 3438 "-" "-"
203.160.81.94 - - [20/Feb/2015:17:16:26 +0800] "POST /restaurant/detail.json HTTP/1.1" 200 2869 "-" "she jian lu xing/1.11 (iPhone; iOS 8.1.3; Scale/2.00)"
203.160.81.94 - - [20/Feb/2015:17:16:27 +0800] "POST /restaurant/image.json HTTP/1.1" 200 224 "-" "she jian lu xing/1.11 (iPhone; iOS 8.1.3; Scale/2.00)"
117.136.60.71 - - [20/Feb/2015:17:17:02 +0800] "POST /application/list.json HTTP/1.1" 200 1381 "-" "she jian lu xing/1.11 (iPhone; iOS 8.1; Scale/2.00)"
117.136.60.71 - - [20/Feb/2015:17:17:04 +0800] "GET /google/map/api?latitude=29.279274&longitude=117.178688 HTTP/1.1" 200 19 "-" "she jian lu xing/1.11 (iPhone; iOS 8.1; Scale/2.00)"
117.136.60.71 - - [20/Feb/2015:17:17:05 +0800] "POST /city/version.json HTTP/1.1" 200 70 "-" "she jian lu xing/1.11 (iPhone; iOS 8.1; Scale/2.00)"
117.136.60.71 - - [20/Feb/2015:17:17:06 +0800] "POST /city/list.json HTTP/1.1" 200 1821 "-" "she jian lu xing/1.11 (iPhone; iOS 8.1; Scale/2.00)"
117.136.60.71 - - [20/Feb/2015:17:17:13 +0800] "POST /city/info.json HTTP/1.1" 200 14626 "-" "she jian lu xing/1.11 (iPhone; iOS 8.1; Scale/2.00)"
117.136.60.71 - - [20/Feb/2015:17:17:22 +0800] "POST /city/version.json HTTP/1.1" 200 70 "-" "she jian lu xing/1.11 (iPhone; iOS 8.1; Scale/2.00)"
117.136.60.71 - - [20/Feb/2015:17:17:25 +0800] "POST /city/version.json HTTP/1.1" 200 70 "-" "she jian lu xing/1.11 (iPhone; iOS 8.1; Scale/2.00)"
117.136.60.71 - - [20/Feb/2015:17:17:33 +0800] "POST /city/info.json HTTP/1.1" 200 13591 "-" "she jian lu xing/1.11 (iPhone; iOS 8.1; Scale/2.00)"
117.136.60.71 - - [20/Feb/2015:17:17:35 +0800] "POST /restaurant/search.json HTTP/1.1" 200 6303 "-" "she jian lu xing/1.11 (iPhone; iOS 8.1; Scale/2.00)"
117.136.60.71 - - [20/Feb/2015:17:17:47 +0800] "POST /eat/wanteat/add.json HTTP/1.1" 200 80 "-" "she jian lu xing/1.11 (iPhone; iOS 8.1; Scale/2.00)"
27.253.251.6 - - [20/Feb/2015:17:20:24 +0800] "GET /google/map/api?latitude=35.691788&longitude=139.697830 HTTP/1.1" 200 11326 "-" "she jian lu xing/1.11 (iPhone; iOS 8.1.3; Scale/2.00)"
27.253.251.6 - - [20/Feb/2015:17:20:24 +0800] "POST /application/list.json HTTP/1.1" 200 1381 "-" "she jian lu xing/1.11 (iPhone; iOS 8.1.3; Scale/2.00)"
27.253.251.6 - - [20/Feb/2015:17:20:27 +0800] "POST /restaurant/search.json HTTP/1.1" 200 4940 "-" "she jian lu xing/1.11 (iPhone; iOS 8.1.3; Scale/2.00)"
27.253.251.6 - - [20/Feb/2015:17:20:32 +0800] "POST /restaurant/search.json HTTP/1.1" 200 2579 "-" "she jian lu xing/1.11 (iPhone; iOS 8.1.3; Scale/2.00)"
140.184.189.162 - - [20/Feb/2015:17:20:45 +0800] "GET /google/map/api?latitude=44.630702&longitude=-63.580607 HTTP/1.1" 200 19 "-" "-"
27.253.251.6 - - [20/Feb/2015:17:20:51 +0800] "POST /restaurant/coor/search.json HTTP/1.1" 200 4809 "-" "she jian lu xing/1.11 (iPhone; iOS 8.1.3; Scale/2.00)"
60.223.107.119 - - [20/Feb/2015:17:21:06 +0800] "POST /application/list.json HTTP/1.1" 200 1381 "-" "she jian lu xing/1.11 (iPhone; iOS 8.1.2; Scale/2.00)"
27.253.251.6 - - [20/Feb/2015:17:21:08 +0800] "POST /restaurant/detail.json HTTP/1.1" 200 5878 "-" "she jian lu xing/1.11 (iPhone; iOS 8.1.3; Scale/2.00)"
27.253.251.6 - - [20/Feb/2015:17:21:10 +0800] "POST /restaurant/image.json HTTP/1.1" 200 202 "-" "she jian lu xing/1.11 (iPhone; iOS 8.1.3; Scale/2.00)"
60.223.107.119 - - [20/Feb/2015:17:21:11 +0800] "POST /city/version.json HTTP/1.1" 200 70 "-" "she jian lu xing/1.11 (iPhone; iOS 8.1.2; Scale/2.00)"
60.223.107.119 - - [20/Feb/2015:17:21:11 +0800] "POST /city/list.json HTTP/1.1" 200 1821 "-" "she jian lu xing/1.11 (iPhone; iOS 8.1.2; Scale/2.00)"
60.223.107.119 - - [20/Feb/2015:17:21:56 +0800] "POST /restaurant/coor/search.json HTTP/1.1" 200 5145 "-" "she jian lu xing/1.11 (iPhone; iOS 8.1.2; Scale/2.00)"
60.223.107.119 - - [20/Feb/2015:17:22:19 +0800] "POST /restaurant/search.json HTTP/1.1" 200 2663 "-" "she jian lu xing/1.11 (iPhone; iOS 8.1.2; Scale/2.00)"
60.223.107.119 - - [20/Feb/2015:17:22:33 +0800] "POST /eat/wanteat/list.json HTTP/1.1" 200 3470 "-" "she jian lu xing/1.11 (iPhone; iOS 8.1.2; Scale/2.00)"
60.223.107.119 - - [20/Feb/2015:17:22:44 +0800] "POST /city/version.json HTTP/1.1" 200 70 "-" "she jian lu xing/1.11 (iPhone; iOS 8.1.2; Scale/2.00)"
36.45.150.98 - - [20/Feb/2015:17:22:51 +0800] "GET /google/map/api?latitude=34.313618&longitude=108.944427 HTTP/1.1" 200 19 "-" "-"
36.45.150.98 - - [20/Feb/2015:17:22:52 +0800] "POST /city/list.json HTTP/1.1" 200 1821 "-" "-"
36.45.150.98 - - [20/Feb/2015:17:22:56 +0800] "POST /city/list.json HTTP/1.1" 200 1821 "-" "-"
60.223.107.119 - - [20/Feb/2015:17:23:12 +0800] "POST /application/list.json HTTP/1.1" 200 1381 "-" "she jian lu xing/1.11 (iPhone; iOS 8.1.2; Scale/2.00)"
36.250.66.181 - - [20/Feb/2015:17:23:20 +0800] "POST /city/list.json HTTP/1.1" 200 1821 "-" "-"
36.250.66.181 - - [20/Feb/2015:17:23:21 +0800] "GET /google/map/api?latitude=28.618421&longitude=121.214014 HTTP/1.1" 200 19 "-" "-"
36.250.66.181 - - [20/Feb/2015:17:23:22 +0800] "POST /city/info.json HTTP/1.1" 200 13291 "-" "-"
36.250.66.181 - - [20/Feb/2015:17:23:23 +0800] "POST /city/info.json HTTP/1.1" 200 13291 "-" "-"
36.250.66.181 - - [20/Feb/2015:17:23:27 +0800] "POST /city/list.json HTTP/1.1" 200 1821 "-" "-"
183.59.122.167 - - [20/Feb/2015:17:23:28 +0800] "GET /google/map/api?latitude=23.6106&longitude=116.393454 HTTP/1.1" 200 19 "-" "-"
117.136.45.194 - - [20/Feb/2015:17:23:32 +0800] "POST /city/info.json HTTP/1.1" 200 10476 "-" "-"
117.136.45.194 - - [20/Feb/2015:17:23:33 +0800] "GET /google/map/api?latitude=33.532107&longitude=119.134638 HTTP/1.1" 200 19 "-" "-"
117.136.45.194 - - [20/Feb/2015:17:23:34 +0800] "POST /city/info.json HTTP/1.1" 200 10476 "-" "-"
36.250.66.181 - - [20/Feb/2015:17:23:36 +0800] "POST /restaurant/coor/search.json HTTP/1.1" 200 4754 "-" "-"
60.223.107.119 - - [20/Feb/2015:17:23:37 +0800] "POST /application/list.json HTTP/1.1" 200 1381 "-" "she jian lu xing/1.11 (iPhone; iOS 8.1.2; Scale/2.00)"
115.193.34.37 - - [20/Feb/2015:17:23:38 +0800] "POST /application/list.json HTTP/1.1" 200 1381 "-" "she jian lu xing/1.11 (iPhone; iOS 8.1.3; Scale/2.00)"
115.193.34.37 - - [20/Feb/2015:17:23:38 +0800] "GET /google/map/api?latitude=30.180439&longitude=120.250565 HTTP/1.1" 200 19 "-" "she jian lu xing/1.11 (iPhone; iOS 8.1.3; Scale/2.00)"
60.223.107.119 - - [20/Feb/2015:17:23:39 +0800] "POST /city/version.json HTTP/1.1" 200 70 "-" "she jian lu xing/1.11 (iPhone; iOS 8.1.2; Scale/2.00)"
36.250.66.181 - - [20/Feb/2015:17:23:44 +0800] "POST /city/info.json HTTP/1.1" 200 14626 "-" "-"
117.136.45.194 - - [20/Feb/2015:17:23:46 +0800] "POST /city/list.json HTTP/1.1" 200 1821 "-" "-"
27.100.128.243 - - [20/Feb/2015:17:23:49 +0800] "GET /google/map/api?latitude=33.249982&longitude=126.30455 HTTP/1.1" 200 8909 "-" "-"
27.100.128.243 - - [20/Feb/2015:17:23:50 +0800] "POST /city/list.json HTTP/1.1" 200 1821 "-" "-"
36.250.66.181 - - [20/Feb/2015:17:23:50 +0800] "POST /restaurant/coor/search.json HTTP/1.1" 200 3237 "-" "-"
36.250.66.181 - - [20/Feb/2015:17:24:01 +0800] "POST /restaurant/detail.json HTTP/1.1" 200 4026 "-" "-"
27.100.128.243 - - [20/Feb/2015:17:24:03 +0800] "POST /restaurant/search.json HTTP/1.1" 200 4813 "-" "-"
60.223.107.119 - - [20/Feb/2015:17:24:06 +0800] "POST /article/list.json HTTP/1.1" 200 1111 "-" "she jian lu xing/1.11 (iPhone; iOS 8.1.2; Scale/2.00)"
36.45.150.98 - - [20/Feb/2015:17:24:08 +0800] "POST /city/info.json HTTP/1.1" 200 14118 "-" "-"
36.45.150.98 - - [20/Feb/2015:17:24:08 +0800] "POST /city/info.json HTTP/1.1" 200 14118 "-" "-"
36.250.66.181 - - [20/Feb/2015:17:24:09 +0800] "POST /restaurant/search.json HTTP/1.1" 200 4727 "-" "-"
36.250.66.181 - - [20/Feb/2015:17:24:11 +0800] "POST /eat/wanteat/add.json HTTP/1.1" 200 80 "-" "-"
36.250.66.181 - - [20/Feb/2015:17:24:13 +0800] "POST /eat/wanteat/delete.json HTTP/1.1" 200 71 "-" "-"
36.250.66.181 - - [20/Feb/2015:17:24:14 +0800] "POST /eat/wanteat/add.json HTTP/1.1" 200 80 "-" "-"
36.45.150.98 - - [20/Feb/2015:17:24:20 +0800] "POST /restaurant/search.json HTTP/1.1" 200 5078 "-" "-"
175.223.15.229 - - [20/Feb/2015:17:24:45 +0800] "GET /google/map/api?latitude=35.85187&longitude=129.20545 HTTP/1.1" 200 19 "-" "-"
36.45.150.98 - - [20/Feb/2015:17:24:54 +0800] "GET /google/map/api?latitude=34.313762&longitude=108.944491 HTTP/1.1" 200 19 "-" "-"
36.45.150.98 - - [20/Feb/2015:17:24:55 +0800] "POST /city/info.json HTTP/1.1" 200 14118 "-" "-"
36.45.150.98 - - [20/Feb/2015:17:24:55 +0800] "POST /city/info.json HTTP/1.1" 200 14118 "-" "-"
27.100.128.243 - - [20/Feb/2015:17:24:59 +0800] "GET /google/map/api?latitude=33.249982&longitude=126.30455 HTTP/1.1" 200 8909 "-" "-"
27.100.128.243 - - [20/Feb/2015:17:25:00 +0800] "POST /city/info.json HTTP/1.1" 200 10478 "-" "-"
27.100.128.243 - - [20/Feb/2015:17:25:09 +0800] "POST /city/list.json HTTP/1.1" 200 1821 "-" "-"
60.223.107.119 - - [20/Feb/2015:17:25:19 +0800] "POST /city/info.json HTTP/1.1" 200 14118 "-" "she jian lu xing/1.11 (iPhone; iOS 8.1.2; Scale/2.00)"
119.72.195.14 - - [20/Feb/2015:17:25:39 +0800] "POST /application/list.json HTTP/1.1" 200 1381 "-" "she jian lu xing/1.11 (iPhone; iOS 8.1.2; Scale/2.00)"
119.72.195.14 - - [20/Feb/2015:17:25:40 +0800] "GET /google/map/api?latitude=41.758247&longitude=140.704437 HTTP/1.1" 200 6727 "-" "she jian lu xing/1.11 (iPhone; iOS 8.1.2; Scale/2.00)"
175.167.136.228 - - [20/Feb/2015:17:26:00 +0800] "POST /user/login.json HTTP/1.1" 200 294 "-" "-"
175.167.136.228 - - [20/Feb/2015:17:26:00 +0800] "POST /city/info.json HTTP/1.1" 200 14626 "-" "-"
175.167.136.228 - - [20/Feb/2015:17:26:00 +0800] "POST /city/info.json HTTP/1.1" 200 14626 "-" "-"
175.167.136.228 - - [20/Feb/2015:17:26:01 +0800] "GET /google/map/api?latitude=41.198327&longitude=123.194491 HTTP/1.1" 200 19 "-" "-"
175.167.136.228 - - [20/Feb/2015:17:26:03 +0800] "POST /eat/list/sync.json HTTP/1.1" 200 59 "-" "-"
119.72.195.14 - - [20/Feb/2015:17:26:04 +0800] "POST /restaurant/search.json HTTP/1.1" 200 2784 "-" "she jian lu xing/1.11 (iPhone; iOS 8.1.2; Scale/2.00)"
175.167.136.228 - - [20/Feb/2015:17:26:05 +0800] "POST /city/list.json HTTP/1.1" 200 1821 "-" "-"
175.167.136.228 - - [20/Feb/2015:17:26:24 +0800] "POST /user/base/info.json HTTP/1.1" 200 260 "-" "-"
175.167.136.228 - - [20/Feb/2015:17:26:24 +0800] "POST /user/comment/list.json HTTP/1.1" 200 69 "-" "-"
119.72.195.14 - - [20/Feb/2015:17:26:30 +0800] "POST /restaurant/search.json HTTP/1.1" 200 4979 "-" "she jian lu xing/1.11 (iPhone; iOS 8.1.2; Scale/2.00)"
119.72.195.14 - - [20/Feb/2015:17:26:54 +0800] "POST /restaurant/detail.json HTTP/1.1" 200 6118 "-" "she jian lu xing/1.11 (iPhone; iOS 8.1.2; Scale/2.00)"
119.72.195.14 - - [20/Feb/2015:17:26:54 +0800] "POST /restaurant/image.json HTTP/1.1" 200 234 "-" "she jian lu xing/1.11 (iPhone; iOS 8.1.2; Scale/2.00)"
175.167.136.228 - - [20/Feb/2015:17:27:04 +0800] "GET /google/map/api?latitude=41.198327&longitude=123.194491 HTTP/1.1" 200 19 "-" "-"
175.167.136.228 - - [20/Feb/2015:17:27:05 +0800] "POST /city/info.json HTTP/1.1" 200 14626 "-" "-"
175.167.136.228 - - [20/Feb/2015:17:27:05 +0800] "POST /city/info.json HTTP/1.1" 200 14626 "-" "-"
175.167.136.228 - - [20/Feb/2015:17:27:10 +0800] "POST /user/login.json HTTP/1.1" 200 294 "-" "-"
175.167.136.228 - - [20/Feb/2015:17:27:11 +0800] "POST /city/list.json HTTP/1.1" 200 1821 "-" "-"
175.167.136.228 - - [20/Feb/2015:17:27:15 +0800] "POST /eat/list/sync.json HTTP/1.1" 200 59 "-" "-"
36.45.150.98 - - [20/Feb/2015:17:27:34 +0800] "GET /google/map/api?latitude=34.313707&longitude=108.944434 HTTP/1.1" 200 19 "-" "-"
36.45.150.98 - - [20/Feb/2015:17:27:35 +0800] "POST /city/info.json HTTP/1.1" 200 14118 "-" "-"
36.45.150.98 - - [20/Feb/2015:17:27:35 +0800] "POST /city/info.json HTTP/1.1" 200 14118 "-" "-"
182.92.71.179 - - [20/Feb/2015:17:28:19 +0800] "POST /article/detail.json HTTP/1.0" 200 4888 "-" "MyAgent/1.0"
182.92.71.179 - - [20/Feb/2015:17:28:19 +0800] "POST /article/detail.json HTTP/1.0" 200 4888 "-" "MyAgent/1.0"
182.92.71.179 - - [20/Feb/2015:17:28:19 +0800] "POST /article/detail.json HTTP/1.0" 200 4888 "-" "MyAgent/1.0"
223.151.79.90 - - [20/Feb/2015:17:28:43 +0800] "POST /city/info.json HTTP/1.1" 200 13291 "-" "-"
223.151.79.90 - - [20/Feb/2015:17:28:47 +0800] "POST /city/info.json HTTP/1.1" 200 13291 "-" "-"
223.151.79.90 - - [20/Feb/2015:17:29:01 +0800] "POST /restaurant/coor/search.json HTTP/1.1" 200 4964 "-" "-"
223.151.79.90 - - [20/Feb/2015:17:29:08 +0800] "POST /eat/wanteat/list.json HTTP/1.1" 200 5468 "-" "-"
223.151.79.90 - - [20/Feb/2015:17:29:28 +0800] "POST /eat/wanteat/list.json HTTP/1.1" 200 4957 "-" "-"
223.151.79.90 - - [20/Feb/2015:17:29:44 +0800] "POST /eat/wanteat/list.json HTTP/1.1" 200 5246 "-" "-"
223.151.79.90 - - [20/Feb/2015:17:30:07 +0800] "POST /restaurant/detail.json HTTP/1.1" 200 8354 "-" "-"
211.142.189.202 - - [20/Feb/2015:17:31:46 +0800] "POST /city/info.json HTTP/1.1" 200 13291 "-" "-"
211.142.189.202 - - [20/Feb/2015:17:31:50 +0800] "POST /city/info.json HTTP/1.1" 200 13291 "-" "-"
119.72.195.14 - - [20/Feb/2015:17:32:11 +0800] "POST /restaurant/detail.json HTTP/1.1" 200 6044 "-" "she jian lu xing/1.11 (iPhone; iOS 8.1.2; Scale/2.00)"
119.72.195.14 - - [20/Feb/2015:17:32:11 +0800] "POST /restaurant/image.json HTTP/1.1" 200 218 "-" "she jian lu xing/1.11 (iPhone; iOS 8.1.2; Scale/2.00)"
211.142.189.202 - - [20/Feb/2015:17:32:17 +0800] "POST /eat/wanteat/list.json HTTP/1.1" 200 5468 "-" "-"
119.72.195.14 - - [20/Feb/2015:17:33:02 +0800] "POST /restaurant/detail.json HTTP/1.1" 200 6118 "-" "she jian lu xing/1.11 (iPhone; iOS 8.1.2; Scale/2.00)"
119.72.195.14 - - [20/Feb/2015:17:33:02 +0800] "POST /restaurant/image.json HTTP/1.1" 200 234 "-" "she jian lu xing/1.11 (iPhone; iOS 8.1.2; Scale/2.00)"
211.142.189.202 - - [20/Feb/2015:17:33:58 +0800] "POST /eat/wanteat/list.json HTTP/1.1" 200 4957 "-" "-"
222.130.141.109 - - [20/Feb/2015:17:35:53 +0800] "POST /city/info.json HTTP/1.1" 200 13291 "-" "-"
222.130.141.109 - - [20/Feb/2015:17:35:57 +0800] "POST /city/info.json HTTP/1.1" 200 13291 "-" "-"
222.130.141.109 - - [20/Feb/2015:17:36:06 +0800] "POST /restaurant/search.json HTTP/1.1" 200 3418 "-" "-"
222.130.141.109 - - [20/Feb/2015:17:36:24 +0800] "POST /eat/wanteat/list.json HTTP/1.1" 200 5468 "-" "-"
140.243.1.82 - - [20/Feb/2015:17:36:33 +0800] "GET /google/map/api?latitude=27.309224&longitude=120.212101 HTTP/1.1" 200 19 "-" "-"
203.160.81.93 - - [20/Feb/2015:17:38:23 +0800] "POST /application/list.json HTTP/1.1" 200 1381 "-" "she jian lu xing/1.11 (iPhone; iOS 8.1.3; Scale/2.00)"
124.237.164.12 - - [20/Feb/2015:17:38:24 +0800] "POST /city/info.json HTTP/1.1" 200 13291 "-" "-"
203.160.81.93 - - [20/Feb/2015:17:38:38 +0800] "GET /google/map/api?latitude=36.013027&longitude=138.126648 HTTP/1.1" 499 0 "-" "she jian lu xing/1.11 (iPhone; iOS 8.1.3; Scale/2.00)"
124.237.164.12 - - [20/Feb/2015:17:38:38 +0800] "POST /restaurant/search.json HTTP/1.1" 200 4889 "-" "-"
124.237.164.12 - - [20/Feb/2015:17:38:38 +0800] "POST /city/info.json HTTP/1.1" 499 0 "-" "-"
117.136.75.175 - - [20/Feb/2015:17:39:16 +0800] "GET /google/map/api?latitude=26.068606&longitude=119.253858 HTTP/1.1" 200 19 "-" "-"
124.237.164.12 - - [20/Feb/2015:17:39:33 +0800] "POST /eat/wanteat/list.json HTTP/1.1" 200 5468 "-" "-"
124.237.164.12 - - [20/Feb/2015:17:39:36 +0800] "POST /restaurant/detail.json HTTP/1.1" 200 6048 "-" "-"
124.237.164.12 - - [20/Feb/2015:17:39:58 +0800] "POST /city/list.json HTTP/1.1" 200 1821 "-" "-"
124.237.164.12 - - [20/Feb/2015:17:40:02 +0800] "POST /city/info.json HTTP/1.1" 200 13591 "-" "-"
124.237.164.12 - - [20/Feb/2015:17:40:32 +0800] "POST /restaurant/search.json HTTP/1.1" 200 6240 "-" "-"
124.237.164.12 - - [20/Feb/2015:17:40:37 +0800] "POST /restaurant/search.json HTTP/1.1" 200 5102 "-" "-"
123.234.19.46 - - [20/Feb/2015:17:40:44 +0800] "POST /city/info.json HTTP/1.1" 200 13291 "-" "-"
123.234.19.46 - - [20/Feb/2015:17:40:48 +0800] "POST /city/info.json HTTP/1.1" 200 13291 "-" "-"
140.184.189.162 - - [20/Feb/2015:17:42:45 +0800] "GET /google/map/api?latitude=44.63061&longitude=-63.580435 HTTP/1.1" 200 19 "-" "-"
122.142.122.36 - - [20/Feb/2015:17:43:25 +0800] "GET /google/map/api?latitude=43.700264&longitude=123.554723 HTTP/1.1" 200 19 "-" "-"
60.16.128.81 - - [20/Feb/2015:17:44:54 +0800] "GET /google/map/api?latitude=41.864639&longitude=123.415514 HTTP/1.1" 200 19 "-" "-"
183.59.122.167 - - [20/Feb/2015:17:45:00 +0800] "GET /google/map/api?latitude=23.6106&longitude=116.393454 HTTP/1.1" 200 19 "-" "-"
220.178.197.170 - - [20/Feb/2015:17:45:17 +0800] "GET /google/map/api?latitude=32.64506&longitude=116.996884 HTTP/1.1" 200 19 "-" "-"
117.136.77.188 - - [20/Feb/2015:17:45:18 +0800] "POST /city/info.json HTTP/1.1" 200 14644 "-" "-"
117.136.77.188 - - [20/Feb/2015:17:45:19 +0800] "GET /google/map/api?latitude=35.102232&longitude=117.1789 HTTP/1.1" 200 19 "-" "-"
117.136.77.188 - - [20/Feb/2015:17:45:21 +0800] "POST /city/info.json HTTP/1.1" 200 14644 "-" "-"
36.16.71.151 - - [20/Feb/2015:17:45:30 +0800] "GET /google/map/api?latitude=30.030505&longitude=120.25764 HTTP/1.1" 200 19 "-" "-"
140.184.189.162 - - [20/Feb/2015:17:45:42 +0800] "GET /google/map/api?latitude=44.630614&longitude=-63.580473 HTTP/1.1" 200 19 "-" "-"
220.248.175.104 - - [20/Feb/2015:17:47:40 +0800] "POST /city/info.json HTTP/1.1" 200 39028 "-" "-"
220.248.175.104 - - [20/Feb/2015:17:47:59 +0800] "POST /city/info.json HTTP/1.1" 200 20896 "-" "-"
220.248.175.104 - - [20/Feb/2015:17:47:59 +0800] "POST /city/list.json HTTP/1.1" 200 8562 "-" "-"
220.248.175.104 - - [20/Feb/2015:17:48:08 +0800] "POST /restaurant/search.json HTTP/1.1" 200 13176 "-" "-"
124.117.18.150 - - [20/Feb/2015:17:48:16 +0800] "GET /google/map/api?latitude=43.808448&longitude=87.636803 HTTP/1.1" 200 19 "-" "-"
36.16.71.151 - - [20/Feb/2015:17:48:19 +0800] "GET /google/map/api?latitude=30.033683&longitude=120.257316 HTTP/1.1" 200 19 "-" "-"
220.248.175.104 - - [20/Feb/2015:17:50:24 +0800] "POST /restaurant/coor/search.json HTTP/1.1" 200 9657 "-" "-"
140.184.189.162 - - [20/Feb/2015:17:52:48 +0800] "GET /google/map/api?latitude=44.630652&longitude=-63.58052 HTTP/1.1" 200 19 "-" "-"
119.72.195.14 - - [20/Feb/2015:17:53:38 +0800] "POST /restaurant/search.json HTTP/1.1" 200 4247 "-" "she jian lu xing/1.11 (iPhone; iOS 8.1.2; Scale/2.00)"
119.72.195.14 - - [20/Feb/2015:17:53:53 +0800] "POST /restaurant/search.json HTTP/1.1" 200 83 "-" "she jian lu xing/1.11 (iPhone; iOS 8.1.2; Scale/2.00)"
123.234.133.54 - - [20/Feb/2015:17:58:55 +0800] "POST /application/list.json HTTP/1.1" 200 1381 "-" "she jian lu xing/1.11 (iPhone; iOS 7.1.1; Scale/2.00)"
123.234.133.54 - - [20/Feb/2015:17:58:56 +0800] "POST /city/info.json HTTP/1.1" 200 13291 "-" "she jian lu xing/1.11 (iPhone; iOS 7.1.1; Scale/2.00)"
123.234.133.54 - - [20/Feb/2015:17:59:00 +0800] "POST /article/list.json HTTP/1.1" 200 1206 "-" "she jian lu xing/1.11 (iPhone; iOS 7.1.1; Scale/2.00)"
111.206.126.164 - - [20/Feb/2015:17:59:02 +0800] "POST /city/list.json HTTP/1.1" 200 1821 "-" "-"
111.206.126.164 - - [20/Feb/2015:17:59:03 +0800] "POST /city/info.json HTTP/1.1" 200 13291 "-" "-"
111.206.126.164 - - [20/Feb/2015:17:59:07 +0800] "POST /city/info.json HTTP/1.1" 200 13291 "-" "-"
111.206.126.164 - - [20/Feb/2015:17:59:08 +0800] "POST /city/list.json HTTP/1.1" 200 1821 "-" "-"
111.206.126.164 - - [20/Feb/2015:17:59:13 +0800] "POST /city/info.json HTTP/1.1" 200 14118 "-" "-"
123.234.133.54 - - [20/Feb/2015:17:59:18 +0800] "POST /article/list.json HTTP/1.1" 200 1206 "-" "she jian lu xing/1.11 (iPhone; iOS 7.1.1; Scale/2.00)"
111.206.126.164 - - [20/Feb/2015:17:59:18 +0800] "POST /restaurant/search.json HTTP/1.1" 200 5078 "-" "-"
182.92.71.179 - - [20/Feb/2015:17:59:22 +0800] "POST /article/detail.json HTTP/1.0" 200 4378 "-" "MyAgent/1.0"
182.92.71.179 - - [20/Feb/2015:17:59:33 +0800] "POST /article/detail.json HTTP/1.0" 200 4378 "-" "MyAgent/1.0"
110.180.203.208 - - [20/Feb/2015:18:00:57 +0800] "GET /google/map/api?latitude=40.084147&longitude=113.279293 HTTP/1.1" 200 19 "-" "-"
110.180.203.208 - - [20/Feb/2015:18:00:58 +0800] "POST /city/list.json HTTP/1.1" 200 1821 "-" "-"
110.180.203.208 - - [20/Feb/2015:18:01:07 +0800] "POST /city/list.json HTTP/1.1" 200 1821 "-" "-"
27.128.15.23 - - [20/Feb/2015:18:01:42 +0800] "POST /city/list.json HTTP/1.1" 200 1821 "-" "-"
27.128.15.23 - - [20/Feb/2015:18:01:43 +0800] "POST /city/info.json HTTP/1.1" 200 13291 "-" "-"
111.206.126.164 - - [20/Feb/2015:18:02:20 +0800] "POST /city/info.json HTTP/1.1" 200 14118 "-" "-"
111.206.126.164 - - [20/Feb/2015:18:02:23 +0800] "POST /city/list.json HTTP/1.1" 200 1821 "-" "-"
111.206.126.164 - - [20/Feb/2015:18:02:24 +0800] "POST /city/info.json HTTP/1.1" 200 14118 "-" "-"
110.180.203.208 - - [20/Feb/2015:18:02:25 +0800] "POST /city/info.json HTTP/1.1" 200 14080 "-" "-"
110.180.203.208 - - [20/Feb/2015:18:02:25 +0800] "POST /city/info.json HTTP/1.1" 200 14080 "-" "-"
111.206.126.164 - - [20/Feb/2015:18:02:28 +0800] "POST /city/info.json HTTP/1.1" 200 12416 "-" "-"
111.206.126.164 - - [20/Feb/2015:18:02:41 +0800] "POST /restaurant/search.json HTTP/1.1" 200 3680 "-" "-"
111.206.126.164 - - [20/Feb/2015:18:03:01 +0800] "POST /restaurant/detail.json HTTP/1.1" 200 4713 "-" "-"
111.206.126.164 - - [20/Feb/2015:18:03:12 +0800] "POST /restaurant/detail.json HTTP/1.1" 200 5199 "-" "-"
36.16.71.151 - - [20/Feb/2015:18:04:57 +0800] "GET /google/map/api?latitude=30.033559&longitude=120.257438 HTTP/1.1" 200 19 "-" "-"
175.170.116.97 - - [20/Feb/2015:18:05:43 +0800] "GET /google/map/api?latitude=39.398163&longitude=122.336056 HTTP/1.1" 200 19 "-" "-"
110.86.32.67 - - [20/Feb/2015:18:14:43 +0800] "POST /city/list.json HTTP/1.1" 200 1821 "-" "-"
110.86.32.67 - - [20/Feb/2015:18:14:44 +0800] "POST /city/info.json HTTP/1.1" 200 13291 "-" "-"
110.86.32.67 - - [20/Feb/2015:18:14:48 +0800] "POST /city/info.json HTTP/1.1" 200 13291 "-" "-"
110.86.32.67 - - [20/Feb/2015:18:15:10 +0800] "POST /eat/wanteat/list.json HTTP/1.1" 200 5468 "-" "-"
110.86.32.67 - - [20/Feb/2015:18:15:20 +0800] "POST /city/list.json HTTP/1.1" 200 1821 "-" "-"
110.86.32.67 - - [20/Feb/2015:18:17:25 +0800] "POST /restaurant/search.json HTTP/1.1" 200 5238 "-" "-"
123.165.213.169 - - [20/Feb/2015:18:21:15 +0800] "GET /google/map/api?latitude=45.725719&longitude=126.608334 HTTP/1.1" 200 19 "-" "-"
60.16.128.81 - - [20/Feb/2015:18:26:11 +0800] "GET /google/map/api?latitude=41.864686&longitude=123.415479 HTTP/1.1" 200 19 "-" "-"
113.157.253.132 - - [20/Feb/2015:18:26:58 +0800] "POST /city/info.json HTTP/1.1" 200 13291 "-" "-"
113.157.253.132 - - [20/Feb/2015:18:27:02 +0800] "POST /city/info.json HTTP/1.1" 200 13291 "-" "-"
113.157.253.132 - - [20/Feb/2015:18:27:07 +0800] "POST /restaurant/search.json HTTP/1.1" 200 4713 "-" "-"
113.157.253.132 - - [20/Feb/2015:18:28:04 +0800] "POST /restaurant/search.json HTTP/1.1" 200 4713 "-" "-"
58.214.48.214 - - [20/Feb/2015:18:28:14 +0800] "POST /city/list.json HTTP/1.1" 200 1821 "-" "-"
58.214.48.214 - - [20/Feb/2015:18:28:15 +0800] "POST /city/info.json HTTP/1.1" 200 13291 "-" "-"
58.214.48.214 - - [20/Feb/2015:18:28:19 +0800] "POST /city/info.json HTTP/1.1" 200 13291 "-" "-"
58.214.48.214 - - [20/Feb/2015:18:28:25 +0800] "POST /restaurant/search.json HTTP/1.1" 200 5238 "-" "-"
61.170.216.211 - - [20/Feb/2015:18:28:58 +0800] "GET /google/map/api?latitude=31.200552&longitude=121.423846 HTTP/1.1" 200 19 "-" "-"
140.184.189.162 - - [20/Feb/2015:18:29:01 +0800] "GET /google/map/api?latitude=44.630593&longitude=-63.580416 HTTP/1.1" 200 19 "-" "-"
175.223.15.229 - - [20/Feb/2015:18:29:21 +0800] "GET /google/map/api?latitude=35.85187&longitude=129.20545 HTTP/1.1" 200 19 "-" "-"
183.18.235.154 - - [20/Feb/2015:18:31:18 +0800] "GET /google/map/api?latitude=23.6106&longitude=116.393454 HTTP/1.1" 200 19 "-" "-"
110.86.32.67 - - [20/Feb/2015:18:32:18 +0800] "GET /google/map/api?latitude=24.473856&longitude=118.086963 HTTP/1.1" 200 19 "-" "-"
175.170.116.97 - - [20/Feb/2015:18:33:02 +0800] "GET /google/map/api?latitude=39.395309&longitude=122.339064 HTTP/1.1" 200 19 "-" "-"
110.180.203.208 - - [20/Feb/2015:18:33:22 +0800] "GET /google/map/api?latitude=40.084184&longitude=113.27928 HTTP/1.1" 200 19 "-" "-"
110.180.203.208 - - [20/Feb/2015:18:33:22 +0800] "POST /city/info.json HTTP/1.1" 200 14080 "-" "-"
110.180.203.208 - - [20/Feb/2015:18:33:23 +0800] "POST /city/info.json HTTP/1.1" 200 14080 "-" "-"
110.180.203.208 - - [20/Feb/2015:18:33:38 +0800] "POST /restaurant/search.json HTTP/1.1" 200 4665 "-" "-"
223.151.79.90 - - [20/Feb/2015:18:33:48 +0800] "GET /google/map/api?latitude=28.99742&longitude=111.720529 HTTP/1.1" 200 19 "-" "-"
182.92.71.179 - - [20/Feb/2015:18:34:28 +0800] "POST /article/detail.json HTTP/1.0" 200 3123 "-" "MyAgent/1.0"
140.184.189.162 - - [20/Feb/2015:18:34:53 +0800] "GET /google/map/api?latitude=44.630608&longitude=-63.580426 HTTP/1.1" 200 19 "-" "-"
119.51.195.88 - - [20/Feb/2015:18:36:18 +0800] "POST /application/list.json HTTP/1.1" 200 1381 "-" "she jian lu xing/1.11 (iPhone; iOS 8.1.3; Scale/2.00)"
119.51.195.88 - - [20/Feb/2015:18:36:19 +0800] "GET /google/map/api?latitude=43.866474&longitude=125.330688 HTTP/1.1" 200 19 "-" "she jian lu xing/1.11 (iPhone; iOS 8.1.3; Scale/2.00)"
175.252.144.15 - - [20/Feb/2015:18:36:36 +0800] "POST /application/list.json HTTP/1.1" 200 1381 "-" "she jian lu xing/1.11 (iPhone; iOS 8.1.3; Scale/2.00)"
175.252.144.15 - - [20/Feb/2015:18:36:37 +0800] "POST /restaurant/search.json HTTP/1.1" 200 5158 "-" "she jian lu xing/1.11 (iPhone; iOS 8.1.3; Scale/2.00)"
175.252.144.15 - - [20/Feb/2015:18:37:02 +0800] "POST /restaurant/detail.json HTTP/1.1" 200 6666 "-" "she jian lu xing/1.11 (iPhone; iOS 8.1.3; Scale/2.00)"
175.252.144.15 - - [20/Feb/2015:18:37:03 +0800] "POST /restaurant/image.json HTTP/1.1" 200 198 "-" "she jian lu xing/1.11 (iPhone; iOS 8.1.3; Scale/2.00)"
175.252.144.15 - - [20/Feb/2015:18:37:07 +0800] "POST /restaurant/detail.json HTTP/1.1" 200 6666 "-" "she jian lu xing/1.11 (iPhone; iOS 8.1.3; Scale/2.00)"
175.252.144.15 - - [20/Feb/2015:18:37:07 +0800] "POST /restaurant/image.json HTTP/1.1" 200 198 "-" "she jian lu xing/1.11 (iPhone; iOS 8.1.3; Scale/2.00)"
175.252.144.15 - - [20/Feb/2015:18:37:14 +0800] "POST /restaurant/detail.json HTTP/1.1" 200 7642 "-" "she jian lu xing/1.11 (iPhone; iOS 8.1.3; Scale/2.00)"
175.252.144.15 - - [20/Feb/2015:18:37:14 +0800] "POST /restaurant/image.json HTTP/1.1" 200 183 "-" "she jian lu xing/1.11 (iPhone; iOS 8.1.3; Scale/2.00)"
175.252.144.15 - - [20/Feb/2015:18:38:12 +0800] "POST /restaurant/detail.json HTTP/1.1" 200 6687 "-" "she jian lu xing/1.11 (iPhone; iOS 8.1.3; Scale/2.00)"
175.252.144.15 - - [20/Feb/2015:18:38:12 +0800] "POST /restaurant/image.json HTTP/1.1" 200 187 "-" "she jian lu xing/1.11 (iPhone; iOS 8.1.3; Scale/2.00)"
203.160.81.97 - - [20/Feb/2015:18:39:48 +0800] "POST /application/list.json HTTP/1.1" 200 1381 "-" "she jian lu xing/1.11 (iPhone; iOS 8.1.3; Scale/2.00)"
203.160.81.97 - - [20/Feb/2015:18:39:51 +0800] "GET /google/map/api?latitude=35.659451&longitude=138.654831 HTTP/1.1" 200 11323 "-" "she jian lu xing/1.11 (iPhone; iOS 8.1.3; Scale/2.00)"
203.160.81.97 - - [20/Feb/2015:18:40:04 +0800] "POST /restaurant/coor/search.json HTTP/1.1" 200 4604 "-" "she jian lu xing/1.11 (iPhone; iOS 8.1.3; Scale/2.00)"
140.184.189.162 - - [20/Feb/2015:18:40:25 +0800] "GET /google/map/api?latitude=44.630609&longitude=-63.580455 HTTP/1.1" 200 19 "-" "-"
203.160.81.97 - - [20/Feb/2015:18:40:47 +0800] "POST /restaurant/detail.json HTTP/1.1" 200 5447 "-" "she jian lu xing/1.11 (iPhone; iOS 8.1.3; Scale/2.00)"
203.160.81.97 - - [20/Feb/2015:18:40:48 +0800] "POST /restaurant/image.json HTTP/1.1" 200 203 "-" "she jian lu xing/1.11 (iPhone; iOS 8.1.3; Scale/2.00)"
203.160.81.97 - - [20/Feb/2015:18:41:35 +0800] "POST /restaurant/search.json HTTP/1.1" 200 4976 "-" "she jian lu xing/1.11 (iPhone; iOS 8.1.3; Scale/2.00)"
203.160.81.97 - - [20/Feb/2015:18:42:24 +0800] "POST /restaurant/search.json HTTP/1.1" 200 5425 "-" "she jian lu xing/1.11 (iPhone; iOS 8.1.3; Scale/2.00)"
119.72.195.42 - - [20/Feb/2015:18:42:38 +0800] "POST /application/list.json HTTP/1.1" 200 1381 "-" "she jian lu xing/1.11 (iPhone; iOS 8.1.2; Scale/2.00)"
119.72.195.42 - - [20/Feb/2015:18:42:39 +0800] "GET /google/map/api?latitude=41.764694&longitude=140.716492 HTTP/1.1" 200 6726 "-" "she jian lu xing/1.11 (iPhone; iOS 8.1.2; Scale/2.00)"
119.72.195.42 - - [20/Feb/2015:18:43:03 +0800] "POST /article/list.json HTTP/1.1" 200 893 "-" "she jian lu xing/1.11 (iPhone; iOS 8.1.2; Scale/2.00)"
119.72.195.42 - - [20/Feb/2015:18:43:14 +0800] "POST /restaurant/search.json HTTP/1.1" 200 4984 "-" "she jian lu xing/1.11 (iPhone; iOS 8.1.2; Scale/2.00)"
119.72.195.42 - - [20/Feb/2015:18:43:23 +0800] "POST /restaurant/detail.json HTTP/1.1" 200 6119 "-" "she jian lu xing/1.11 (iPhone; iOS 8.1.2; Scale/2.00)"
119.72.195.42 - - [20/Feb/2015:18:43:23 +0800] "POST /restaurant/image.json HTTP/1.1" 200 234 "-" "she jian lu xing/1.11 (iPhone; iOS 8.1.2; Scale/2.00)"
36.250.66.181 - - [20/Feb/2015:18:44:08 +0800] "POST /city/list.json HTTP/1.1" 200 1821 "-" "-"
36.250.66.181 - - [20/Feb/2015:18:44:10 +0800] "POST /city/info.json HTTP/1.1" 200 13291 "-" "-"
36.250.66.181 - - [20/Feb/2015:18:44:14 +0800] "POST /city/info.json HTTP/1.1" 200 13291 "-" "-"
118.251.227.131 - - [20/Feb/2015:18:45:46 +0800] "POST /city/info.json HTTP/1.1" 200 13591 "-" "-"
118.251.227.131 - - [20/Feb/2015:18:45:50 +0800] "POST /city/info.json HTTP/1.1" 200 13591 "-" "-"
175.170.116.97 - - [20/Feb/2015:18:46:34 +0800] "GET /google/map/api?latitude=39.398223&longitude=122.335777 HTTP/1.1" 200 19 "-" "-"
118.251.227.131 - - [20/Feb/2015:18:46:51 +0800] "POST /city/list.json HTTP/1.1" 200 1821 "-" "-"
220.178.197.170 - - [20/Feb/2015:18:47:22 +0800] "GET /google/map/api?latitude=32.645515&longitude=116.997138 HTTP/1.1" 200 19 "-" "-"
118.251.227.131 - - [20/Feb/2015:18:47:50 +0800] "POST /city/info.json HTTP/1.1" 200 12416 "-" "-"
118.251.227.131 - - [20/Feb/2015:18:48:13 +0800] "POST /restaurant/search.json HTTP/1.1" 200 2894 "-" "-"
118.251.227.131 - - [20/Feb/2015:18:49:02 +0800] "POST /city/info.json HTTP/1.1" 200 14118 "-" "-"
118.123.77.4 - - [20/Feb/2015:18:49:22 +0800] "POST /city/list.json HTTP/1.1" 200 1821 "-" "-"
118.251.227.131 - - [20/Feb/2015:18:49:24 +0800] "POST /restaurant/search.json HTTP/1.1" 200 4505 "-" "-"
118.123.77.4 - - [20/Feb/2015:18:49:27 +0800] "POST /city/list.json HTTP/1.1" 200 1821 "-" "-"
118.251.227.131 - - [20/Feb/2015:18:49:36 +0800] "POST /restaurant/detail.json HTTP/1.1" 200 5033 "-" "-"
118.123.77.4 - - [20/Feb/2015:18:49:41 +0800] "POST /city/info.json HTTP/1.1" 200 14626 "-" "-"
118.123.77.4 - - [20/Feb/2015:18:49:45 +0800] "POST /city/info.json HTTP/1.1" 200 14626 "-" "-"
118.251.227.131 - - [20/Feb/2015:18:50:00 +0800] "POST /restaurant/image.json HTTP/1.1" 200 468 "-" "-"
118.251.227.131 - - [20/Feb/2015:18:50:01 +0800] "POST /restaurant/image.json HTTP/1.1" 200 70 "-" "-"
118.251.227.131 - - [20/Feb/2015:18:50:04 +0800] "POST /restaurant/image.json HTTP/1.1" 200 70 "-" "-"
118.251.227.131 - - [20/Feb/2015:18:50:08 +0800] "POST /restaurant/image.json HTTP/1.1" 200 70 "-" "-"
118.251.227.131 - - [20/Feb/2015:18:50:11 +0800] "POST /restaurant/image.json HTTP/1.1" 200 70 "-" "-"
118.123.77.4 - - [20/Feb/2015:18:50:12 +0800] "POST /city/info.json HTTP/1.1" 200 10476 "-" "-"
118.251.227.131 - - [20/Feb/2015:18:50:14 +0800] "POST /restaurant/image.json HTTP/1.1" 200 70 "-" "-"
118.251.227.131 - - [20/Feb/2015:18:50:17 +0800] "POST /restaurant/image.json HTTP/1.1" 200 70 "-" "-"
123.234.133.54 - - [20/Feb/2015:18:50:28 +0800] "POST /restaurant/coor/search.json HTTP/1.1" 200 5325 "-" "she jian lu xing/1.11 (iPhone; iOS 7.1.1; Scale/2.00)"
118.251.227.131 - - [20/Feb/2015:18:50:53 +0800] "POST /restaurant/search.json HTTP/1.1" 200 3017 "-" "-"
118.251.227.131 - - [20/Feb/2015:18:51:00 +0800] "POST /eat/wanteat/list.json HTTP/1.1" 200 955 "-" "-"
118.251.227.131 - - [20/Feb/2015:18:51:41 +0800] "POST /restaurant/search.json HTTP/1.1" 200 5466 "-" "-"
118.251.227.131 - - [20/Feb/2015:18:51:54 +0800] "POST /restaurant/search.json HTTP/1.1" 200 83 "-" "-"
203.160.81.95 - - [20/Feb/2015:18:52:02 +0800] "POST /application/list.json HTTP/1.1" 200 1381 "-" "she jian lu xing/1.11 (iPhone; iOS 8.1.3; Scale/2.00)"
203.160.81.95 - - [20/Feb/2015:18:52:02 +0800] "GET /google/map/api?latitude=34.709393&longitude=135.499603 HTTP/1.1" 200 12463 "-" "she jian lu xing/1.11 (iPhone; iOS 8.1.3; Scale/2.00)"
203.160.81.95 - - [20/Feb/2015:18:52:13 +0800] "POST /restaurant/search.json HTTP/1.1" 200 5217 "-" "she jian lu xing/1.11 (iPhone; iOS 8.1.3; Scale/2.00)"
203.160.81.95 - - [20/Feb/2015:18:52:27 +0800] "POST /restaurant/detail.json HTTP/1.1" 200 5264 "-" "she jian lu xing/1.11 (iPhone; iOS 8.1.3; Scale/2.00)"
203.160.81.95 - - [20/Feb/2015:18:52:27 +0800] "POST /restaurant/image.json HTTP/1.1" 200 279 "-" "she jian lu xing/1.11 (iPhone; iOS 8.1.3; Scale/2.00)"
211.36.144.222 - - [20/Feb/2015:18:56:55 +0800] "POST /application/list.json HTTP/1.1" 200 1381 "-" "she jian lu xing/1.11 (iPhone; iOS 8.1.3; Scale/2.00)"
211.36.144.222 - - [20/Feb/2015:18:56:58 +0800] "GET /google/map/api?latitude=37.561005&longitude=126.993324 HTTP/1.1" 200 11379 "-" "she jian lu xing/1.11 (iPhone; iOS 8.1.3; Scale/2.00)"
36.250.66.181 - - [20/Feb/2015:18:58:36 +0800] "GET /google/map/api?latitude=28.448455&longitude=121.236448 HTTP/1.1" 200 19 "-" "-"
118.251.227.131 - - [20/Feb/2015:18:59:07 +0800] "POST /city/info.json HTTP/1.1" 200 14118 "-" "-"
222.65.131.69 - - [20/Feb/2015:19:06:45 +0800] "GET /google/map/api?latitude=31.191739&longitude=121.694644 HTTP/1.1" 200 19 "-" "-"
222.65.131.69 - - [20/Feb/2015:19:06:46 +0800] "POST /city/list.json HTTP/1.1" 200 1821 "-" "-"
222.65.131.69 - - [20/Feb/2015:19:06:47 +0800] "POST /city/info.json HTTP/1.1" 200 13291 "-" "-"
222.65.131.69 - - [20/Feb/2015:19:06:48 +0800] "POST /city/info.json HTTP/1.1" 200 13291 "-" "-"
110.86.32.67 - - [20/Feb/2015:19:06:57 +0800] "GET /google/map/api?latitude=24.473815&longitude=118.087042 HTTP/1.1" 200 19 "-" "-"
222.65.131.69 - - [20/Feb/2015:19:06:58 +0800] "POST /city/list.json HTTP/1.1" 200 1821 "-" "-"
